###############################################################################
#
# IAR ELF Linker V8.11.2.13589/W32 for ARM                24/Oct/2018  12:00:30
# Copyright 2007-2017 IAR Systems AB.
#
#    Output file  =  
#        D:\Zigbee\Software\Z-Stack Home
#        1.2.2a.44539\Projects\zstack\ZNP\CC2538\ZNP\Exe\ZNP.out.tmp
#    Map file     =  
#        D:\Zigbee\Software\Z-Stack Home
#        1.2.2a.44539\Projects\zstack\ZNP\CC2538\ZNP\List\ZNP.map
#    Command line =  
#        -f C:\Users\ADMINI~1\AppData\Local\Temp\EW528F.tmp
#        ("D:\Zigbee\Software\Z-Stack Home
#        1.2.2a.44539\Projects\zstack\ZNP\CC2538\ZNP\Obj\AF.o"
#        "D:\Zigbee\Software\Z-Stack Home
#        1.2.2a.44539\Projects\zstack\ZNP\CC2538\ZNP\Obj\armcm3flashutil.o"
#        "D:\Zigbee\Software\Z-Stack Home
#        1.2.2a.44539\Projects\zstack\ZNP\CC2538\ZNP\Obj\BindingTable.o"
#        "D:\Zigbee\Software\Z-Stack Home
#        1.2.2a.44539\Projects\zstack\ZNP\CC2538\ZNP\Obj\DebugTrace.o"
#        "D:\Zigbee\Software\Z-Stack Home
#        1.2.2a.44539\Projects\zstack\ZNP\CC2538\ZNP\Obj\hal_adc.o"
#        "D:\Zigbee\Software\Z-Stack Home
#        1.2.2a.44539\Projects\zstack\ZNP\CC2538\ZNP\Obj\hal_aes.o"
#        "D:\Zigbee\Software\Z-Stack Home
#        1.2.2a.44539\Projects\zstack\ZNP\CC2538\ZNP\Obj\hal_assert.o"
#        "D:\Zigbee\Software\Z-Stack Home
#        1.2.2a.44539\Projects\zstack\ZNP\CC2538\ZNP\Obj\hal_ccm.o"
#        "D:\Zigbee\Software\Z-Stack Home
#        1.2.2a.44539\Projects\zstack\ZNP\CC2538\ZNP\Obj\hal_drivers.o"
#        "D:\Zigbee\Software\Z-Stack Home
#        1.2.2a.44539\Projects\zstack\ZNP\CC2538\ZNP\Obj\hal_key.o"
#        "D:\Zigbee\Software\Z-Stack Home
#        1.2.2a.44539\Projects\zstack\ZNP\CC2538\ZNP\Obj\hal_lcd.o"
#        "D:\Zigbee\Software\Z-Stack Home
#        1.2.2a.44539\Projects\zstack\ZNP\CC2538\ZNP\Obj\hal_led.o"
#        "D:\Zigbee\Software\Z-Stack Home
#        1.2.2a.44539\Projects\zstack\ZNP\CC2538\ZNP\Obj\hal_sleep.o"
#        "D:\Zigbee\Software\Z-Stack Home
#        1.2.2a.44539\Projects\zstack\ZNP\CC2538\ZNP\Obj\hal_spi.o"
#        "D:\Zigbee\Software\Z-Stack Home
#        1.2.2a.44539\Projects\zstack\ZNP\CC2538\ZNP\Obj\hal_sys_ctrl.o"
#        "D:\Zigbee\Software\Z-Stack Home
#        1.2.2a.44539\Projects\zstack\ZNP\CC2538\ZNP\Obj\hal_systick.o"
#        "D:\Zigbee\Software\Z-Stack Home
#        1.2.2a.44539\Projects\zstack\ZNP\CC2538\ZNP\Obj\hal_uart.o"
#        "D:\Zigbee\Software\Z-Stack Home
#        1.2.2a.44539\Projects\zstack\ZNP\CC2538\ZNP\Obj\mac_autopend.o"
#        "D:\Zigbee\Software\Z-Stack Home
#        1.2.2a.44539\Projects\zstack\ZNP\CC2538\ZNP\Obj\mac_backoff_timer.o"
#        "D:\Zigbee\Software\Z-Stack Home
#        1.2.2a.44539\Projects\zstack\ZNP\CC2538\ZNP\Obj\mac_cfg.o"
#        "D:\Zigbee\Software\Z-Stack Home
#        1.2.2a.44539\Projects\zstack\ZNP\CC2538\ZNP\Obj\mac_csp_tx.o"
#        "D:\Zigbee\Software\Z-Stack Home
#        1.2.2a.44539\Projects\zstack\ZNP\CC2538\ZNP\Obj\mac_low_level.o"
#        "D:\Zigbee\Software\Z-Stack Home
#        1.2.2a.44539\Projects\zstack\ZNP\CC2538\ZNP\Obj\mac_mcu.o"
#        "D:\Zigbee\Software\Z-Stack Home
#        1.2.2a.44539\Projects\zstack\ZNP\CC2538\ZNP\Obj\mac_mem.o"
#        "D:\Zigbee\Software\Z-Stack Home
#        1.2.2a.44539\Projects\zstack\ZNP\CC2538\ZNP\Obj\mac_pib.o"
#        "D:\Zigbee\Software\Z-Stack Home
#        1.2.2a.44539\Projects\zstack\ZNP\CC2538\ZNP\Obj\mac_radio.o"
#        "D:\Zigbee\Software\Z-Stack Home
#        1.2.2a.44539\Projects\zstack\ZNP\CC2538\ZNP\Obj\mac_radio_defs.o"
#        "D:\Zigbee\Software\Z-Stack Home
#        1.2.2a.44539\Projects\zstack\ZNP\CC2538\ZNP\Obj\mac_rffrontend.o"
#        "D:\Zigbee\Software\Z-Stack Home
#        1.2.2a.44539\Projects\zstack\ZNP\CC2538\ZNP\Obj\mac_rx.o"
#        "D:\Zigbee\Software\Z-Stack Home
#        1.2.2a.44539\Projects\zstack\ZNP\CC2538\ZNP\Obj\mac_rx_onoff.o"
#        "D:\Zigbee\Software\Z-Stack Home
#        1.2.2a.44539\Projects\zstack\ZNP\CC2538\ZNP\Obj\mac_sleep.o"
#        "D:\Zigbee\Software\Z-Stack Home
#        1.2.2a.44539\Projects\zstack\ZNP\CC2538\ZNP\Obj\mac_tx.o"
#        "D:\Zigbee\Software\Z-Stack Home
#        1.2.2a.44539\Projects\zstack\ZNP\CC2538\ZNP\Obj\MT.o"
#        "D:\Zigbee\Software\Z-Stack Home
#        1.2.2a.44539\Projects\zstack\ZNP\CC2538\ZNP\Obj\MT_AF.o"
#        "D:\Zigbee\Software\Z-Stack Home
#        1.2.2a.44539\Projects\zstack\ZNP\CC2538\ZNP\Obj\MT_APP.o"
#        "D:\Zigbee\Software\Z-Stack Home
#        1.2.2a.44539\Projects\zstack\ZNP\CC2538\ZNP\Obj\MT_DEBUG.o"
#        "D:\Zigbee\Software\Z-Stack Home
#        1.2.2a.44539\Projects\zstack\ZNP\CC2538\ZNP\Obj\MT_NWK.o"
#        "D:\Zigbee\Software\Z-Stack Home
#        1.2.2a.44539\Projects\zstack\ZNP\CC2538\ZNP\Obj\MT_SAPI.o"
#        "D:\Zigbee\Software\Z-Stack Home
#        1.2.2a.44539\Projects\zstack\ZNP\CC2538\ZNP\Obj\MT_SYS.o"
#        "D:\Zigbee\Software\Z-Stack Home
#        1.2.2a.44539\Projects\zstack\ZNP\CC2538\ZNP\Obj\MT_TASK.o"
#        "D:\Zigbee\Software\Z-Stack Home
#        1.2.2a.44539\Projects\zstack\ZNP\CC2538\ZNP\Obj\MT_UART.o"
#        "D:\Zigbee\Software\Z-Stack Home
#        1.2.2a.44539\Projects\zstack\ZNP\CC2538\ZNP\Obj\MT_UTIL.o"
#        "D:\Zigbee\Software\Z-Stack Home
#        1.2.2a.44539\Projects\zstack\ZNP\CC2538\ZNP\Obj\MT_VERSION.o"
#        "D:\Zigbee\Software\Z-Stack Home
#        1.2.2a.44539\Projects\zstack\ZNP\CC2538\ZNP\Obj\MT_ZDO.o"
#        "D:\Zigbee\Software\Z-Stack Home
#        1.2.2a.44539\Projects\zstack\ZNP\CC2538\ZNP\Obj\MT_ZNP.o"
#        "D:\Zigbee\Software\Z-Stack Home
#        1.2.2a.44539\Projects\zstack\ZNP\CC2538\ZNP\Obj\nwk_globals.o"
#        "D:\Zigbee\Software\Z-Stack Home
#        1.2.2a.44539\Projects\zstack\ZNP\CC2538\ZNP\Obj\OnBoard.o"
#        "D:\Zigbee\Software\Z-Stack Home
#        1.2.2a.44539\Projects\zstack\ZNP\CC2538\ZNP\Obj\OSAL.o"
#        "D:\Zigbee\Software\Z-Stack Home
#        1.2.2a.44539\Projects\zstack\ZNP\CC2538\ZNP\Obj\OSAL_Clock.o"
#        "D:\Zigbee\Software\Z-Stack Home
#        1.2.2a.44539\Projects\zstack\ZNP\CC2538\ZNP\Obj\OSAL_Memory.o"
#        "D:\Zigbee\Software\Z-Stack Home
#        1.2.2a.44539\Projects\zstack\ZNP\CC2538\ZNP\Obj\osal_nv.o"
#        "D:\Zigbee\Software\Z-Stack Home
#        1.2.2a.44539\Projects\zstack\ZNP\CC2538\ZNP\Obj\OSAL_PwrMgr.o"
#        "D:\Zigbee\Software\Z-Stack Home
#        1.2.2a.44539\Projects\zstack\ZNP\CC2538\ZNP\Obj\OSAL_Timers.o"
#        "D:\Zigbee\Software\Z-Stack Home
#        1.2.2a.44539\Projects\zstack\ZNP\CC2538\ZNP\Obj\OSAL_ZNP.o"
#        "D:\Zigbee\Software\Z-Stack Home
#        1.2.2a.44539\Projects\zstack\ZNP\CC2538\ZNP\Obj\saddr.o"
#        "D:\Zigbee\Software\Z-Stack Home
#        1.2.2a.44539\Projects\zstack\ZNP\CC2538\ZNP\Obj\sapi.o"
#        "D:\Zigbee\Software\Z-Stack Home
#        1.2.2a.44539\Projects\zstack\ZNP\CC2538\ZNP\Obj\startup_ewarm.o"
#        "D:\Zigbee\Software\Z-Stack Home
#        1.2.2a.44539\Projects\zstack\ZNP\CC2538\ZNP\Obj\stub_aps.o"
#        "D:\Zigbee\Software\Z-Stack Home
#        1.2.2a.44539\Projects\zstack\ZNP\CC2538\ZNP\Obj\zcl.o"
#        "D:\Zigbee\Software\Z-Stack Home
#        1.2.2a.44539\Projects\zstack\ZNP\CC2538\ZNP\Obj\zcl_key_establish.o"
#        "D:\Zigbee\Software\Z-Stack Home
#        1.2.2a.44539\Projects\zstack\ZNP\CC2538\ZNP\Obj\ZDApp.o"
#        "D:\Zigbee\Software\Z-Stack Home
#        1.2.2a.44539\Projects\zstack\ZNP\CC2538\ZNP\Obj\ZDConfig.o"
#        "D:\Zigbee\Software\Z-Stack Home
#        1.2.2a.44539\Projects\zstack\ZNP\CC2538\ZNP\Obj\ZDiags.o"
#        "D:\Zigbee\Software\Z-Stack Home
#        1.2.2a.44539\Projects\zstack\ZNP\CC2538\ZNP\Obj\ZDNwkMgr.o"
#        "D:\Zigbee\Software\Z-Stack Home
#        1.2.2a.44539\Projects\zstack\ZNP\CC2538\ZNP\Obj\ZDObject.o"
#        "D:\Zigbee\Software\Z-Stack Home
#        1.2.2a.44539\Projects\zstack\ZNP\CC2538\ZNP\Obj\ZDProfile.o"
#        "D:\Zigbee\Software\Z-Stack Home
#        1.2.2a.44539\Projects\zstack\ZNP\CC2538\ZNP\Obj\ZDSecMgr.o"
#        "D:\Zigbee\Software\Z-Stack Home
#        1.2.2a.44539\Projects\zstack\ZNP\CC2538\ZNP\Obj\ZGlobals.o"
#        "D:\Zigbee\Software\Z-Stack Home
#        1.2.2a.44539\Projects\zstack\ZNP\CC2538\ZNP\Obj\zmac.o"
#        "D:\Zigbee\Software\Z-Stack Home
#        1.2.2a.44539\Projects\zstack\ZNP\CC2538\ZNP\Obj\zmac_cb.o"
#        "D:\Zigbee\Software\Z-Stack Home
#        1.2.2a.44539\Projects\zstack\ZNP\CC2538\ZNP\Obj\ZMain.o"
#        "D:\Zigbee\Software\Z-Stack Home
#        1.2.2a.44539\Projects\zstack\ZNP\CC2538\ZNP\Obj\znp_app.o"
#        "D:\Zigbee\Software\Z-Stack Home
#        1.2.2a.44539\Projects\zstack\ZNP\CC2538\ZNP\Obj\znp_soc.o"
#        "D:\Zigbee\Software\Z-Stack Home
#        1.2.2a.44539\Projects\zstack\ZNP\CC2538\ZNP\Obj\znp_spi.o" --redirect
#        _Printf=_PrintfTiny --redirect _Scanf=_ScanfSmallNoMb -o
#        "D:\Zigbee\Software\Z-Stack Home
#        1.2.2a.44539\Projects\zstack\ZNP\CC2538\ZNP\Exe\ZNP.out.tmp" --map
#        "D:\Zigbee\Software\Z-Stack Home
#        1.2.2a.44539\Projects\zstack\ZNP\CC2538\ZNP\List\ZNP.map" --config
#        "D:\Zigbee\Software\Z-Stack Home
#        1.2.2a.44539\Projects\zstack\ZNP\CC2538\..\..\Tools\CC2538DB\CC2538.icf"
#        --keep __checksum --semihosting "D:\Zigbee\Software\Z-Stack Home
#        1.2.2a.44539\Projects\zstack\ZNP\CC2538\bsp_no_lcd_buf.lib"
#        "D:\Zigbee\Software\Z-Stack Home
#        1.2.2a.44539\Projects\zstack\ZNP\CC2538\..\..\Libraries\CC2538\bin\Ecc.a"
#        "D:\Zigbee\Software\Z-Stack Home
#        1.2.2a.44539\Projects\zstack\ZNP\CC2538\..\..\Libraries\CC2538\bin\AllDevice.a"
#        "D:\Zigbee\Software\Z-Stack Home
#        1.2.2a.44539\Projects\zstack\ZNP\CC2538\..\..\Libraries\TIMAC\bin\TIMAC-CC2538.a"
#        "D:\Zigbee\Software\Z-Stack Home
#        1.2.2a.44539\Projects\zstack\ZNP\CC2538\..\..\..\..\Components\driverlib\cc2538\bin\iar\sdriverlib.lib"
#        "D:\Zigbee\Software\Z-Stack Home
#        1.2.2a.44539\Projects\zstack\ZNP\CC2538\..\..\..\..\Components\usblib\cc2538\bin\iar\usbcdc.lib"
#        --entry __iar_program_start --place_holder __checksum,2,.checksum,4
#        --define_symbol __checksum_begin=0x200010 --define_symbol
#        __checksum_end=0x23c7ff --vfe --text_out locale)
#
###############################################################################

*******************************************************************************
*** MESSAGES
***

Warning[Lt009]: Inconsistent wchar_t size
            APSMEDE.o(AllDevice.a) and 32 other objects have wchar_t size 16
                      bits
            AF.o and 87 other objects have wchar_t size 32 bits


*******************************************************************************
*** RUNTIME MODEL ATTRIBUTES
***

CppFlavor       = *
__SystemLibrary = DLib
__dlib_version  = 6


*******************************************************************************
*** HEAP SELECTION
***

The basic heap was selected because no calls to memory allocation
functions were found in the application outside of system library
functions, and there are calls to deallocation functions in the
application.


*******************************************************************************
*** PLACEMENT SUMMARY
***

"A0":  place at start of [0x00200000-0x0027c7ff] { ro section .intvec };
"A1":  place at start of [0x0027ffd4-0x0027ffdf] { ro section .cca };
"P1":  place in [from 0x00200000 to 0x0027c7ff] { ro };
define block HEAP with size = 256, alignment = 8 { };
"P2":  place in [from 0x20004000 to 0x20007fff] { rw, block HEAP };
do not initialize { section .noinit };
initialize by copy { rw };

  Section            Kind        Address     Size  Object
  -------            ----        -------     ----  ------
"A0":                                       0x100
  .intvec            const    0x00200000    0x100  startup_ewarm.o [1]
                            - 0x00200100    0x100

"P1":                                     0x1b0da
  .text              ro code  0x00200100   0x2610  nwk_util.o [3]
  .text              ro code  0x00202710    0x4c8  nwk_bufs.o [3]
  .text              ro code  0x00202bd8    0x226  aps_groups.o [3]
  .rodata            const    0x00202dfe      0x1  OSAL_ZNP.o [1]
  .text              ro code  0x00202e00   0x1880  rtg.o [3]
  .text              ro code  0x00204680    0x18c  OSAL_Memory.o [1]
  .text              ro code  0x0020480c      0x6  ABImemclr4.o [8]
  .text              ro code  0x00204814    0x418  NLMEDE_CB.o [3]
  .text              ro code  0x00204c2c    0x9a6  AssocList.o [3]
  .text              ro code  0x002055d4    0x3b0  ssp.o [3]
  .text              ro code  0x00205984     0x5c  saddr.o [1]
  .text              ro code  0x002059e0    0x458  OSAL.o [1]
  .text              ro code  0x00205e38    0x20e  zmac.o [1]
  .text              ro code  0x00206048    0x1ec  OSAL_Timers.o [1]
  .text              ro code  0x00206234    0xb78  osal_nv.o [1]
  .text              ro code  0x00206dac    0x464  AddrMgr.o [3]
  .text              ro code  0x00207210    0xbb8  ZDSecMgr.o [1]
  .text              ro code  0x00207dc8    0x140  nwk_globals.o [1]
  .text              ro code  0x00207f08   0x1adc  nwk.o [3]
  .text              ro code  0x002099e4    0x7e8  NLMEDE.o [3]
  .text              ro code  0x0020a1cc    0xb98  APSMEDE.o [3]
  .text              ro code  0x0020ad64   0x16e4  ZDApp.o [1]
  .text              ro code  0x0020c448    0x3e2  ZDiags.o [1]
  .text              ro code  0x0020c82c    0x224  interrupt.o [9]
  .text              ro code  0x0020ca50      0x2  hal_assert.o [1]
  .text              ro code  0x0020ca54     0x32  ABImemset48.o [8]
  .text              ro code  0x0020ca88    0x18c  APSMEDE_CB.o [3]
  .text              ro code  0x0020cc14    0x228  aps_util.o [3]
  .text              ro code  0x0020ce3c    0x7d8  APS.o [3]
  .text              ro code  0x0020d614     0x44  hal_aes.o [1]
  .text              ro code  0x0020d658     0xae  hal_ccm.o [1]
  .text              ro code  0x0020d708     0x66  ABImemset.o [8]
  .text              ro code  0x0020d770     0x7c  OnBoard.o [1]
  .text              ro code  0x0020d7ec     0x14  OSAL_PwrMgr.o [1]
  .text              ro code  0x0020d800     0x80  OSAL_ZNP.o [1]
  .text              ro code  0x0020d880     0x54  hal_drivers.o [1]
  .text              ro code  0x0020d8d4   0x25fc  mac_beacon.o [5]
  .text              ro code  0x0020fed0    0x298  mac_pib.o [1]
  .text              ro code  0x00210168    0x300  mac_autopend.o [1]
  .text              ro code  0x00210468    0x132  armcm3flashutil.o [1]
  .text              ro code  0x0021059c     0x20  hal_adc.o [1]
  .text              ro code  0x002105bc   0x1636  ZDObject.o [1]
  .text              ro code  0x00211bf4    0x19c  reflecttrack.o [3]
  .text              ro code  0x00211d90    0x5f8  AF.o [1]
  .text              ro code  0x00212388      0x6  hal_led.o [1]
  .text              ro code  0x00212390    0x388  ZGlobals.o [1]
  .text              ro code  0x00212718    0x1c0  sys_ctrl.o [9]
  .text              ro code  0x002128d8     0xc8  ZDConfig.o [1]
  .text              ro code  0x002129a0    0xf3c  ZDProfile.o [1]
  .text              ro code  0x002138dc     0x10  cpu.o [9]
  .text              ro code  0x002138ec    0x728  BindingTable.o [1]
  .text              ro code  0x00214014    0x1ec  aes.o [9]
  .text              ro code  0x00214200    0x388  ccm.o [9]
  .text              ro code  0x00214588      0x2  hal_key.o [1]
  .text              ro code  0x0021458c    0x47c  mac_mcu.o [1]
  .text              ro code  0x00214a08    0x2a0  znp_app.o [1]
  .text              ro code  0x00214ca8    0x5ec  aps_frag.o [3]
  .text              ro code  0x00215294    0x400  ZDNwkMgr.o [1]
  .text              ro code  0x00215694    0x468  stub_aps.o [1]
  .text              ro code  0x00215afc    0x4ac  sapi.o [1]
  .text              ro code  0x00215fa8    0x380  hal_uart.o [1]
  .text              ro code  0x00216328    0x248  zmac_cb.o [1]
  .text              ro code  0x00216570    0x1fa  mac_radio.o [1]
  .text              ro code  0x0021676c     0x7e  mac_low_level.o [1]
  .text              ro code  0x002167ec    0x310  mac_tx.o [1]
  .text              ro code  0x00216afc    0x194  mac_rx_onoff.o [1]
  .text              ro code  0x00216c90    0x13c  mac_backoff_timer.o [1]
  .text              ro code  0x00216dcc     0xa6  ABImemcpy.o [8]
  .text              ro code  0x00216e74     0x6c  mac_mem.o [1]
  .text              ro code  0x00216ee0     0x38  flash.o [9]
  .text              ro code  0x00216f18    0xfe2  MT_ZDO.o [1]
  .text              ro code  0x00217efc    0x360  mac_csp_tx.o [1]
  .text              ro code  0x0021825c    0x6c0  mac_rx.o [1]
  .text              ro code  0x0021891c    0x134  znp_spi.o [1]
  .text              ro code  0x00218a50    0x1bc  MT.o [1]
  .text              ro code  0x00218c0c    0x6c2  MT_AF.o [1]
  .text              ro code  0x002192d0    0x5f8  MT_SYS.o [1]
  .text              ro code  0x002198c8    0x144  MT_UART.o [1]
  .text              ro code  0x00219a0c    0x28e  MT_SAPI.o [1]
  .text              ro code  0x00219c9c    0x300  ioc.o [9]
  .text              ro code  0x00219f9c     0xd4  gpio.o [9]
  .text              ro code  0x0021a070     0xd6  uart.o [9]
  .text              ro code  0x0021a148     0x5c  mac_sleep.o [1]
  .text              ro code  0x0021a1a4     0x22  ssi.o [9]
  .text              ro code  0x0021a1c8    0x270  OSAL_Clock.o [1]
  .text              ro code  0x0021a438     0x5c  mac_radio_defs.o [1]
  .text              ro code  0x0021a494     0x34  systick.o [9]
  .text              ro code  0x0021a4c8    0x5d4  MT_UTIL.o [1]
  .text              ro code  0x0021aa9c    0x174  hal_sys_ctrl.o [1]
  .text              ro code  0x0021ac10    0x158  ZMain.o [1]
  .text              ro code  0x0021ad68     0x24  hal_systick.o [1]
  .rodata            const    0x0021ad8c     0xcc  mac_beacon.o [5]
  .rodata            const    0x0021ae58     0x90  nwk_globals.o [1]
  .text              ro code  0x0021aee8     0x8c  MT_APP.o [1]
  .text              ro code  0x0021af74     0x40  zero_init3.o [8]
  .text              ro code  0x0021afb4     0x3c  startup_ewarm.o [1]
  .text              ro code  0x0021aff0      0xc  cstartup_M.o [8]
  .text              ro code  0x0021affc     0x1a  cmain.o [8]
  .text              ro code  0x0021b016      0x4  low_level_init.o [7]
  .text              ro code  0x0021b01c     0x28  data_init.o [8]
  .text              ro code  0x0021b044      0x4  exit.o [7]
  .text              ro code  0x0021b048      0xa  cexit.o [8]
  .text              ro code  0x0021b054     0x14  exit.o [10]
  .text              ro code  0x0021b068     0x38  packbits_init_single.o [8]
  .rodata            const    0x0021b0a0     0x24  mac_radio_defs.o [1]
  .iar.init_table    const    0x0021b0c4     0x20  - Linker created -
  .rodata            const    0x0021b0e4      0x8  mac_cfg.o [1]
  .rodata            const    0x0021b0ec      0x8  MT_VERSION.o [1]
  .text              ro code  0x0021b0f4      0x6  hal_sleep.o [1]
  .checksum          const    0x0021b0fc      0x2  Place holder __checksum
  .rodata            const    0x0021b0fe      0x0  zero_init3.o [8]
  .rodata            const    0x0021b0fe      0x0  packbits_init_single.o [8]
  Initializer bytes  const    0x0021b0fe     0xdc  <for P2-1>
                            - 0x0021b1da  0x1b0da

Absolute sections:                         0x3000
  .noinit            uninit   0x0027c800   0x3000  osal_nv.o [1]
                            - 0x0027f800   0x3000

"A1":                                         0xc
  .cca               const    0x0027ffd4      0xc  startup_ewarm.o [1]
                            - 0x0027ffe0      0xc

"P2", part 1 of 3:                          0x2f6
  P2-1                        0x20004000    0x2f6  <Init block>
    .data            inited   0x20004000      0x8  AF.o [1]
    .data            inited   0x20004008     0x58  MT.o [1]
    .data            inited   0x20004060     0x20  osal_nv.o [1]
    .data            inited   0x20004080     0x64  ZDApp.o [1]
    .data            inited   0x200040e4     0x5c  ZDProfile.o [1]
    .data            inited   0x20004140      0xc  ZGlobals.o [1]
    .data            inited   0x2000414c      0x4  ZGlobals.o [1]
    .data            inited   0x20004150      0x4  ZGlobals.o [1]
    .data            inited   0x20004154      0x4  ZGlobals.o [1]
    .data            inited   0x20004158     0x20  APS.o [3]
    .data            inited   0x20004178     0x14  nwk.o [3]
    .data            inited   0x2000418c     0x80  mac_beacon.o [5]
    .data            inited   0x2000420c     0x80  mac_beacon.o [5]
    .data            inited   0x2000428c     0x14  mac_beacon.o [5]
    .data            inited   0x200042a0      0xc  aps_frag.o [3]
    .data            inited   0x200042ac      0x8  reflecttrack.o [3]
    .data            inited   0x200042b4      0x2  ZDObject.o [1]
    .data            inited   0x200042b6      0x2  ZGlobals.o [1]
    .data            inited   0x200042b8      0x2  ZGlobals.o [1]
    .data            inited   0x200042ba      0x2  ZGlobals.o [1]
    .data            inited   0x200042bc      0x2  ZGlobals.o [1]
    .data            inited   0x200042be      0x2  ZGlobals.o [1]
    .data            inited   0x200042c0      0x2  ZGlobals.o [1]
    .data            inited   0x200042c2      0x2  ZGlobals.o [1]
    .data            inited   0x200042c4      0x2  ZGlobals.o [1]
    .data            inited   0x200042c6      0x2  ZGlobals.o [1]
    .data            inited   0x200042c8      0x2  nwk_util.o [3]
    .data            inited   0x200042ca      0x1  mac_sleep.o [1]
    .data            inited   0x200042cb      0x1  nwk_globals.o [1]
    .data            inited   0x200042cc      0x1  OnBoard.o [1]
    .data            inited   0x200042cd      0x1  OSAL.o [1]
    .data            inited   0x200042ce      0x5  stub_aps.o [1]
    .data            inited   0x200042d3      0x1  ZGlobals.o [1]
    .data            inited   0x200042d4      0x1  ZGlobals.o [1]
    .data            inited   0x200042d5      0x1  ZGlobals.o [1]
    .data            inited   0x200042d6      0x1  ZGlobals.o [1]
    .data            inited   0x200042d7      0x1  ZGlobals.o [1]
    .data            inited   0x200042d8      0x1  ZGlobals.o [1]
    .data            inited   0x200042d9      0x1  ZGlobals.o [1]
    .data            inited   0x200042da      0x1  ZGlobals.o [1]
    .data            inited   0x200042db      0x1  ZGlobals.o [1]
    .data            inited   0x200042dc      0x1  ZGlobals.o [1]
    .data            inited   0x200042dd      0x1  ZGlobals.o [1]
    .data            inited   0x200042de      0x1  ZGlobals.o [1]
    .data            inited   0x200042df      0x1  ZGlobals.o [1]
    .data            inited   0x200042e0      0x1  ZGlobals.o [1]
    .data            inited   0x200042e1      0x1  ZGlobals.o [1]
    .data            inited   0x200042e2      0x1  ZGlobals.o [1]
    .data            inited   0x200042e3      0x1  ZGlobals.o [1]
    .data            inited   0x200042e4      0x1  ZGlobals.o [1]
    .data            inited   0x200042e5      0x1  ZGlobals.o [1]
    .data            inited   0x200042e6      0x1  ZGlobals.o [1]
    .data            inited   0x200042e7      0x1  ZGlobals.o [1]
    .data            inited   0x200042e8      0x1  ZGlobals.o [1]
    .data            inited   0x200042e9      0x1  ZGlobals.o [1]
    .data            inited   0x200042ea      0x2  ZGlobals.o [1]
    .data            inited   0x200042ec      0x1  ZGlobals.o [1]
    .data            inited   0x200042ed      0x1  ZGlobals.o [1]
    .data            inited   0x200042ee      0x1  ZGlobals.o [1]
    .data            inited   0x200042ef      0x1  ZGlobals.o [1]
    .data            inited   0x200042f0      0x1  nwk_util.o [3]
    .data            inited   0x200042f1      0x2  NLMEDE.o [3]
    .data            inited   0x200042f3      0x1  NLMEDE.o [3]
    .data            inited   0x200042f4      0x2  reflecttrack.o [3]
                            - 0x200042f6    0x2f6

"P2", part 2 of 3:                          0xe74
  .bss               zero     0x200042f8    0x2f4  nwk_globals.o [1]
  .bss               zero     0x200045ec    0x1c0  nwk_globals.o [1]
  .bss               zero     0x200047ac    0x140  nwk_globals.o [1]
  .bss               zero     0x200048ec    0x100  znp_spi.o [1]
  .bss               zero     0x200049ec     0x78  nwk.o [3]
  .bss               zero     0x20004a64     0x6c  mac_pib.o [1]
  .bss               zero     0x20004ad0     0x60  nwk_globals.o [1]
  .bss               zero     0x20004b30     0x60  mac_beacon.o [5]
  .bss               zero     0x20004b90     0x58  ZDiags.o [1]
  .bss               zero     0x20004be8     0x50  nwk_globals.o [1]
  .bss               zero     0x20004c38     0x50  mac_beacon.o [5]
  .bss               zero     0x20004c88     0x4c  mac_beacon.o [5]
  .bss               zero     0x20004cd4     0x48  nwk_globals.o [1]
  .bss               zero     0x20004d1c     0x44  mac_beacon.o [5]
  .bss               zero     0x20004d60     0x44  mac_beacon.o [5]
  .bss               zero     0x20004da4     0x38  nwk_globals.o [1]
  .bss               zero     0x20004ddc     0x38  ZDObject.o [1]
  .bss               zero     0x20004e14     0x38  mac_beacon.o [5]
  .bss               zero     0x20004e4c     0x30  ZDNwkMgr.o [1]
  .bss               zero     0x20004e7c     0x2c  hal_uart.o [1]
  .bss               zero     0x20004ea8     0x28  ZDSecMgr.o [1]
  .bss               zero     0x20004ed0     0x24  nwk_globals.o [1]
  .bss               zero     0x20004ef4     0x20  BindingTable.o [1]
  .bss               zero     0x20004f14     0x1c  nwk_util.o [3]
  .bss               zero     0x20004f30     0x18  mac_rx.o [1]
  .bss               zero     0x20004f48     0x18  nwk_globals.o [1]
  .bss               zero     0x20004f60     0x16  sapi.o [1]
  .bss               zero     0x20004f76      0x2  mac_rx_onoff.o [1]
  .bss               zero     0x20004f78     0x14  nwk_globals.o [1]
  .bss               zero     0x20004f8c     0x14  aes.o [9]
  .bss               zero     0x20004fa0     0x10  mac_mcu.o [1]
  .bss               zero     0x20004fb0     0x10  ZDConfig.o [1]
  .bss               zero     0x20004fc0     0x10  znp_app.o [1]
  .bss               zero     0x20004fd0     0x10  APSMEDE.o [3]
  .bss               zero     0x20004fe0     0x10  nwk_util.o [3]
  .bss               zero     0x20004ff0     0x10  APS.o [3]
  .bss               zero     0x20005000      0xc  MT_UART.o [1]
  .bss               zero     0x2000500c      0xc  nwk_globals.o [1]
  .bss               zero     0x20005018      0xc  osal_nv.o [1]
  .bss               zero     0x20005024      0xc  ZDApp.o [1]
  .bss               zero     0x20005030      0xc  ZDSecMgr.o [1]
  .bss               zero     0x2000503c      0xc  znp_spi.o [1]
  .bss               zero     0x20005048      0xc  nwk_util.o [3]
  .bss               zero     0x20005054      0xc  NLMEDE.o [3]
  .bss               zero     0x20005060      0x8  mac_backoff_timer.o [1]
  .bss               zero     0x20005068      0x8  mac_mcu.o [1]
  .bss               zero     0x20005070      0x8  mac_tx.o [1]
  .bss               zero     0x20005078      0x8  MT_AF.o [1]
  .bss               zero     0x20005080      0x8  OnBoard.o [1]
  .bss               zero     0x20005088      0x8  OSAL_Clock.o [1]
  .bss               zero     0x20005090      0x8  OSAL_PwrMgr.o [1]
  .bss               zero     0x20005098      0x8  OSAL_Timers.o [1]
  .bss               zero     0x200050a0      0x8  ZGlobals.o [1]
  .bss               zero     0x200050a8      0x8  ZGlobals.o [1]
  .bss               zero     0x200050b0      0x8  zmac.o [1]
  .bss               zero     0x200050b8      0x8  nwk_util.o [3]
  .bss               zero     0x200050c0      0x8  AddrMgr.o [3]
  .bss               zero     0x200050c8      0x8  nwk.o [3]
  .bss               zero     0x200050d0      0x8  ssp.o [3]
  .bss               zero     0x200050d8      0x8  ssp.o [3]
  .bss               zero     0x200050e0      0x4  hal_aes.o [1]
  .bss               zero     0x200050e4      0x4  mac_radio.o [1]
  .bss               zero     0x200050e8      0x4  MT_ZDO.o [1]
  .bss               zero     0x200050ec      0x4  MT_ZDO.o [1]
  .bss               zero     0x200050f0      0x4  OSAL.o [1]
  .bss               zero     0x200050f4      0x4  OSAL_ZNP.o [1]
  .bss               zero     0x200050f8      0x4  ZDConfig.o [1]
  .bss               zero     0x200050fc      0x4  ZDNwkMgr.o [1]
  .bss               zero     0x20005100      0x4  ZDNwkMgr.o [1]
  .bss               zero     0x20005104      0x4  ZDObject.o [1]
  .bss               zero     0x20005108      0x4  ZDProfile.o [1]
  .bss               zero     0x2000510c      0x4  ZGlobals.o [1]
  .bss               zero     0x20005110      0x4  zmac_cb.o [1]
  .bss               zero     0x20005114      0x4  APSMEDE.o [3]
  .bss               zero     0x20005118      0x4  APSMEDE.o [3]
  .bss               zero     0x2000511c      0x4  nwk_util.o [3]
  .bss               zero     0x20005120      0x4  aps_groups.o [3]
  .bss               zero     0x20005124      0x4  APS.o [3]
  .bss               zero     0x20005128      0x4  APS.o [3]
  .bss               zero     0x2000512c      0x4  APS.o [3]
  .bss               zero     0x20005130      0x4  nwk_bufs.o [3]
  .bss               zero     0x20005134      0x4  nwk_bufs.o [3]
  .bss               zero     0x20005138      0x4  NLMEDE.o [3]
  .bss               zero     0x2000513c      0x4  NLMEDE.o [3]
  .bss               zero     0x20005140      0x2  MT_SAPI.o [1]
  .bss               zero     0x20005142      0x2  ZDObject.o [1]
  .bss               zero     0x20005144      0x2  ZDSecMgr.o [1]
  .bss               zero     0x20005146      0x2  nwk_util.o [3]
  .bss               zero     0x20005148      0x2  NLMEDE.o [3]
  .bss               zero     0x2000514a      0x2  NLMEDE.o [3]
  .bss               zero     0x2000514c      0x1  hal_drivers.o [1]
  .bss               zero     0x2000514d      0x1  hal_uart.o [1]
  .bss               zero     0x2000514e      0x1  mac_autopend.o [1]
  .bss               zero     0x2000514f      0x1  mac_autopend.o [1]
  .bss               zero     0x20005150      0x1  mac_mcu.o [1]
  .bss               zero     0x20005151      0x1  MT_TASK.o [1]
  .bss               zero     0x20005152      0x1  MT_ZDO.o [1]
  .bss               zero     0x20005153      0x1  OnBoard.o [1]
  .bss               zero     0x20005154      0x1  OSAL_Memory.o [1]
  .bss               zero     0x20005155      0x1  ZDApp.o [1]
  .bss               zero     0x20005156      0x1  ZDApp.o [1]
  .bss               zero     0x20005157      0x1  ZDApp.o [1]
  .bss               zero     0x20005158      0x1  ZGlobals.o [1]
  .bss               zero     0x20005159      0x1  ZGlobals.o [1]
  .bss               zero     0x2000515a      0x1  ZGlobals.o [1]
  .bss               zero     0x2000515b      0x1  ZGlobals.o [1]
  .bss               zero     0x2000515c      0x1  ZGlobals.o [1]
  .bss               zero     0x2000515d      0x1  ZGlobals.o [1]
  .bss               zero     0x2000515e      0x1  ZGlobals.o [1]
  .bss               zero     0x2000515f      0x1  ZGlobals.o [1]
  .bss               zero     0x20005160      0x1  ZGlobals.o [1]
  .bss               zero     0x20005161      0x1  ZGlobals.o [1]
  .bss               zero     0x20005162      0x1  ZGlobals.o [1]
  .bss               zero     0x20005163      0x1  zmac_cb.o [1]
  .bss               zero     0x20005164      0x1  znp_app.o [1]
  .bss               zero     0x20005165      0x1  nwk_util.o [3]
  .bss               zero     0x20005166      0x1  nwk_util.o [3]
  .bss               zero     0x20005167      0x1  rtg.o [3]
  .bss               zero     0x20005168      0x1  rtg.o [3]
  .bss               zero     0x20005169      0x1  nwk.o [3]
                            - 0x2000516a    0xe72

"P2", part 3 of 3:                         0x2004
  .noinit            uninit   0x2000516c   0x1800  OSAL_Memory.o [1]
  .noinit            uninit   0x2000696c    0x800  startup_ewarm.o [1]
  .noinit            uninit   0x2000716c      0x4  OSAL_Memory.o [1]
                            - 0x20007170   0x2004


*******************************************************************************
*** INIT TABLE
***

          Address     Size
          -------     ----
Zero (__iar_zero_init3)
    1 destination range, total size 0xe72:
          0x200042f8  0xe72

Copy/packbits (__iar_packbits_init_single3)
    1 source range, total size 0xdc (29% of destination):
          0x0021b0fe   0xdc
    1 destination range, total size 0x2f6:
          0x20004000  0x2f6



*******************************************************************************
*** MODULE SUMMARY
***

    Module                  ro code  ro data  rw data  rw data
                                                        (abs)
    ------                  -------  -------  -------  -------
D:\Zigbee\Software\Z-Stack Home 1.2.2a.44539\Projects\zstack\ZNP\CC2538\ZNP\Obj: [1]
    AF.o                      1 528        2        8
    BindingTable.o            1 832                32
    MT.o                        444       25       88
    MT_AF.o                   1 730                 8
    MT_APP.o                    140
    MT_SAPI.o                   654                 2
    MT_SYS.o                  1 528
    MT_TASK.o                                       1
    MT_UART.o                   324                12
    MT_UTIL.o                 1 492
    MT_VERSION.o                           8
    MT_ZDO.o                  4 066                 9
    OSAL.o                    1 112                 5
    OSAL_Clock.o                624                 8
    OSAL_Memory.o               396             6 149
    OSAL_PwrMgr.o                20                 8
    OSAL_Timers.o               492                 8
    OSAL_ZNP.o                  128        1        4
    OnBoard.o                   124        1       10
    ZDApp.o                   5 860       29      115
    ZDConfig.o                  200                20
    ZDNwkMgr.o                1 024                56
    ZDObject.o                5 686        1       64
    ZDProfile.o               3 900       26       96
    ZDSecMgr.o                3 000                54
    ZDiags.o                    994                88
    ZGlobals.o                  904       21      102
    ZMain.o                     344
    armcm3flashutil.o           306
    hal_adc.o                    32
    hal_aes.o                    68                 4
    hal_assert.o                  2
    hal_ccm.o                   174
    hal_drivers.o                84                 1
    hal_key.o                     2
    hal_led.o                     6
    hal_sleep.o                   6
    hal_sys_ctrl.o              372
    hal_systick.o                36
    hal_uart.o                  896                45
    mac_autopend.o              768                 2
    mac_backoff_timer.o         316                 8
    mac_cfg.o                              8
    mac_csp_tx.o                864
    mac_low_level.o             126
    mac_mcu.o                 1 148                25
    mac_mem.o                   108
    mac_pib.o                   664               108
    mac_radio.o                 506                 4
    mac_radio_defs.o             92       36
    mac_rx.o                  1 728                24
    mac_rx_onoff.o              404                 2
    mac_sleep.o                  92                 1
    mac_tx.o                    784                 8
    nwk_globals.o               320      144    1 921
    osal_nv.o                 2 936       10       44   12 288
    saddr.o                      92
    sapi.o                    1 196                22
    startup_ewarm.o              60      268    2 048
    stub_aps.o                1 128        1        5
    zmac.o                      526                 8
    zmac_cb.o                   584                 5
    znp_app.o                   672                17
    znp_spi.o                   308               268
    ----------------------------------------------------------
    Total:                   55 952      581   11 517   12 288

command line: [2]
    ----------------------------------------------------------
    Total:

AllDevice.a: [3]
    APS.o                     2 008       10       60
    APSMEDE.o                 2 968                24
    APSMEDE_CB.o                396
    AddrMgr.o                 1 124                 8
    AssocList.o               2 470
    NLMEDE.o                  2 024        1       27
    NLMEDE_CB.o               1 048
    aps_frag.o                1 516        3       12
    aps_groups.o                550                 4
    aps_util.o                  552
    nwk.o                     6 876        5      149
    nwk_bufs.o                1 224                 8
    nwk_util.o                9 744        1       75
    reflecttrack.o              412        3       10
    rtg.o                     6 272                 2
    ssp.o                       944                16
    ----------------------------------------------------------
    Total:                   40 128       23      395

Ecc.a: [4]
    ----------------------------------------------------------
    Total:

TIMAC-CC2538.a: [5]
    mac_beacon.o              9 724      285      720
    ----------------------------------------------------------
    Total:                    9 724      285      720

bsp_no_lcd_buf.lib: [6]
    ----------------------------------------------------------
    Total:

dl7M_tln.a: [7]
    exit.o                        4
    low_level_init.o              4
    ----------------------------------------------------------
    Total:                        8

rt7M_tl.a: [8]
    ABImemclr4.o                  6
    ABImemcpy.o                 166
    ABImemset.o                 102
    ABImemset48.o                50
    cexit.o                      10
    cmain.o                      26
    cstartup_M.o                 12
    data_init.o                  40
    packbits_init_single.o       56
    zero_init3.o                 64
    ----------------------------------------------------------
    Total:                      532

sdriverlib.lib: [9]
    aes.o                       492                20
    ccm.o                       904
    cpu.o                        16
    flash.o                      56
    gpio.o                      212
    interrupt.o                 548
    ioc.o                       768
    ssi.o                        34
    sys_ctrl.o                  448
    systick.o                    52
    uart.o                      214
    ----------------------------------------------------------
    Total:                    3 744                20

shb_l.a: [10]
    exit.o                       20
    ----------------------------------------------------------
    Total:                       20

    Gaps                         45        2
    Linker created                        32
--------------------------------------------------------------
    Grand Total:            110 153      925   12 652   12 288


*******************************************************************************
*** ENTRY LIST
***

Entry                      Address    Size  Type      Object
-----                      -------    ----  ----      ------
.iar.init_table$$Base   0x0021b0c4           --   Gb  - Linker created -
.iar.init_table$$Limit  0x0021b0e4           --   Gb  - Linker created -
?main                   0x0021affd          Code  Gb  cmain.o [8]
AESECBCheckResult       0x0021416d    0x16  Code  Gb  aes.o [9]
AESECBGetResult         0x00214183    0x5a  Code  Gb  aes.o [9]
AESECBStart             0x002140e5    0x88  Code  Gb  aes.o [9]
AESLoadKey              0x00214015    0xce  Code  Gb  aes.o [9]
AF_DataRequest          0x00212045   0x1de  Code  Gb  AF.o [1]
AF_DataRequestDiscoverRoute
                        0x20004000     0x1  Data  Gb  AF.o [1]
AF_DataRequestSrcRtg    0x00212223    0x44  Code  Gb  AF.o [1]
AIB_MaxBindingTime      0x2000415c     0x2  Data  Gb  APS.o [3]
AIB_apsTrustCenterAddress
                        0x20004160     0x4  Data  Gb  APS.o [3]
AIB_apsUseExtendedPANID
                        0x20004170     0x8  Data  Gb  APS.o [3]
AIB_apsUseInsecureJoin  0x2000415a     0x1  Data  Gb  APS.o [3]
APSDE_DataCnf           0x0020caa1     0xa  Code  Gb  APSMEDE_CB.o [3]
APSDE_DataConfirm       0x0020ca89    0x18  Code  Gb  APSMEDE_CB.o [3]
APSDE_DataIndication    0x0020caab    0x9a  Code  Gb  APSMEDE_CB.o [3]
APSDE_DataReq           0x0020a1cd   0x1f8  Code  Gb  APSMEDE.o [3]
APSDE_DataReqMTU        0x0020a3c5    0x28  Code  Gb  APSMEDE.o [3]
APSDE_FrameAlloc        0x0020a93d    0xc6  Code  Gb  APSMEDE.o [3]
APSDE_FrameBlkFree      0x0020a6bf     0xc  Code  Lc  APSMEDE.o [3]
APSDE_FrameHdrInit      0x0020a641    0x7e  Code  Lc  APSMEDE.o [3]
APSDE_FrameHdrSet       0x0020a543    0xf2  Code  Lc  APSMEDE.o [3]
APSDE_FrameSend         0x0020aa03    0x34  Code  Gb  APSMEDE.o [3]
APSDE_ParseMsg          0x0020cc15    0xfe  Code  Gb  aps_util.o [3]
APSF_AddObj             0x00214ccf    0x2a  Code  Lc  aps_frag.o [3]
APSF_AllocRxObj         0x00214fb7    0xda  Code  Lc  aps_frag.o [3]
APSF_FindObj            0x00214cf9    0x26  Code  Lc  aps_frag.o [3]
APSF_FreeObj            0x00214d1f    0x28  Code  Lc  aps_frag.o [3]
APSF_IncomingData       0x00215091   0x12c  Code  Lc  aps_frag.o [3]
APSF_Init               0x00214ca9    0x26  Code  Gb  aps_frag.o [3]
APSF_ObjList            0x200042a4     0x4  Data  Lc  aps_frag.o [3]
APSF_ProcessAck         0x00214f35    0x82  Code  Gb  aps_frag.o [3]
APSF_ProcessEvent       0x002151c7    0xae  Code  Gb  aps_frag.o [3]
APSF_SendFragmented     0x00214d49   0x108  Code  Gb  aps_frag.o [3]
APSF_SendOsalMsg        0x002151bd     0xa  Code  Gb  aps_frag.o [3]
APSF_TxNextFrame        0x00214e51    0xe2  Code  Lc  aps_frag.o [3]
APSF_taskID             0x200042a0     0x1  Data  Gb  aps_frag.o [3]
APSME_BindRequest       0x0020a3ed    0x26  Code  Gb  APSMEDE.o [3]
APSME_CmdPkt            0x0020a8f7    0x40  Code  Gb  APSMEDE.o [3]
APSME_CmdPktHook        0x20005114     0x4  Data  Lc  APSMEDE.o [3]
APSME_CmdPktRM_CD       0x0020a8bf     0xe  Code  Lc  APSMEDE.o [3]
APSME_CmdPktRM_ED       0x0020a8e5    0x12  Code  Lc  APSMEDE.o [3]
APSME_CmdPktRM_RD       0x0020a8cd    0x18  Code  Lc  APSMEDE.o [3]
APSME_CmdRemoveDevice   0x0020a88f    0x18  Code  Lc  APSMEDE.o [3]
APSME_CmdSwitchKey      0x0020a8a7    0x18  Code  Lc  APSMEDE.o [3]
APSME_CmdTransportKey   0x0020a74f   0x116  Code  Lc  APSMEDE.o [3]
APSME_CmdUpdateDevice   0x0020a865    0x2a  Code  Lc  APSMEDE.o [3]
APSME_FrameSecApplyExtHook
                        0x20004fd8     0x4  Data  Lc  APSMEDE.o [3]
APSME_FrameSecApplyExtNM
                        0x0020a521     0x4  Code  Lc  APSMEDE.o [3]
APSME_FrameSecApplyHook
                        0x20004fd4     0x4  Data  Lc  APSMEDE.o [3]
APSME_FrameSecApplyNM   0x0020a51b     0x6  Code  Lc  APSMEDE.o [3]
APSME_FrameSecNM        0x0020a525    0x1e  Code  Lc  APSMEDE.o [3]
APSME_FrameSecRemoveHook
                        0x20004fdc     0x4  Data  Lc  APSMEDE.o [3]
APSME_FrameSecRemoveNM  0x0020a517     0x4  Code  Lc  APSMEDE.o [3]
APSME_FrameSecSetupHook
                        0x20004fd0     0x4  Data  Lc  APSMEDE.o [3]
APSME_FrameSecSetupNM   0x0020a511     0x6  Code  Lc  APSMEDE.o [3]
APSME_FrameSecurityRemove
                        0x0020aa3f    0x2a  Code  Gb  APSMEDE.o [3]
APSME_FrameTunnel       0x0020a6cb    0x84  Code  Lc  APSMEDE.o [3]
APSME_GetRequest        0x0020a427    0x58  Code  Gb  APSMEDE.o [3]
APSME_HoldDataRequests  0x0020d4a3    0x18  Code  Gb  APS.o [3]
APSME_IsDistributedSecurity
                        0x0020ad1b     0xc  Code  Gb  APSMEDE.o [3]
APSME_KeyFwdToChild     0x0020797f    0x22  Code  Gb  ZDSecMgr.o [1]
APSME_LinkKeySet        0x002078ed    0x6c  Code  Gb  ZDSecMgr.o [1]
APSME_LookupNwkAddr     0x0020a4a9    0x2e  Code  Gb  APSMEDE.o [3]
APSME_RemoveDeviceInd   0x0020cbb3    0x20  Code  Gb  APSMEDE_CB.o [3]
APSME_RemoveDeviceReq   0x0020abc9    0x3c  Code  Gb  APSMEDE.o [3]
APSME_RequestKeyReq     0x0020ac33    0x6c  Code  Gb  APSMEDE.o [3]
APSME_SecurityRM_CD     0x0020ad0d     0xe  Code  Gb  APSMEDE.o [3]
APSME_SecurityRM_ED     0x0020acf1     0xe  Code  Gb  APSMEDE.o [3]
APSME_SecurityRM_RD     0x0020acff     0xe  Code  Gb  APSMEDE.o [3]
APSME_SetRequest        0x0020a47f    0x2a  Code  Gb  APSMEDE.o [3]
APSME_SwitchKeyInd      0x0020cbe1    0x28  Code  Gb  APSMEDE_CB.o [3]
APSME_SwitchKeyReq      0x0020aca3    0x48  Code  Gb  APSMEDE.o [3]
APSME_TCLinkKeyInit     0x00207b15    0x66  Code  Gb  ZDSecMgr.o [1]
APSME_TransportKeyInd   0x0020cb45    0x3e  Code  Gb  APSMEDE_CB.o [3]
APSME_TransportKeyReq   0x0020aa85    0xe6  Code  Gb  APSMEDE.o [3]
APSME_UnBindRequest     0x0020a413    0x14  Code  Gb  APSMEDE.o [3]
APSME_UpdateDeviceInd   0x0020cb83    0x28  Code  Gb  APSMEDE_CB.o [3]
APSME_UpdateDeviceReq   0x0020ab6b    0x56  Code  Gb  APSMEDE.o [3]
APS_AllowDataRequests   0x2000415b     0x1  Data  Gb  APS.o [3]
APS_CmdInd              0x0020cfa1    0x5c  Code  Gb  APS.o [3]
APS_Counter             0x20004159     0x1  Data  Gb  APS.o [3]
APS_DataConfirmReflect  0x0020d0d9    0x20  Code  Lc  APS.o [3]
APS_DataIndReflect      0x0020d0f9   0x126  Code  Lc  APS.o [3]
APS_GetBind             0x0020d035    0xa4  Code  Lc  APS.o [3]
APS_Init                0x0020ce61    0x30  Code  Gb  APS.o [3]
APS_IsDuplicate         0x0020d54d    0x98  Code  Lc  APS.o [3]
APS_MaintainDupRejTable
                        0x0020d4c7    0x86  Code  Lc  APS.o [3]
APS_ReReflect           0x0020d3c7    0x84  Code  Lc  APS.o [3]
APS_Reflect             0x0020d21f   0x1a8  Code  Lc  APS.o [3]
APS_ReflectMonitor      0x0020d44b    0x54  Code  Lc  APS.o [3]
APS_ReflectorInit       0x0020ce3d    0x24  Code  Gb  APS.o [3]
APS_SetEndDeviceBindTimeout
                        0x0020cf8b    0x16  Code  Gb  APS.o [3]
APS_TaskID              0x20004158     0x1  Data  Gb  APS.o [3]
APS_UnBind              0x0020cffd    0x38  Code  Lc  APS.o [3]
APS_event_loop          0x0020ce91    0xfa  Code  Gb  APS.o [3]
APS_lastDupTime         0x2000416c     0x4  Data  Gb  APS.o [3]
AddrMgrEntryAdd         0x00206e17    0x56  Code  Lc  AddrMgr.o [3]
AddrMgrEntryAddRef      0x00206f3d    0x32  Code  Gb  AddrMgr.o [3]
AddrMgrEntryData        0x200050c4     0x4  Data  Lc  AddrMgr.o [3]
AddrMgrEntryGet         0x0020702b    0x3e  Code  Gb  AddrMgr.o [3]
AddrMgrEntryLookupExt   0x00206fd3    0x58  Code  Gb  AddrMgr.o [3]
AddrMgrEntryLookupNwk   0x00206f7d    0x56  Code  Gb  AddrMgr.o [3]
AddrMgrEntryRelease     0x00206f13    0x2a  Code  Gb  AddrMgr.o [3]
AddrMgrEntrySet         0x00206dd1    0x46  Code  Lc  AddrMgr.o [3]
AddrMgrEntryTotal       0x200050c0     0x2  Data  Lc  AddrMgr.o [3]
AddrMgrEntryUpdate      0x0020706f    0xc6  Code  Gb  AddrMgr.o [3]
AddrMgrEntryValidate    0x00206dad    0x24  Code  Lc  AddrMgr.o [3]
AddrMgrExtAddrLookup    0x00206ebf    0x26  Code  Gb  AddrMgr.o [3]
AddrMgrExtAddrSet       0x00206e97     0xe  Code  Gb  AddrMgr.o [3]
AddrMgrExtAddrValid     0x00206ea5    0x1a  Code  Gb  AddrMgr.o [3]
AddrMgrInit             0x00206e6d    0x2a  Code  Gb  AddrMgr.o [3]
AddrMgrInitNV           0x002071bd    0x20  Code  Gb  AddrMgr.o [3]
AddrMgrIsFull           0x00207135    0x28  Code  Gb  AddrMgr.o [3]
AddrMgrNwkAddrLookup    0x00206ee5    0x2e  Code  Gb  AddrMgr.o [3]
AddrMgrRestoreFromNV    0x0020715d    0x24  Code  Gb  AddrMgr.o [3]
AddrMgrSetDefaultNV     0x002071dd    0x2c  Code  Gb  AddrMgr.o [3]
AddrMgrWriteNV          0x00207181    0x30  Code  Gb  AddrMgr.o [3]
AddrMgrWriteNVRequest   0x0020c039     0xc  Code  Gb  ZDApp.o [1]
App_TaskID              0x20005000     0x1  Data  Gb  MT_UART.o [1]
ApsLinkKeyFrmCntr       0x20004ea8    0x24  Data  Gb  ZDSecMgr.o [1]
AssocAddNew             0x00204c6f   0x110  Code  Gb  AssocList.o [3]
AssocChangeNwkAddr      0x00204d85    0x70  Code  Gb  AssocList.o [3]
AssocCheckDupNeighbors  0x00204fe9    0x76  Code  Gb  AssocList.o [3]
AssocChildAging         0x00205065    0x60  Code  Gb  AssocList.o [3]
AssocChildTableManagement
                        0x002050ff    0x4e  Code  Gb  AssocList.o [3]
AssocChildTableUpdateTimeout
                        0x002050e1    0x1e  Code  Gb  AssocList.o [3]
AssocCopyBackupToNewNV  0x00205199   0x11c  Code  Lc  AssocList.o [3]
AssocCount              0x00204c43    0x2c  Code  Gb  AssocList.o [3]
AssocFindDevice         0x00204fb7    0x32  Code  Gb  AssocList.o [3]
AssocGetNextChildNode   0x00204f71     0x4  Code  Gb  AssocList.o [3]
AssocGetNextNode        0x00204f03    0x6e  Code  Lc  AssocList.o [3]
AssocGetWithAddress     0x00204e49    0x62  Code  Gb  AssocList.o [3]
AssocGetWithExt         0x00204e47     0x2  Code  Gb  AssocList.o [3]
AssocGetWithShort       0x00204e41     0x6  Code  Gb  AssocList.o [3]
AssocInit               0x00204c2d    0x16  Code  Gb  AssocList.o [3]
AssocInitNV             0x00205159    0x32  Code  Gb  AssocList.o [3]
AssocIsChild            0x00204df5    0x1c  Code  Gb  AssocList.o [3]
AssocIsParent           0x00204e2d    0x14  Code  Gb  AssocList.o [3]
AssocIsRFChild          0x00204e11    0x1c  Code  Gb  AssocList.o [3]
AssocMakeList           0x00204f75    0x42  Code  Gb  AssocList.o [3]
AssocMakeListOfRfdChild
                        0x00205511    0x78  Code  Gb  AssocList.o [3]
AssocRemove             0x00204eab    0x4a  Code  Gb  AssocList.o [3]
AssocRestoreFromNV      0x00205361   0x11e  Code  Gb  AssocList.o [3]
AssocSetDefaultNV       0x0020518b     0xe  Code  Gb  AssocList.o [3]
AssocUpgradeTableInNV   0x002052b5    0xac  Code  Lc  AssocList.o [3]
AssocWriteNV            0x002054ab    0x4e  Code  Gb  AssocList.o [3]
AssociatedDevList       0x200042f8   0x2f4  Data  Gb  nwk_globals.o [1]
BindCopyBackupToNewNV   0x00213e1f    0xc0  Code  Lc  BindingTable.o [1]
BindInitNV              0x00213de1    0x24  Code  Gb  BindingTable.o [1]
BindRestoreFromNV       0x00213ee1    0xba  Code  Gb  BindingTable.o [1]
BindSetDefaultNV        0x00213e05     0xe  Code  Gb  BindingTable.o [1]
BindWriteNV             0x00213fa5    0x56  Code  Gb  BindingTable.o [1]
BindingTable            0x20004da4    0x38  Data  Gb  nwk_globals.o [1]
CCMAuthEncryptCheckResult
                        0x0021430b    0x16  Code  Gb  ccm.o [9]
CCMAuthEncryptGetResult
                        0x00214321    0x88  Code  Gb  ccm.o [9]
CCMAuthEncryptStart     0x00214201   0x10a  Code  Gb  ccm.o [9]
CCMInvAuthDecryptCheckResult
                        0x002144af     0x2  Code  Gb  ccm.o [9]
CCMInvAuthDecryptGetResult
                        0x002144b1    0xaa  Code  Gb  ccm.o [9]
CCMInvAuthDecryptStart  0x002143a9   0x100  Code  Gb  ccm.o [9]
CPUcpsid                0x002138dd     0x8  Code  Gb  cpu.o [9]
CPUcpsie                0x002138e5     0x8  Code  Gb  cpu.o [9]
DiagsStatsTable         0x20004b90    0x58  Data  Lc  ZDiags.o [1]
FSC_Token               0x20005003     0x1  Data  Gb  MT_UART.o [1]
FaultISR                0x0021afe9     0x4  Code  Lc  startup_ewarm.o [1]
FlashCacheModeSet       0x00216f01    0x12  Code  Gb  flash.o [9]
FlashMainPageErase      0x00216ee1    0x10  Code  Gb  flash.o [9]
GPIODirModeSet          0x00219f9d    0x28  Code  Gb  gpio.o [9]
GPIOIntWakeupDisable    0x0021a051     0xc  Code  Gb  gpio.o [9]
GPIOIntWakeupEnable     0x0021a047     0xa  Code  Gb  gpio.o [9]
GPIOPinRead             0x00219fc5     0x6  Code  Gb  gpio.o [9]
GPIOPinTypeGPIOOutput   0x00219fd1     0xa  Code  Gb  gpio.o [9]
GPIOPinTypeUARTInput    0x00219ff3     0x4  Code  Gb  gpio.o [9]
GPIOPinTypeUARTOutput   0x00219ff7    0x1a  Code  Gb  gpio.o [9]
GPIOPinWrite            0x00219fcb     0x6  Code  Gb  gpio.o [9]
GPIOPowIntTypeSet       0x0021a011    0x36  Code  Gb  gpio.o [9]
GetBindingTableEntry    0x00213dab    0x34  Code  Gb  BindingTable.o [1]
HalAdcCheckVdd          0x002105a1    0x16  Code  Gb  hal_adc.o [1]
HalAdcRead              0x0021059d     0x4  Code  Gb  hal_adc.o [1]
HalAesInit              0x0020d615    0x14  Code  Gb  hal_aes.o [1]
HalDriverInit           0x0020d887     0xe  Code  Gb  hal_drivers.o [1]
HalKeyConfig            0x00214589     0x2  Code  Gb  hal_key.o [1]
HalLedBlink             0x0021238d     0x2  Code  Gb  hal_led.o [1]
HalLedSet               0x00212389     0x4  Code  Gb  hal_led.o [1]
HalUARTCloseIsr         0x0021615f    0x1e  Code  Gb  hal_uart.o [1]
HalUARTInit             0x00216305     0x2  Code  Gb  hal_uart.o [1]
HalUARTInitIsr          0x00215fa9    0x32  Code  Gb  hal_uart.o [1]
HalUARTOpen             0x00216307     0x2  Code  Gb  hal_uart.o [1]
HalUARTOpenIsr          0x00215fe1    0xee  Code  Gb  hal_uart.o [1]
HalUARTPoll             0x00216309     0x2  Code  Gb  hal_uart.o [1]
HalUARTPollIsr          0x002160cf    0x90  Code  Gb  hal_uart.o [1]
HalUARTRead             0x0021630b     0x2  Code  Gb  hal_uart.o [1]
HalUARTReadIsr          0x0021617d    0x40  Code  Gb  hal_uart.o [1]
HalUARTWrite            0x0021630d     0x2  Code  Gb  hal_uart.o [1]
HalUARTWriteIsr         0x002161bd    0x68  Code  Gb  hal_uart.o [1]
Hal_Init                0x0020d881     0x6  Code  Gb  hal_drivers.o [1]
Hal_ProcessEvent        0x0020d895    0x38  Code  Gb  hal_drivers.o [1]
Hal_ProcessPoll         0x0020d8d1     0x4  Code  Gb  hal_drivers.o [1]
Hal_TaskID              0x2000514c     0x1  Data  Gb  hal_drivers.o [1]
Hal_UART_RxBufLen       0x0021630f     0x2  Code  Gb  hal_uart.o [1]
Hal_UART_RxBufLenIsr    0x00216225    0x18  Code  Gb  hal_uart.o [1]
INTERP_DataConfirm      0x002159e9     0xc  Code  Gb  stub_aps.o [1]
INTERP_DataIndication   0x002159f5    0xfa  Code  Gb  stub_aps.o [1]
INTERP_DataReq          0x002158c5   0x120  Code  Gb  stub_aps.o [1]
INTERP_DataReqMTU       0x002159e5     0x4  Code  Gb  stub_aps.o [1]
IOCPadConfigSet         0x00219e1d    0x68  Code  Gb  ioc.o [9]
IOCPinConfigPeriphInput
                        0x00219d05   0x118  Code  Gb  ioc.o [9]
IOCPinConfigPeriphOutput
                        0x00219c9d    0x68  Code  Gb  ioc.o [9]
InitBindingTable        0x002138ed    0x4e  Code  Gb  BindingTable.o [1]
InitBoard               0x0020d771    0x30  Code  Gb  OnBoard.o [1]
IntAltMapEnable         0x0020c953     0xc  Code  Gb  interrupt.o [9]
IntDefaultHandler       0x0021afed     0x4  Code  Lc  startup_ewarm.o [1]
IntDisable              0x0020c8bf    0x58  Code  Gb  interrupt.o [9]
IntEnable               0x0020c867    0x58  Code  Gb  interrupt.o [9]
IntMasterDisable        0x0020c835     0x6  Code  Gb  interrupt.o [9]
IntMasterEnable         0x0020c82d     0x8  Code  Gb  interrupt.o [9]
IntPendClear            0x0020c917    0x3c  Code  Gb  interrupt.o [9]
IntPrioritySet          0x0020c843    0x24  Code  Gb  interrupt.o [9]
LEN_Token               0x20005002     0x1  Data  Gb  MT_UART.o [1]
MAC_CbackCheckPending   0x002164fb    0x12  Code  Gb  zmac_cb.o [1]
MAC_CbackEvent          0x00216329   0x1d2  Code  Gb  zmac_cb.o [1]
MAC_CbackQueryRetransmit
                        0x0021650d     0x4  Code  Gb  zmac_cb.o [1]
MAC_Init                0x0020f8ed    0x44  Code  Gb  mac_beacon.o [5]
MAC_InitCoord           0x0020e1e5    0x36  Code  Gb  mac_beacon.o [5]
MAC_InitDevice          0x0020ed9d    0x28  Code  Gb  mac_beacon.o [5]
MAC_McpsDataAlloc       0x0020e845    0x1a  Code  Gb  mac_beacon.o [5]
MAC_McpsDataReq         0x0020e811    0x2e  Code  Gb  mac_beacon.o [5]
MAC_MlmeAssociateReq    0x0020ee91     0x8  Code  Gb  mac_beacon.o [5]
MAC_MlmeAssociateRsp    0x0020e285     0xa  Code  Gb  mac_beacon.o [5]
MAC_MlmeGetReq          0x0020ff0f    0x3e  Code  Gb  mac_pib.o [1]
MAC_MlmeOrphanRsp       0x0020e28f     0xa  Code  Gb  mac_beacon.o [5]
MAC_MlmePollReq         0x0020ee99     0x6  Code  Gb  mac_beacon.o [5]
MAC_MlmeResetReq        0x0020f857    0x82  Code  Gb  mac_beacon.o [5]
MAC_MlmeScanReq         0x0020fc99     0x8  Code  Gb  mac_beacon.o [5]
MAC_MlmeSetReq          0x0020ff4d    0xf6  Code  Gb  mac_pib.o [1]
MAC_MlmeStartReq        0x0020e299     0x8  Code  Gb  mac_beacon.o [5]
MAC_SrcMatchAckAllPending
                        0x002102f5    0x20  Code  Gb  mac_autopend.o [1]
MAC_SrcMatchAddEntry    0x0021019f   0x122  Code  Gb  mac_autopend.o [1]
MAC_SrcMatchCheckAllPending
                        0x00210315    0x10  Code  Gb  mac_autopend.o [1]
MAC_SrcMatchCheckResult
                        0x00210325    0x18  Code  Gb  mac_autopend.o [1]
MAC_SrcMatchDeleteEntry
                        0x002102cb    0x2a  Code  Gb  mac_autopend.o [1]
MAC_SrcMatchEnable      0x00210169    0x36  Code  Gb  mac_autopend.o [1]
MTVersionString         0x0021b0ec     0x8  Data  Gb  MT_VERSION.o [1]
MT_AfCommandProcessing  0x00218c89   0x1c2  Code  Gb  MT_AF.o [1]
MT_AfDataConfirm        0x0021907d    0x18  Code  Gb  MT_AF.o [1]
MT_AfDataRequest        0x00218e4b   0x156  Code  Lc  MT_AF.o [1]
MT_AfDataRequestSrcRtg  0x00218fa1    0xd0  Code  Lc  MT_AF.o [1]
MT_AfDataRetrieve       0x00219233    0x90  Code  Lc  MT_AF.o [1]
MT_AfExec               0x00218c0d    0x7a  Code  Gb  MT_AF.o [1]
MT_AfIncomingMsg        0x002190a5   0x18e  Code  Gb  MT_AF.o [1]
MT_AppCommandProcessing
                        0x0021aee9    0x8c  Code  Gb  MT_APP.o [1]
MT_BuildAndSendZToolResponse
                        0x00218a51    0x38  Code  Gb  MT.o [1]
MT_BuildEndpointDesc    0x00218b07    0xf6  Code  Gb  MT.o [1]
MT_ProcessIncoming      0x00218a89    0x58  Code  Gb  MT.o [1]
MT_SapiCommandProcessing
                        0x00219a0d   0x1b0  Code  Gb  MT_SAPI.o [1]
MT_SysCommandProcessing
                        0x002192d1   0x314  Code  Gb  MT_SYS.o [1]
MT_SysOsalEventId       0x002198c0     0x8  Data  Lc  MT_SYS.o [1]
MT_SysOsalNVRead        0x00219603   0x10c  Code  Lc  MT_SYS.o [1]
MT_SysOsalNVWrite       0x0021970f    0x94  Code  Lc  MT_SYS.o [1]
MT_SysOsalTimerExpired  0x002198a5    0x10  Code  Gb  MT_SYS.o [1]
MT_SysResetInd          0x00219879    0x24  Code  Gb  MT_SYS.o [1]
MT_SysSetUtcTime        0x002197a3    0xd0  Code  Lc  MT_SYS.o [1]
MT_TaskID               0x20005151     0x1  Data  Gb  MT_TASK.o [1]
MT_TransportAlloc       0x00214be9    0x34  Code  Gb  znp_app.o [1]
MT_TransportSend        0x00214c1d    0x5e  Code  Gb  znp_app.o [1]
MT_UartCalcFCS          0x002198cf    0x1c  Code  Gb  MT_UART.o [1]
MT_UartProcessZToolData
                        0x002198ed   0x11a  Code  Gb  MT_UART.o [1]
MT_UartRegisterTaskID   0x002198c9     0x6  Code  Gb  MT_UART.o [1]
MT_UtilBindAddEntry     0x0021a959    0xc8  Code  Lc  MT_UTIL.o [1]
MT_UtilCommandProcessing
                        0x0021a4c9   0x302  Code  Gb  MT_UTIL.o [1]
MT_UtilGetDeviceInfo    0x0021a7d7    0xb8  Code  Lc  MT_UTIL.o [1]
MT_UtilGetNvInfo        0x0021a8a1    0xae  Code  Lc  MT_UTIL.o [1]
MT_Word2Buf             0x00218ae9    0x1e  Code  Gb  MT.o [1]
MT_ZdoAddrRspCB         0x00217ce1    0x66  Code  Gb  MT_ZDO.o [1]
MT_ZdoBeaconIndCB       0x00217b0d    0xb0  Code  Gb  MT_ZDO.o [1]
MT_ZdoCommandProcessing
                        0x00216f51   0x828  Code  Gb  MT_ZDO.o [1]
MT_ZdoConcentratorIndCB
                        0x00217ddb    0x1c  Code  Lc  MT_ZDO.o [1]
MT_ZdoDirectCB          0x00217c31    0xaa  Code  Gb  MT_ZDO.o [1]
MT_ZdoEndDevAnnceCB     0x00217d47    0x38  Code  Gb  MT_ZDO.o [1]
MT_ZdoEndDevBindRequest
                        0x00217985    0xb0  Code  Lc  MT_ZDO.o [1]
MT_ZdoInit              0x00216f19    0x38  Code  Gb  MT_ZDO.o [1]
MT_ZdoJoinCnfCB         0x00217be9    0x3c  Code  Gb  MT_ZDO.o [1]
MT_ZdoLeaveInd          0x00217df7    0x3a  Code  Lc  MT_ZDO.o [1]
MT_ZdoMatchDescRequest  0x002178df    0xa6  Code  Lc  MT_ZDO.o [1]
MT_ZdoMgmtNwkUpdateRequest
                        0x00217a4f    0x82  Code  Lc  MT_ZDO.o [1]
MT_ZdoNWKAddressRequest
                        0x00217841    0x8c  Code  Lc  MT_ZDO.o [1]
MT_ZdoNwkDiscoveryCnfCB
                        0x00217ae9    0x24  Code  Gb  MT_ZDO.o [1]
MT_ZdoPermitJoinInd     0x00217e77    0x16  Code  Gb  MT_ZDO.o [1]
MT_ZdoSendMsgCB         0x00217e9d    0x50  Code  Gb  MT_ZDO.o [1]
MT_ZdoSrcRtgCB          0x00217d7f    0x56  Code  Gb  MT_ZDO.o [1]
MT_ZdoStateChangeCB     0x00217c25     0xc  Code  Gb  MT_ZDO.o [1]
MT_ZdoTcDeviceInd       0x00217e31    0x24  Code  Gb  MT_ZDO.o [1]
NIB_init                0x00207df1    0xbe  Code  Gb  nwk_globals.o [1]
NLDE_BuildMsg           0x0020044b   0x150  Code  Lc  nwk_util.o [3]
NLDE_BuildSrcRtgFrame   0x0020059b    0x44  Code  Gb  nwk_util.o [3]
NLDE_CheckForAddrConflict
                        0x00201317    0x36  Code  Gb  nwk_util.o [3]
NLDE_CheckFrameSecurity
                        0x00200733    0x2c  Code  Gb  nwk_util.o [3]
NLDE_DataCnf            0x00204815    0xfc  Code  Gb  NLMEDE_CB.o [3]
NLDE_DataIndSend        0x00200305    0x64  Code  Gb  nwk_util.o [3]
NLDE_DataIndication     0x00204911   0x210  Code  Gb  NLMEDE_CB.o [3]
NLDE_DataReq            0x00209a09    0x58  Code  Gb  NLMEDE.o [3]
NLDE_DataReqAlloc       0x00209a61    0x40  Code  Gb  NLMEDE.o [3]
NLDE_DataReqSend        0x00200101   0x204  Code  Gb  nwk_util.o [3]
NLDE_FrameDataLoad      0x0020a4d7    0x3a  Code  Gb  APSMEDE.o [3]
NLDE_GetHandle          0x0020082d    0x1e  Code  Gb  nwk_util.o [3]
NLDE_ParseFrameControl  0x002006e9    0x4a  Code  Gb  nwk_util.o [3]
NLDE_ParseMsg           0x002005df   0x10a  Code  Gb  nwk_util.o [3]
NLDE_ParseMsg2          0x0020075f    0x90  Code  Gb  nwk_util.o [3]
NLDE_SendMsg            0x00200369    0xe2  Code  Gb  nwk_util.o [3]
NLME_AddressConflictAssignNewStochastic
                        0x00201211    0x2c  Code  Gb  nwk_util.o [3]
NLME_AssocPermission    0x200042f3     0x1  Data  Gb  NLMEDE.o [3]
NLME_CheckNewAddrSet    0x00201241    0x9e  Code  Gb  nwk_util.o [3]
NLME_CmdBcast           0x00200fe1    0x12  Code  Gb  nwk_util.o [3]
NLME_CmdCnf             0x00200f65    0x72  Code  Gb  nwk_util.o [3]
NLME_CmdDataReqAlloc    0x00200ff3    0x22  Code  Gb  nwk_util.o [3]
NLME_ConcentratorIndication
                        0x00204bd9     0x4  Code  Gb  NLMEDE_CB.o [3]
NLME_CoordStartPANIDConflictCB
                        0x00204c25     0x4  Code  Gb  NLMEDE_CB.o [3]
NLME_CoordinatorInit    0x002099e5    0x18  Code  Gb  NLMEDE.o [3]
NLME_DeviceJoiningInit  0x002099fd     0xc  Code  Gb  NLMEDE.o [3]
NLME_DirectJoinRequest  0x00209ca3     0x6  Code  Gb  NLMEDE.o [3]
NLME_DirectJoinRequestWithAddr
                        0x00209ca9    0x6a  Code  Gb  NLMEDE.o [3]
NLME_EDScanConfirm      0x00204bdd    0x1a  Code  Gb  NLMEDE_CB.o [3]
NLME_EDScanRequest      0x0020a1b1    0x1c  Code  Gb  NLMEDE.o [3]
NLME_GetCoordExtAddr    0x00200825     0x8  Code  Gb  nwk_util.o [3]
NLME_GetCoordShortAddr  0x0020081d     0x8  Code  Gb  nwk_util.o [3]
NLME_GetEnergyThreshold
                        0x0020101d     0x8  Code  Gb  nwk_util.o [3]
NLME_GetExtAddr         0x00200803    0x12  Code  Gb  nwk_util.o [3]
NLME_GetProtocolVersion
                        0x00201015     0x8  Code  Gb  nwk_util.o [3]
NLME_GetRequest         0x0020a089    0xd2  Code  Gb  NLMEDE.o [3]
NLME_GetShortAddr       0x00200815     0x8  Code  Gb  nwk_util.o [3]
NLME_InitNV             0x00200a31    0x42  Code  Gb  nwk_util.o [3]
NLME_IsAddressBroadcast
                        0x00201045    0x3e  Code  Gb  nwk_util.o [3]
NLME_JoinConfirm        0x00204b3d     0x4  Code  Gb  NLMEDE_CB.o [3]
NLME_JoinIndication     0x00204b41     0x4  Code  Gb  NLMEDE_CB.o [3]
NLME_JoinRequest        0x00209ec7    0xc2  Code  Gb  NLMEDE.o [3]
NLME_LeaveCmdProcess    0x00200ebf    0xa2  Code  Gb  nwk_util.o [3]
NLME_LeaveCmdSend       0x00200e31    0x8e  Code  Gb  nwk_util.o [3]
NLME_LeaveCnf           0x00204b45     0x4  Code  Gb  NLMEDE_CB.o [3]
NLME_LeaveInd           0x00204b49    0x46  Code  Gb  NLMEDE_CB.o [3]
NLME_LeaveReq           0x00209f99    0xaa  Code  Gb  NLMEDE.o [3]
NLME_LeaveRsp           0x0020a043    0x46  Code  Gb  NLMEDE.o [3]
NLME_NetworkDiscoveryConfirm
                        0x00204b2d     0x4  Code  Gb  NLMEDE_CB.o [3]
NLME_NetworkDiscoveryRequest
                        0x00209aa1    0x5a  Code  Gb  NLMEDE.o [3]
NLME_NetworkFormationConfirm
                        0x00204b31     0x4  Code  Gb  NLMEDE_CB.o [3]
NLME_NetworkFormationRequest
                        0x00209b75    0xa0  Code  Gb  NLMEDE.o [3]
NLME_NetworkReportCB    0x002015a7    0x50  Code  Lc  nwk_util.o [3]
NLME_NetworkStatusCB    0x00204c29     0x4  Code  Gb  NLMEDE_CB.o [3]
NLME_NwkDiscReq2        0x00209b05    0x52  Code  Gb  NLMEDE.o [3]
NLME_NwkDiscTerm        0x00209b57    0x1e  Code  Gb  NLMEDE.o [3]
NLME_NwkStatusAddrConflictProcess
                        0x002010c9    0x10  Code  Gb  nwk_util.o [3]
NLME_OrphanJoinRequest  0x00209d13    0x80  Code  Gb  NLMEDE.o [3]
NLME_PermitJoining      0x200042f1     0x1  Data  Gb  NLMEDE.o [3]
NLME_PermitJoiningDuration
                        0x200042f2     0x1  Data  Lc  NLMEDE.o [3]
NLME_PermitJoiningEvent
                        0x00209c3d    0x18  Code  Gb  NLMEDE.o [3]
NLME_PermitJoiningRequest
                        0x00209c21    0x1c  Code  Gb  NLMEDE.o [3]
NLME_PermitJoiningSet   0x00209c55    0x4e  Code  Lc  NLMEDE.o [3]
NLME_PermitJoiningTimeout
                        0x00211221    0x10  Code  Gb  ZDObject.o [1]
NLME_PollConfirm        0x00204b93    0x26  Code  Gb  NLMEDE_CB.o [3]
NLME_ProcessAddressConflictLocal
                        0x00201173    0x9e  Code  Gb  nwk_util.o [3]
NLME_ProcessEndDevTimeoutReq
                        0x00201699    0x60  Code  Gb  nwk_util.o [3]
NLME_ProcessEndDevTimeoutRsp
                        0x00201763    0x68  Code  Gb  nwk_util.o [3]
NLME_ProcessLinkStatus  0x00201cb9   0x134  Code  Gb  nwk_util.o [3]
NLME_ProcessNetworkReport
                        0x0020152f    0x6c  Code  Gb  nwk_util.o [3]
NLME_ProcessNetworkStatus
                        0x0020139b    0xec  Code  Gb  nwk_util.o [3]
NLME_ProcessNetworkUpdate
                        0x002015fd    0x4c  Code  Gb  nwk_util.o [3]
NLME_ReJoinReq          0x00209d99   0x122  Code  Lc  NLMEDE.o [3]
NLME_ReJoinRequest      0x00209d93     0x4  Code  Gb  NLMEDE.o [3]
NLME_ReJoinRequestUnsecure
                        0x00209d97     0x2  Code  Gb  NLMEDE.o [3]
NLME_ReadNwkKeyInfo     0x002023bf    0x20  Code  Gb  nwk_util.o [3]
NLME_RejoinReqCmdProcess
                        0x00200ccd    0x5a  Code  Gb  nwk_util.o [3]
NLME_RejoinRspCmdProcess
                        0x00200db1    0x76  Code  Gb  nwk_util.o [3]
NLME_RejoinRspSend      0x00200d2d    0x7c  Code  Gb  nwk_util.o [3]
NLME_RemoveChild        0x00201083    0x34  Code  Gb  nwk_util.o [3]
NLME_ReportAddressConflict
                        0x002012ed    0x2a  Code  Gb  nwk_util.o [3]
NLME_RestoreFromNV      0x00200aa9    0xe0  Code  Gb  nwk_util.o [3]
NLME_RouteDiscoveryIndication
                        0x00204bb9    0x20  Code  Gb  NLMEDE_CB.o [3]
NLME_RouteDiscoveryRequest
                        0x00202e87   0x118  Code  Gb  rtg.o [3]
NLME_ScanFields         0x20005138     0x4  Data  Gb  NLMEDE.o [3]
NLME_SendEndDevTimeoutReq
                        0x00201655    0x40  Code  Gb  nwk_util.o [3]
NLME_SendEndDevTimeoutRsp
                        0x00201705    0x46  Code  Gb  nwk_util.o [3]
NLME_SendLinkStatus     0x00201c4d    0x6c  Code  Gb  nwk_util.o [3]
NLME_SendNetworkReport  0x002014a1    0x8e  Code  Gb  nwk_util.o [3]
NLME_SendNetworkStatus  0x0020134d    0x4e  Code  Gb  nwk_util.o [3]
NLME_SetAssocFlags      0x00200bd7    0xbe  Code  Gb  nwk_util.o [3]
NLME_SetBroadcastFilter
                        0x0020102d    0x18  Code  Gb  nwk_util.o [3]
NLME_SetDefaultNV       0x00200a73    0x36  Code  Gb  nwk_util.o [3]
NLME_SetEnergyThreshold
                        0x00201025     0x8  Code  Gb  nwk_util.o [3]
NLME_SetLinkStatusTimer
                        0x00201a31    0x36  Code  Gb  nwk_util.o [3]
NLME_SetPollRate        0x002009f5    0x2c  Code  Gb  nwk_util.o [3]
NLME_SetQueuedPollRate  0x00200a21     0x8  Code  Gb  nwk_util.o [3]
NLME_SetResponseRate    0x00200a29     0x8  Code  Gb  nwk_util.o [3]
NLME_SetUpdateID        0x00200c95    0x38  Code  Gb  nwk_util.o [3]
NLME_StartRouterConfirm
                        0x00204b35     0x4  Code  Gb  NLMEDE_CB.o [3]
NLME_StartRouterRequest
                        0x00209f8f     0xa  Code  Gb  NLMEDE.o [3]
NLME_SyncIndication     0x00204b8f     0x4  Code  Gb  NLMEDE_CB.o [3]
NLME_UpdateLinkStatus   0x00201a09    0x24  Code  Gb  nwk_util.o [3]
NLME_UpdateNV           0x00200b89    0x40  Code  Gb  nwk_util.o [3]
NLME_beaconNotifyInd    0x00204b39     0x4  Code  Gb  NLMEDE_CB.o [3]
NWK_TaskID              0x200050c8     0x1  Data  Gb  nwk.o [3]
NmiSR                   0x0021afe5     0x4  Code  Lc  startup_ewarm.o [1]
NwkCommandPktProcessing
                        0x00208461    0xec  Code  Lc  nwk.o [3]
NwkDescList             0x20004a60     0x4  Data  Gb  nwk.o [3]
NwkFreqAgilityIncErrorCnt
                        0x00202345    0x5c  Code  Lc  nwk_util.o [3]
NwkFreqAgilityIncTotalTx
                        0x00202321    0x1a  Code  Lc  nwk_util.o [3]
NwkFreqAgilityInit      0x002022e5    0x18  Code  Gb  nwk_util.o [3]
NwkFreqAgilityScanCfg   0x00202301    0x20  Code  Lc  nwk_util.o [3]
NwkInitChildAging       0x002023df    0x3a  Code  Gb  nwk_util.o [3]
NwkNotMyChildListAdd    0x0020259d    0x6e  Code  Gb  nwk_util.o [3]
NwkNotMyChildListAging  0x00202539    0x5a  Code  Gb  nwk_util.o [3]
NwkNotMyChildListDelete
                        0x0020260d    0x4c  Code  Gb  nwk_util.o [3]
NwkNotMyChildListInit   0x00202511    0x22  Code  Gb  nwk_util.o [3]
NwkNotMyChildSendLeave  0x0020242d    0xde  Code  Gb  nwk_util.o [3]
NwkPollReq              0x002082d3    0x30  Code  Gb  nwk.o [3]
OSAL_timeSeconds        0x2000508c     0x4  Data  Gb  OSAL_Clock.o [1]
OnBoard_KeyCallback     0x0020d7d1     0x8  Code  Gb  OnBoard.o [1]
OnBoard_SendKeys        0x0020d7a1    0x2e  Code  Gb  OnBoard.o [1]
OnboardKeyIntEnable     0x20005153     0x1  Data  Gb  OnBoard.o [1]
Onboard_rand            0x0020d7e9     0x4  Code  Gb  OnBoard.o [1]
RTG_AddRtgEntry         0x0020374b   0x12c  Code  Lc  rtg.o [3]
RTG_AddSrcRtgEntry      0x00203877    0x80  Code  Lc  rtg.o [3]
RTG_AddSrcRtgEntry_Guaranteed
                        0x002038f7    0x92  Code  Gb  rtg.o [3]
RTG_AllocNewAddress     0x002036d5    0x2a  Code  Gb  rtg.o [3]
RTG_BcastAdd            0x00203f15   0x168  Code  Gb  rtg.o [3]
RTG_BcastChk            0x00203e7d    0x92  Code  Gb  rtg.o [3]
RTG_BcastDel            0x0020407d    0x22  Code  Gb  rtg.o [3]
RTG_BcastHold           0x00203d5d    0x3e  Code  Lc  rtg.o [3]
RTG_BcastTimeout        0x00203da1    0x80  Code  Lc  rtg.o [3]
RTG_BcastTimerHandler   0x00203e2b    0x52  Code  Gb  rtg.o [3]
RTG_CheckRtStatus       0x002042e5    0x64  Code  Gb  rtg.o [3]
RTG_ChildGetNextHop     0x00203093    0x1c  Code  Gb  rtg.o [3]
RTG_DataReq             0x002040a5    0xc6  Code  Gb  rtg.o [3]
RTG_DeAllocStochasticAddress
                        0x00203747     0x4  Code  Gb  rtg.o [3]
RTG_GetLinkCost         0x00203cb5    0x38  Code  Lc  rtg.o [3]
RTG_GetNextHop          0x00202fe9    0xaa  Code  Gb  rtg.o [3]
RTG_GetRoutingAddress   0x00204349    0x40  Code  Lc  rtg.o [3]
RTG_GetRtDiscEntry      0x00204245    0x2e  Code  Lc  rtg.o [3]
RTG_GetRtgEntry         0x00204273    0x72  Code  Gb  rtg.o [3]
RTG_GetRtgSrcEntry      0x00203989    0x2a  Code  Gb  rtg.o [3]
RTG_GetRtgSrcIndex      0x002039b3    0x56  Code  Lc  rtg.o [3]
RTG_GetStochastic       0x002036ff    0x48  Code  Gb  rtg.o [3]
RTG_Init                0x00202e01    0x86  Code  Gb  rtg.o [3]
RTG_MTORouteReq         0x00202f9f    0x4a  Code  Gb  rtg.o [3]
RTG_ProcessRrec         0x00203a35    0xca  Code  Gb  rtg.o [3]
RTG_ProcessRrep         0x00203323   0x104  Code  Gb  rtg.o [3]
RTG_ProcessRreq         0x00203173   0x194  Code  Gb  rtg.o [3]
RTG_ProcessRtDiscBits   0x00204395    0x72  Code  Gb  rtg.o [3]
RTG_RemoveRtgEntry      0x00203c8b    0x2a  Code  Gb  rtg.o [3]
RTG_RouteMaintanence    0x002030af    0xc4  Code  Gb  rtg.o [3]
RTG_RtgRecordInitiation
                        0x00203bf1    0x7e  Code  Gb  rtg.o [3]
RTG_SendBrokenRoute     0x00204419    0x4a  Code  Gb  rtg.o [3]
RTG_SendNextEDMsg       0x00204171    0xca  Code  Gb  rtg.o [3]
RTG_SendRErr            0x00203511    0x58  Code  Gb  rtg.o [3]
RTG_SendRrec            0x00203b05    0xa0  Code  Lc  rtg.o [3]
RTG_SendRrep            0x00203431    0xd4  Code  Lc  rtg.o [3]
RTG_SrcGetNextHop       0x00203ba5     0xa  Code  Gb  rtg.o [3]
RTG_TimerEvent          0x00203569   0x126  Code  Gb  rtg.o [3]
RTG_UpdateNeighborEntry
                        0x0020084b   0x1aa  Code  Gb  nwk_util.o [3]
RTG_UpdateRtDiscEntry   0x00203ced    0x70  Code  Lc  rtg.o [3]
RTG_ValidateSrcRtg      0x00203baf    0x36  Code  Gb  rtg.o [3]
RTG_initRtgTable        0x00204495    0x2e  Code  Gb  rtg.o [3]
RTG_nextHopIsBad        0x00204463    0x32  Code  Gb  rtg.o [3]
Region$$Table$$Base     0x0021b0c4           --   Gb  - Linker created -
Region$$Table$$Limit    0x0021b0e4           --   Gb  - Linker created -
ResetIsr                0x0021afb5    0x1e  Code  Lc  startup_ewarm.o [1]
SAPI_BindConfirm        0x00215da5     0x4  Code  Lc  sapi.o [1]
SAPI_Init               0x00215f31    0x34  Code  Gb  sapi.o [1]
SAPI_ProcessEvent       0x00215da9   0x10e  Code  Gb  sapi.o [1]
SAPI_ProcessZDOMsgs     0x00215eb7    0x7a  Code  Gb  sapi.o [1]
SAPI_SendCback          0x00215f65    0x26  Code  Lc  sapi.o [1]
SAPI_SendDataConfirm    0x00215da1     0x4  Code  Lc  sapi.o [1]
SAPI_StartConfirm       0x00215d9d     0x4  Code  Lc  sapi.o [1]
SSIDataGetNonBlocking   0x0021a1b5    0x12  Code  Gb  ssi.o [9]
SSIDataPutNonBlocking   0x0021a1a5    0x10  Code  Gb  ssi.o [9]
SSP_BuildAuxHdr         0x002056d1    0x48  Code  Gb  ssp.o [3]
SSP_CCM_Auth_Encrypt    0x0020d659    0x54  Code  Gb  hal_ccm.o [1]
SSP_CCM_InvAuth_Decrypt
                        0x0020d6ad    0x5a  Code  Gb  hal_ccm.o [1]
SSP_GetMicLen           0x0020595b     0xe  Code  Gb  ssp.o [3]
SSP_GetMicLenHook       0x200050dc     0x4  Data  Lc  ssp.o [3]
SSP_GetMicLenProc       0x00205725    0x10  Code  Gb  ssp.o [3]
SSP_GetNwkKey           0x00205735    0x48  Code  Gb  ssp.o [3]
SSP_Init                0x002055d5    0x12  Code  Gb  ssp.o [3]
SSP_NwkSecurity         0x00205949    0x12  Code  Gb  ssp.o [3]
SSP_NwkSecurityHook     0x200050d8     0x4  Data  Lc  ssp.o [3]
SSP_NwkSecurityProc     0x0020577d    0xfc  Code  Gb  ssp.o [3]
SSP_ReadNwkActiveKey    0x002055e7    0x16  Code  Gb  ssp.o [3]
SSP_SwitchNwkKey        0x0020562b    0x9c  Code  Gb  ssp.o [3]
SSP_UpdateNwkKey        0x002055fd    0x2e  Code  Gb  ssp.o [3]
StubAPS_Init            0x00215695    0x12  Code  Gb  stub_aps.o [1]
StubAPS_InterPan        0x0021586f     0xc  Code  Gb  stub_aps.o [1]
StubAPS_ParseMsg        0x0021572b    0x72  Code  Lc  stub_aps.o [1]
StubAPS_ProcessEvent    0x002156a7    0x84  Code  Gb  stub_aps.o [1]
StubAPS_RegisterApp     0x0021587b     0xe  Code  Gb  stub_aps.o [1]
StubAPS_SetInterPanChannel
                        0x002157d5    0x44  Code  Gb  stub_aps.o [1]
StubAPS_SetIntraPanChannel
                        0x00215819    0x4c  Code  Gb  stub_aps.o [1]
StubAPS_SetNewChannel   0x0021579d    0x2a  Code  Lc  stub_aps.o [1]
StubAPS_TaskID          0x200042ce     0x1  Data  Gb  stub_aps.o [1]
StubAPS_ZMacCallback    0x00215889    0x3c  Code  Gb  stub_aps.o [1]
SysCtrlClockGet         0x00212765    0x2c  Code  Gb  sys_ctrl.o [9]
SysCtrlClockSet         0x00212719    0x4c  Code  Gb  sys_ctrl.o [9]
SysCtrlClockStartSetting
                        0x0021abef    0x1a  Code  Gb  hal_sys_ctrl.o [1]
SysCtrlDeepSleepSetting
                        0x0021ab69    0x5e  Code  Gb  hal_sys_ctrl.o [1]
SysCtrlDelay            0x002127b1     0x8  Code  Gb  sys_ctrl.o [9]
SysCtrlPeripheralDeepSleepDisable
                        0x00212847     0x6  Code  Gb  sys_ctrl.o [9]
SysCtrlPeripheralDeepSleepEnable
                        0x00212841     0x6  Code  Gb  sys_ctrl.o [9]
SysCtrlPeripheralEnable
                        0x002127fd     0x6  Code  Gb  sys_ctrl.o [9]
SysCtrlPeripheralReset  0x002127c1    0x3c  Code  Gb  sys_ctrl.o [9]
SysCtrlPeripheralSleepDisable
                        0x00212821     0x4  Code  Gb  sys_ctrl.o [9]
SysCtrlPeripheralSleepEnable
                        0x00212803     0x4  Code  Gb  sys_ctrl.o [9]
SysCtrlReset            0x002127b9     0x8  Code  Gb  sys_ctrl.o [9]
SysCtrlRunSetting       0x0021aa9d    0x6e  Code  Gb  hal_sys_ctrl.o [1]
SysCtrlSleepSetting     0x0021ab0b    0x5e  Code  Gb  hal_sys_ctrl.o [1]
SysCtrlWakeupSetting    0x0021abc7    0x28  Code  Gb  hal_sys_ctrl.o [1]
SysTickEnable           0x0021a495     0xc  Code  Gb  systick.o [9]
SysTickIntDisable       0x0021a4ad     0xc  Code  Gb  systick.o [9]
SysTickIntEnable        0x0021a4a1     0xc  Code  Gb  systick.o [9]
SysTickIntHandler       0x0021ad69     0x6  Code  Gb  hal_systick.o [1]
SysTickPeriodSet        0x0021a4b9     0x8  Code  Gb  systick.o [9]
SysTickSetup            0x0021ad6f    0x1e  Code  Gb  hal_systick.o [1]
TCLinkKeyFrmCntr        0x20005030     0xc  Data  Gb  ZDSecMgr.o [1]
UARTCharGetNonBlocking  0x0021a117    0x10  Code  Gb  uart.o [9]
UARTCharPutNonBlocking  0x0021a127    0x10  Code  Gb  uart.o [9]
UARTCharsAvail          0x0021a107     0x6  Code  Gb  uart.o [9]
UARTConfigSetExpClk     0x0021a077    0x46  Code  Gb  uart.o [9]
UARTDisable             0x0021a0d7    0x1e  Code  Gb  uart.o [9]
UARTEnable              0x0021a0bd    0x1a  Code  Gb  uart.o [9]
UARTFIFOEnable          0x0021a0f5     0xc  Code  Gb  uart.o [9]
UARTFIFOLevelSet        0x0021a071     0x6  Code  Gb  uart.o [9]
UARTIntClear            0x0021a143     0x4  Code  Gb  uart.o [9]
UARTIntEnable           0x0021a13d     0x6  Code  Gb  uart.o [9]
UBRRTable               0x00216314    0x14  Data  Gb  hal_uart.o [1]
ZDAppDetermineDeviceType
                        0x0020b0db    0x46  Code  Gb  ZDApp.o [1]
ZDAppNwkAddr            0x20004080     0xc  Data  Gb  ZDApp.o [1]
ZDAppPendingBindReq     0x200040bc     0x4  Data  Gb  ZDApp.o [1]
ZDAppTaskID             0x20004090     0x1  Data  Gb  ZDApp.o [1]
ZDApp_AgeOutPendingBindEntry
                        0x0020c301    0x94  Code  Gb  ZDApp.o [1]
ZDApp_AnnounceNewAddress
                        0x0020c119    0x4e  Code  Gb  ZDApp.o [1]
ZDApp_ChangeState       0x0020c3af    0x14  Code  Gb  ZDApp.o [1]
ZDApp_CoordStartPANIDConflictCB
                        0x0020c1db     0x6  Code  Gb  ZDApp.o [1]
ZDApp_DeviceAuthEvt     0x0020b18d    0x60  Code  Gb  ZDApp.o [1]
ZDApp_ForceConcentratorChange
                        0x0020b7eb    0x42  Code  Gb  ZDApp.o [1]
ZDApp_GetEmptyPendingBindReq
                        0x0020c279    0x24  Code  Gb  ZDApp.o [1]
ZDApp_InMsgCB           0x0020c045    0x2c  Code  Gb  ZDApp.o [1]
ZDApp_Init              0x0020ad65    0x58  Code  Gb  ZDApp.o [1]
ZDApp_InitPendingBind   0x0020c251    0x28  Code  Gb  ZDApp.o [1]
ZDApp_InitUserDesc      0x0020b247    0x3a  Code  Gb  ZDApp.o [1]
ZDApp_InitZdoCBFunc     0x0020c201    0x14  Code  Gb  ZDApp.o [1]
ZDApp_JoinReq           0x0020ba8d    0x2c  Code  Gb  ZDApp.o [1]
ZDApp_LeaveCtrl         0x20005157     0x1  Data  Gb  ZDApp.o [1]
ZDApp_LeaveCtrlInit     0x0020b8d3    0x28  Code  Gb  ZDApp.o [1]
ZDApp_LeaveCtrlSet      0x0020b8fb    0x10  Code  Gb  ZDApp.o [1]
ZDApp_LeaveReset        0x0020b935    0xb8  Code  Gb  ZDApp.o [1]
ZDApp_LeaveUpdate       0x0020ba0d    0x7c  Code  Gb  ZDApp.o [1]
ZDApp_NVUpdate          0x0020c1a9    0x2c  Code  Gb  ZDApp.o [1]
ZDApp_NetworkDiscoveryReq
[...]
osal_msg_extract        0x00205c2d    0x3a  Code  Gb  OSAL.o [1]
osal_msg_find           0x00205b73    0x32  Code  Gb  OSAL.o [1]
osal_msg_push           0x00205c0b    0x1a  Code  Gb  OSAL.o [1]
osal_msg_receive        0x00205b11    0x62  Code  Gb  OSAL.o [1]
osal_msg_send           0x00205ab7     0x4  Code  Gb  OSAL.o [1]
osal_nv_delete          0x00206d69    0x3a  Code  Gb  osal_nv.o [1]
osal_nv_init            0x00206a65     0x4  Code  Gb  osal_nv.o [1]
osal_nv_item_init       0x00206a69    0x40  Code  Gb  osal_nv.o [1]
osal_nv_item_len        0x00206aa9    0x38  Code  Gb  osal_nv.o [1]
osal_nv_read            0x00206cf7    0x4e  Code  Gb  osal_nv.o [1]
osal_nv_write           0x00206ae7   0x210  Code  Gb  osal_nv.o [1]
osal_pwrmgr_device      0x0020d7f7     0x6  Code  Gb  OSAL_PwrMgr.o [1]
osal_pwrmgr_init        0x0020d7ed     0xa  Code  Gb  OSAL_PwrMgr.o [1]
osal_qHead              0x200050f0     0x4  Data  Gb  OSAL.o [1]
osal_rand               0x00205a71     0x4  Code  Gb  OSAL.o [1]
osal_run_system         0x00205d61    0x82  Code  Gb  OSAL.o [1]
osal_setClock           0x0021a223    0x1a  Code  Gb  OSAL_Clock.o [1]
osal_set_event          0x00205cab    0x2e  Code  Gb  OSAL.o [1]
osal_start_reload_timer
                        0x002060d1    0x32  Code  Gb  OSAL_Timers.o [1]
osal_start_system       0x00205d59     0x8  Code  Gb  OSAL.o [1]
osal_start_timerEx      0x002060a3    0x2e  Code  Gb  OSAL_Timers.o [1]
osal_stop_timerEx       0x00206103    0x30  Code  Gb  OSAL_Timers.o [1]
osal_systemClock        0x2000509c     0x4  Data  Lc  OSAL_Timers.o [1]
pAPSDupRej              0x20004168     0x4  Data  Lc  APS.o [3]
pAPSF_IgnoreBlock       0x200042a8     0x4  Data  Gb  aps_frag.o [3]
pAPS_BindingTimeoutCB   0x20004164     0x4  Data  Gb  APS.o [3]
pAPS_DataConfirmReflect
                        0x20004ff8     0x4  Data  Gb  APS.o [3]
pAPS_DataIndReflect     0x20004ffc     0x4  Data  Gb  APS.o [3]
pAPS_GetBind            0x20004ff4     0x4  Data  Gb  APS.o [3]
pAPS_UnBind             0x20004ff0     0x4  Data  Gb  APS.o [3]
pAssocChildAging        0x20004f14     0x4  Data  Gb  nwk_util.o [3]
pAssocChildTableUpdateTimeout
                        0x20004f18     0x4  Data  Gb  nwk_util.o [3]
pBeaconIndBuf           0x200050ec     0x4  Data  Gb  MT_ZDO.o [1]
pBindInitNV             0x20004f04     0x4  Data  Gb  BindingTable.o [1]
pBindRestoreFromNV      0x20004f0c     0x4  Data  Gb  BindingTable.o [1]
pBindSetDefaultNV       0x20004f08     0x4  Data  Gb  BindingTable.o [1]
pBindWriteNV            0x20004f10     0x4  Data  Gb  BindingTable.o [1]
pFuncRxState            0x20004f40     0x4  Data  Lc  mac_rx.o [1]
pMacDataTx              0x20004208     0x4  Data  Gb  mac_beacon.o [5]
pMsg                    0x20005008     0x4  Data  Gb  MT_UART.o [1]
pMtAfDataReq            0x2000507c     0x4  Data  Gb  MT_AF.o [1]
pMtAfInMsgList          0x20005078     0x4  Data  Gb  MT_AF.o [1]
pNLME_NetworkFormationConfirm
                        0x2000505c     0x4  Data  Gb  NLMEDE.o [3]
pNwkFreqAgilityIncErrorCnt
                        0x20004fec     0x4  Data  Gb  nwk_util.o [3]
pNwkFreqAgilityIncTotalTx
                        0x20004fe8     0x4  Data  Gb  nwk_util.o [3]
pNwkFreqAgilityScanCfg  0x20004fe4     0x4  Data  Gb  nwk_util.o [3]
pNwkNotMyChildListAdd   0x20004f24     0x4  Data  Gb  nwk_util.o [3]
pNwkNotMyChildListAging
                        0x20004f20     0x4  Data  Gb  nwk_util.o [3]
pNwkNotMyChildListDelete
                        0x20004f28     0x4  Data  Gb  nwk_util.o [3]
pNwkNotMyChildListInit  0x20004f1c     0x4  Data  Gb  nwk_util.o [3]
pNwkNotMyChildSendLeave
                        0x20004f2c     0x4  Data  Gb  nwk_util.o [3]
pRandomSeedCB           0x2000506c     0x4  Data  Lc  mac_mcu.o [1]
pRxBuf                  0x20004f44     0x4  Data  Lc  mac_rx.o [1]
pSspAesEncrypt          0x200050e0     0x4  Data  Gb  hal_aes.o [1]
pZDNwkMgr_EDScanConfirmCB
                        0x20004e78     0x4  Data  Gb  ZDNwkMgr.o [1]
pZDNwkMgr_NetworkReportCB
                        0x200050fc     0x4  Data  Gb  ZDNwkMgr.o [1]
pZDNwkMgr_NetworkUpdateCB
                        0x20005100     0x4  Data  Gb  ZDNwkMgr.o [1]
pZDNwkMgr_ProcessDataConfirm
                        0x20004e74     0x4  Data  Gb  ZDNwkMgr.o [1]
pZDNwkMgr_ReportChannelInterference
                        0x20004e70     0x4  Data  Gb  ZDNwkMgr.o [1]
pZMac_AppCallback       0x20005110     0x4  Data  Gb  zmac_cb.o [1]
packDev_t               0x0021aa21    0x7c  Code  Lc  MT_UTIL.o [1]
pbindAddEntry           0x20004ef8     0x4  Data  Gb  BindingTable.o [1]
pbindNumOfEntries       0x20004efc     0x4  Data  Gb  BindingTable.o [1]
pbindRemoveDev          0x20004f00     0x4  Data  Gb  BindingTable.o [1]
pfnPreProcessDataReq    0x20005118     0x4  Data  Lc  APSMEDE.o [3]
pgLost                  0x20004070     0xc  Data  Lc  osal_nv.o [1]
pgOff                   0x20004064     0xc  Data  Lc  osal_nv.o [1]
pgRes                   0x20004060     0x1  Data  Lc  osal_nv.o [1]
pnwk_ScanJoiningOrphan  0x2000513c     0x4  Data  Gb  NLMEDE.o [3]
pnwk_ScanPANChanSelect  0x20005054     0x4  Data  Gb  NLMEDE.o [3]
pnwk_ScanPANChanVerify  0x20005058     0x4  Data  Gb  NLMEDE.o [3]
prevAccumulatedOverflowCount
                        0x20004fa4     0x4  Data  Lc  mac_mcu.o [1]
prevDevState            0x20004093     0x1  Data  Gb  ZDApp.o [1]
prevoverflowCount       0x20004fa8     0x4  Data  Lc  mac_mcu.o [1]
procRx                  0x00216257    0x3e  Code  Lc  hal_uart.o [1]
procTx                  0x00216295    0x2e  Code  Lc  hal_uart.o [1]
pulStack                0x2000696c   0x800  Data  Lc  startup_ewarm.o [1]
pwrmgr_attribute        0x20005090     0x8  Data  Gb  OSAL_PwrMgr.o [1]
radioComputeED          0x00216747    0x22  Code  Lc  mac_radio.o [1]
readHdr                 0x00206721    0x1a  Code  Lc  osal_nv.o [1]
recRst                  0x0021623d    0x1a  Code  Lc  hal_uart.o [1]
reflectID               0x200042ad     0x1  Data  Lc  reflecttrack.o [3]
reflectMAXEntries       0x200042ac     0x1  Data  Lc  reflecttrack.o [3]
reflectMAXIndirects     0x200042f5     0x1  Data  Lc  reflecttrack.o [3]
reflectMAXSimultaneous  0x200042f4     0x1  Data  Lc  reflecttrack.o [3]
reflectTrack_AddNewEntry
                        0x00211c77    0x28  Code  Gb  reflecttrack.o [3]
reflectTrack_AddToEnd   0x00211cef    0x1e  Code  Gb  reflecttrack.o [3]
reflectTrack_FindHandle
                        0x00211d0d    0x2a  Code  Gb  reflecttrack.o [3]
reflectTrack_GetNewEntry
                        0x00211c4d    0x2a  Code  Gb  reflecttrack.o [3]
reflectTrack_NumEntries
                        0x00211c9f    0x14  Code  Gb  reflecttrack.o [3]
reflectTrack_RemoveEntry
                        0x00211cb3    0x3c  Code  Gb  reflecttrack.o [3]
reflectTrack_RemoveEntryNotify
                        0x0020d49f     0x4  Code  Gb  APS.o [3]
reflectTrack_UpdateHandle
                        0x00211d61    0x28  Code  Gb  reflecttrack.o [3]
reflectTrack_UpdateOption
                        0x00211d37    0x2a  Code  Gb  reflecttrack.o [3]
reflectTrackingHdr      0x200042b0     0x4  Data  Lc  reflecttrack.o [3]
reflectTracking_GetMaxIndirectAdjusted
                        0x00211c21    0x2c  Code  Gb  reflecttrack.o [3]
reflectTracking_GetMaxSimultaneousAdjusted
                        0x00211bf5    0x2c  Code  Gb  reflecttrack.o [3]
registeredKeysTaskID    0x200042cc     0x1  Data  Lc  OnBoard.o [1]
reqChannel              0x200050e6     0x1  Data  Lc  mac_radio.o [1]
reqTxPower              0x200050e7     0x1  Data  Lc  mac_radio.o [1]
retryCnt                0x20004095     0x1  Data  Gb  ZDApp.o [1]
rreqCounter             0x20005167     0x1  Data  Gb  rtg.o [3]
rtDiscTable             0x20004be8    0x50  Data  Gb  nwk_globals.o [1]
rtgFindRandomNeighbor   0x002044e7    0xe6  Code  Lc  rtg.o [3]
rtgIsInAddrList         0x002044c9    0x1e  Code  Lc  rtg.o [3]
rtgIsValidNeighbor      0x002045d9    0x38  Code  Lc  rtg.o [3]
rtgRReqFindMatchCB      0x00203691    0x44  Code  Lc  rtg.o [3]
rtgSrcRelayList         0x20004f48    0x18  Data  Gb  nwk_globals.o [1]
rtgSrcTable             0x20004ad0    0x60  Data  Gb  nwk_globals.o [1]
rtgTable                0x200047ac   0x140  Data  Gb  nwk_globals.o [1]
runtimeChannel          0x200040c0     0x4  Data  Gb  ZDApp.o [1]
rxAddrIsr               0x00218645    0x96  Code  Lc  mac_rx.o [1]
rxBuf                   0x20004f30     0x4  Data  Lc  mac_rx.o [1]
rxDiscardFrame          0x00218845    0x32  Code  Lc  mac_rx.o [1]
rxDiscardIsr            0x00218879    0x32  Code  Lc  mac_rx.o [1]
rxDone                  0x002187f9    0x28  Code  Lc  mac_rx.o [1]
rxFcsIsr                0x0021872d    0xcc  Code  Lc  mac_rx.o [1]
rxFifoOverflowCount     0x20004f3e     0x1  Data  Lc  mac_rx.o [1]
rxFilter                0x20004f3a     0x1  Data  Lc  mac_rx.o [1]
rxHaltCleanupFinalStep  0x002182d3    0x5e  Code  Lc  mac_rx.o [1]
rxId                    0x20005044     0x4  Data  Gb  znp_spi.o [1]
rxIsrActiveFlag         0x20004f3c     0x1  Data  Lc  mac_rx.o [1]
rxNextLen               0x20004f38     0x1  Data  Lc  mac_rx.o [1]
rxPayloadIsr            0x00218709    0x24  Code  Lc  mac_rx.o [1]
rxPayloadLen            0x20004f39     0x1  Data  Lc  mac_rx.o [1]
rxPostRxUpdates         0x00218833    0x12  Code  Lc  mac_rx.o [1]
rxPrepPayload           0x002186e3    0x24  Code  Lc  mac_rx.o [1]
rxPromiscuousMode       0x20004f3b     0x1  Data  Lc  mac_rx.o [1]
rxResetFlag             0x20004f3d     0x1  Data  Lc  mac_rx.o [1]
rxStartIsr              0x00218361   0x2e4  Code  Lc  mac_rx.o [1]
rxUnreadLen             0x20004f37     0x1  Data  Lc  mac_rx.o [1]
sAddrCmp                0x00205985    0x26  Code  Gb  saddr.o [1]
sAddrCpy                0x002059ab    0x14  Code  Gb  saddr.o [1]
sAddrExtCmp             0x002059bf    0x1c  Code  Gb  saddr.o [1]
sAddrExtCpy             0x002059db     0x6  Code  Gb  saddr.o [1]
s_bcMask                0x20005165     0x1  Data  Lc  nwk_util.o [3]
sapi_TaskID             0x20004f60     0x1  Data  Gb  sapi.o [1]
sapi_bindInProgress     0x20004f74     0x2  Data  Lc  sapi.o [1]
sapi_epDesc             0x20004f64    0x10  Data  Gb  sapi.o [1]
saveExtAddr             0x200050b8     0x8  Data  Gb  nwk_util.o [3]
savedQueuedPollRate     0x2000514a     0x2  Data  Gb  NLMEDE.o [3]
savedResponseRate       0x20005148     0x2  Data  Gb  NLMEDE.o [3]
setItem                 0x0020668d    0x66  Code  Lc  osal_nv.o [1]
sspAesEncryptHW         0x0020d635    0x1c  Code  Gb  hal_aes.o [1]
ssp_HW_KeyInit          0x0020d62d     0x6  Code  Gb  hal_aes.o [1]
state                   0x20005001     0x1  Data  Gb  MT_UART.o [1]
tasksArr                0x0020d858    0x28  Data  Gb  OSAL_ZNP.o [1]
tasksCnt                0x00202dfe     0x1  Data  Gb  OSAL_ZNP.o [1]
tasksEvents             0x200050f4     0x4  Data  Gb  OSAL_ZNP.o [1]
tempDataLen             0x20005004     0x1  Data  Gb  MT_UART.o [1]
theHeap                 0x2000516c  0x1800  Data  Lc  OSAL_Memory.o [1]
timeMSec                0x20005088     0x4  Data  Lc  OSAL_Clock.o [1]
timeoutValue            0x0021ae80    0x3c  Data  Gb  nwk_globals.o [1]
timerAlignedQ           0x20004290     0x4  Data  Gb  mac_beacon.o [5]
timerHead               0x20005098     0x4  Data  Gb  OSAL_Timers.o [1]
timerUnalignedQ         0x2000428c     0x4  Data  Gb  mac_beacon.o [5]
txAckReq                0x20005076     0x1  Data  Lc  mac_tx.o [1]
txComplete              0x00216a87    0x30  Code  Lc  mac_tx.o [1]
txCsmaGo                0x00216909    0x22  Code  Lc  mac_tx.o [1]
txCsmaPrep              0x002168c3    0x2a  Code  Lc  mac_tx.o [1]
txGo                    0x002168ed    0x1c  Code  Lc  mac_tx.o [1]
txMT                    0x2000514d     0x1  Data  Lc  hal_uart.o [1]
txRetransmitFlag        0x20005077     0x1  Data  Lc  mac_tx.o [1]
txSeqn                  0x20005075     0x1  Data  Lc  mac_tx.o [1]
uartRecord              0x20004e7c    0x2c  Data  Lc  hal_uart.o [1]
updateRolloverflag      0x20004fa0     0x1  Data  Lc  mac_mcu.o [1]
writeBuf                0x0020673b    0xba  Code  Lc  osal_nv.o [1]
writeItem               0x002068eb   0x12e  Code  Lc  osal_nv.o [1]
xferBuf                 0x002067f5    0xce  Code  Lc  osal_nv.o [1]
zb_AllowBind            0x00215c53    0x4c  Code  Gb  sapi.o [1]
zb_BindDevice           0x00215b39    0xf6  Code  Gb  sapi.o [1]
zb_FindDeviceRequest    0x00215d83    0x1a  Code  Gb  sapi.o [1]
zb_GetDeviceInfo        0x00215d39    0x4a  Code  Gb  sapi.o [1]
zb_MTCallbackAllowBindConfirm
                        0x00219bfb    0x14  Code  Gb  MT_SAPI.o [1]
zb_MTCallbackBindConfirm
                        0x00219be3    0x18  Code  Gb  MT_SAPI.o [1]
zb_MTCallbackFindDeviceConfirm
                        0x00219c0f    0x30  Code  Gb  MT_SAPI.o [1]
zb_MTCallbackReceiveDataIndication
                        0x00219c3f    0x5c  Code  Gb  MT_SAPI.o [1]
zb_MTCallbackSendDataConfirm
                        0x00219bcb    0x10  Code  Gb  MT_SAPI.o [1]
zb_MTCallbackStartConfirm
                        0x00219bc1     0xa  Code  Gb  MT_SAPI.o [1]
zb_PermitJoiningRequest
                        0x00215c3b    0x18  Code  Gb  sapi.o [1]
zb_ReadConfiguration    0x00215d09    0x24  Code  Gb  sapi.o [1]
zb_SendDataRequest      0x00215c9f    0x6a  Code  Gb  sapi.o [1]
zb_StartRequest         0x00215b01    0x38  Code  Gb  sapi.o [1]
zb_SystemReset          0x00215afd     0x4  Code  Gb  sapi.o [1]
zb_WriteConfiguration   0x00215d2d     0xa  Code  Gb  sapi.o [1]
zdappHoldKeys           0x20004096     0x1  Data  Lc  ZDApp.o [1]
zdappMgmtNwkDiscReqInProgress
                        0x2000408d     0x1  Data  Gb  ZDApp.o [1]
zdappMgmtNwkDiscRspAddr
                        0x20005024     0xc  Data  Gb  ZDApp.o [1]
zdappMgmtNwkDiscRspTransSeq
                        0x20005155     0x1  Data  Gb  ZDApp.o [1]
zdappMgmtNwkDiscStartIndex
                        0x20005156     0x1  Data  Gb  ZDApp.o [1]
zdoCBFunc               0x20004098    0x24  Data  Gb  ZDApp.o [1]
zdoDiscCounter          0x2000408c     0x1  Data  Gb  ZDApp.o [1]
zdoMsgCBs               0x20005108     0x4  Data  Gb  ZDProfile.o [1]
zdoSendStateChangeMsg   0x002106f3    0x3e  Code  Lc  ZDObject.o [1]
zdpExternalStateTaskID  0x200042b4     0x2  Data  Gb  ZDObject.o [1]
zdpMsgProcs             0x00213834    0xa8  Data  Gb  ZDProfile.o [1]
zdpProcessAddrReq       0x00212cb9   0x1b8  Code  Gb  ZDProfile.o [1]
zgApsAckWaitMultiplier  0x200042e6     0x1  Data  Gb  ZGlobals.o [1]
zgApsAllowR19Sec        0x20005160     0x1  Data  Gb  ZGlobals.o [1]
zgApsDefaultMaxBindingTime
                        0x200042be     0x2  Data  Gb  ZGlobals.o [1]
zgApsLinkKeyType        0x200042ea     0x1  Data  Gb  ZGlobals.o [1]
zgApsMinDupRejTableSize
                        0x200042c4     0x2  Data  Gb  ZGlobals.o [1]
zgApsNonMemberRadius    0x200042e8     0x1  Data  Gb  ZGlobals.o [1]
zgApsTrustCenterAddr    0x200050a0     0x8  Data  Gb  ZGlobals.o [1]
zgApsUseExtendedPANID   0x200050a8     0x8  Data  Gb  ZGlobals.o [1]
zgApsUseInsecureJoin    0x200042e7     0x1  Data  Gb  ZGlobals.o [1]
zgApscAckWaitDurationPolled
                        0x200042bc     0x2  Data  Gb  ZGlobals.o [1]
zgApscDupRejTimeoutCount
                        0x200042e9     0x1  Data  Gb  ZGlobals.o [1]
zgApscDupRejTimeoutInc  0x200042c2     0x2  Data  Gb  ZGlobals.o [1]
zgApscMaxFrameRetries   0x200042e5     0x1  Data  Gb  ZGlobals.o [1]
zgBcastDeliveryTime     0x200042de     0x1  Data  Gb  ZGlobals.o [1]
zgChildAgingEnable      0x2000515e     0x1  Data  Gb  ZGlobals.o [1]
zgConcentratorDiscoveryTime
                        0x20005159     0x1  Data  Gb  ZGlobals.o [1]
zgConcentratorEnable    0x20005158     0x1  Data  Gb  ZGlobals.o [1]
zgConcentratorRC        0x2000515a     0x1  Data  Gb  ZGlobals.o [1]
zgConcentratorRadius    0x200042e0     0x1  Data  Gb  ZGlobals.o [1]
zgConfigPANID           0x200042c6     0x2  Data  Gb  ZGlobals.o [1]
zgDefaultChannelList    0x20004154     0x4  Data  Gb  ZGlobals.o [1]
zgDefaultRejoinBackoff  0x2000414c     0x4  Data  Gb  ZGlobals.o [1]
zgDefaultRejoinScan     0x20004150     0x4  Data  Gb  ZGlobals.o [1]
zgDefaultStartingScanDuration
                        0x200042d5     0x1  Data  Gb  ZGlobals.o [1]
zgDeviceLogicalType     0x20005161     0x1  Data  Gb  ZGlobals.o [1]
zgEndDeviceConfiguration
                        0x2000515d     0x1  Data  Gb  ZGlobals.o [1]
zgEndDeviceKAInterval   0x2000510c     0x4  Data  Gb  ZGlobals.o [1]
zgEndDeviceTimeoutValue
                        0x200042e4     0x1  Data  Gb  ZGlobals.o [1]
zgExtendedPANID         0x20004144     0x8  Data  Gb  ZGlobals.o [1]
zgIndirectMsgTimeout    0x200042d7     0x1  Data  Gb  ZGlobals.o [1]
zgInit                  0x00212391    0xde  Code  Gb  ZGlobals.o [1]
zgInitItems             0x0021246f    0x52  Code  Gb  ZGlobals.o [1]
zgItemTable             0x00212560   0x1b8  Data  Lc  ZGlobals.o [1]
zgMaxBcastRetires       0x200042dc     0x1  Data  Gb  ZGlobals.o [1]
zgMaxDataRetries        0x200042d3     0x1  Data  Gb  ZGlobals.o [1]
zgMaxPollFailureRetries
                        0x200042d4     0x1  Data  Gb  ZGlobals.o [1]
zgNwkCommissionedNwkAddr
                        0x200042c0     0x2  Data  Gb  ZGlobals.o [1]
zgNwkEndDeviceTimeoutDefault
                        0x200042e3     0x1  Data  Gb  ZGlobals.o [1]
zgNwkLeaveRequestAllowed
                        0x200042e2     0x1  Data  Gb  ZGlobals.o [1]
zgNwkMgrMinTransmissions
                        0x200042ed     0x1  Data  Gb  ZGlobals.o [1]
zgNwkMgrMode            0x200042ee     0x1  Data  Gb  ZGlobals.o [1]
zgNwkMode               0x200042df     0x1  Data  Gb  ZGlobals.o [1]
zgNwkParentInformation  0x2000515c     0x1  Data  Gb  ZGlobals.o [1]
zgNwkSrcRtgExpiryTime   0x200042e1     0x1  Data  Gb  ZGlobals.o [1]
zgPassiveAckTimeout     0x200042dd     0x1  Data  Gb  ZGlobals.o [1]
zgPollRate              0x20004140     0x4  Data  Gb  ZGlobals.o [1]
zgPreConfigKeys         0x2000515f     0x1  Data  Gb  ZGlobals.o [1]
zgQueuedPollRate        0x200042b6     0x2  Data  Gb  ZGlobals.o [1]
zgReadStartupOptions    0x002124cd    0x1e  Code  Gb  ZGlobals.o [1]
zgRejoinPollRate        0x200042ba     0x2  Data  Gb  ZGlobals.o [1]
zgResponsePollRate      0x200042b8     0x2  Data  Gb  ZGlobals.o [1]
zgRouteDiscoveryTime    0x200042da     0x1  Data  Gb  ZGlobals.o [1]
zgRouteExpiryTime       0x200042db     0x1  Data  Gb  ZGlobals.o [1]
zgRouterOffAssocCleanup
                        0x2000515b     0x1  Data  Gb  ZGlobals.o [1]
zgSapiEndpoint          0x200042ef     0x1  Data  Gb  ZGlobals.o [1]
zgSecurePermitJoin      0x200042d9     0x1  Data  Gb  ZGlobals.o [1]
zgSecurityMode          0x200042d8     0x1  Data  Gb  ZGlobals.o [1]
zgSetItem               0x0021252d    0x32  Code  Gb  ZGlobals.o [1]
zgStackProfile          0x200042d6     0x1  Data  Gb  ZGlobals.o [1]
zgStartDelay            0x200042ec     0x1  Data  Gb  ZGlobals.o [1]
zgUseDefaultTCLK        0x200042eb     0x1  Data  Gb  ZGlobals.o [1]
zgWriteStartupOptions   0x002124eb    0x36  Code  Gb  ZGlobals.o [1]
zgZdoDirectCB           0x20005162     0x1  Data  Gb  ZGlobals.o [1]
zmacCBSizeTable         0x0021655c    0x14  Data  Gb  zmac_cb.o [1]
zmain_ext_addr          0x0021ac93    0xb6  Code  Lc  ZMain.o [1]
znpCfg0                 0x20005164     0x1  Data  Gb  znp_app.o [1]
znpCfg1                 0x20004fc0     0x1  Data  Gb  znp_app.o [1]
znpEventLoop            0x00214a13   0x1d6  Code  Gb  znp_app.o [1]
znpInit                 0x00214a09     0xa  Code  Gb  znp_app.o [1]


[1] = D:\Zigbee\Software\Z-Stack Home 1.2.2a.44539\Projects\zstack\ZNP\CC2538\ZNP\Obj
[2] = command line
[3] = AllDevice.a
[4] = Ecc.a
[5] = TIMAC-CC2538.a
[6] = bsp_no_lcd_buf.lib
[7] = dl7M_tln.a
[8] = rt7M_tl.a
[9] = sdriverlib.lib
[10] = shb_l.a

  110 153 bytes of readonly  code memory
      925 bytes of readonly  data memory
   12 652 bytes of readwrite data memory (+ 12 288 absolute)

Errors: none
Warnings: 1
