###############################################################################
#
# IAR ELF Linker V8.11.2.13589/W32 for ARM                24/Oct/2018  11:08:56
# Copyright 2007-2017 IAR Systems AB.
#
#    Output file  =  
#        D:\Zigbee\Software\Z-Stack Home
#        1.2.2a.44539\Projects\zstack\ZNP\CC2538\ZNP SBL\Exe\ZNP.out.tmp
#    Map file     =  
#        D:\Zigbee\Software\Z-Stack Home
#        1.2.2a.44539\Projects\zstack\ZNP\CC2538\ZNP SBL\List\ZNP.map
#    Command line =  
#        -f C:\Users\ADMINI~1\AppData\Local\Temp\EW1899.tmp
#        ("D:\Zigbee\Software\Z-Stack Home
#        1.2.2a.44539\Projects\zstack\ZNP\CC2538\ZNP SBL\Obj\AF.o"
#        "D:\Zigbee\Software\Z-Stack Home
#        1.2.2a.44539\Projects\zstack\ZNP\CC2538\ZNP SBL\Obj\armcm3flashutil.o"
#        "D:\Zigbee\Software\Z-Stack Home
#        1.2.2a.44539\Projects\zstack\ZNP\CC2538\ZNP SBL\Obj\BindingTable.o"
#        "D:\Zigbee\Software\Z-Stack Home
#        1.2.2a.44539\Projects\zstack\ZNP\CC2538\ZNP SBL\Obj\DebugTrace.o"
#        "D:\Zigbee\Software\Z-Stack Home
#        1.2.2a.44539\Projects\zstack\ZNP\CC2538\ZNP SBL\Obj\hal_adc.o"
#        "D:\Zigbee\Software\Z-Stack Home
#        1.2.2a.44539\Projects\zstack\ZNP\CC2538\ZNP SBL\Obj\hal_aes.o"
#        "D:\Zigbee\Software\Z-Stack Home
#        1.2.2a.44539\Projects\zstack\ZNP\CC2538\ZNP SBL\Obj\hal_assert.o"
#        "D:\Zigbee\Software\Z-Stack Home
#        1.2.2a.44539\Projects\zstack\ZNP\CC2538\ZNP SBL\Obj\hal_ccm.o"
#        "D:\Zigbee\Software\Z-Stack Home
#        1.2.2a.44539\Projects\zstack\ZNP\CC2538\ZNP SBL\Obj\hal_drivers.o"
#        "D:\Zigbee\Software\Z-Stack Home
#        1.2.2a.44539\Projects\zstack\ZNP\CC2538\ZNP SBL\Obj\hal_key.o"
#        "D:\Zigbee\Software\Z-Stack Home
#        1.2.2a.44539\Projects\zstack\ZNP\CC2538\ZNP SBL\Obj\hal_lcd.o"
#        "D:\Zigbee\Software\Z-Stack Home
#        1.2.2a.44539\Projects\zstack\ZNP\CC2538\ZNP SBL\Obj\hal_led.o"
#        "D:\Zigbee\Software\Z-Stack Home
#        1.2.2a.44539\Projects\zstack\ZNP\CC2538\ZNP SBL\Obj\hal_sleep.o"
#        "D:\Zigbee\Software\Z-Stack Home
#        1.2.2a.44539\Projects\zstack\ZNP\CC2538\ZNP SBL\Obj\hal_spi.o"
#        "D:\Zigbee\Software\Z-Stack Home
#        1.2.2a.44539\Projects\zstack\ZNP\CC2538\ZNP SBL\Obj\hal_sys_ctrl.o"
#        "D:\Zigbee\Software\Z-Stack Home
#        1.2.2a.44539\Projects\zstack\ZNP\CC2538\ZNP SBL\Obj\hal_systick.o"
#        "D:\Zigbee\Software\Z-Stack Home
#        1.2.2a.44539\Projects\zstack\ZNP\CC2538\ZNP SBL\Obj\hal_uart.o"
#        "D:\Zigbee\Software\Z-Stack Home
#        1.2.2a.44539\Projects\zstack\ZNP\CC2538\ZNP SBL\Obj\mac_autopend.o"
#        "D:\Zigbee\Software\Z-Stack Home
#        1.2.2a.44539\Projects\zstack\ZNP\CC2538\ZNP
#        SBL\Obj\mac_backoff_timer.o" "D:\Zigbee\Software\Z-Stack Home
#        1.2.2a.44539\Projects\zstack\ZNP\CC2538\ZNP SBL\Obj\mac_cfg.o"
#        "D:\Zigbee\Software\Z-Stack Home
#        1.2.2a.44539\Projects\zstack\ZNP\CC2538\ZNP SBL\Obj\mac_csp_tx.o"
#        "D:\Zigbee\Software\Z-Stack Home
#        1.2.2a.44539\Projects\zstack\ZNP\CC2538\ZNP SBL\Obj\mac_low_level.o"
#        "D:\Zigbee\Software\Z-Stack Home
#        1.2.2a.44539\Projects\zstack\ZNP\CC2538\ZNP SBL\Obj\mac_mcu.o"
#        "D:\Zigbee\Software\Z-Stack Home
#        1.2.2a.44539\Projects\zstack\ZNP\CC2538\ZNP SBL\Obj\mac_mem.o"
#        "D:\Zigbee\Software\Z-Stack Home
#        1.2.2a.44539\Projects\zstack\ZNP\CC2538\ZNP SBL\Obj\mac_pib.o"
#        "D:\Zigbee\Software\Z-Stack Home
#        1.2.2a.44539\Projects\zstack\ZNP\CC2538\ZNP SBL\Obj\mac_radio.o"
#        "D:\Zigbee\Software\Z-Stack Home
#        1.2.2a.44539\Projects\zstack\ZNP\CC2538\ZNP SBL\Obj\mac_radio_defs.o"
#        "D:\Zigbee\Software\Z-Stack Home
#        1.2.2a.44539\Projects\zstack\ZNP\CC2538\ZNP SBL\Obj\mac_rffrontend.o"
#        "D:\Zigbee\Software\Z-Stack Home
#        1.2.2a.44539\Projects\zstack\ZNP\CC2538\ZNP SBL\Obj\mac_rx.o"
#        "D:\Zigbee\Software\Z-Stack Home
#        1.2.2a.44539\Projects\zstack\ZNP\CC2538\ZNP SBL\Obj\mac_rx_onoff.o"
#        "D:\Zigbee\Software\Z-Stack Home
#        1.2.2a.44539\Projects\zstack\ZNP\CC2538\ZNP SBL\Obj\mac_sleep.o"
#        "D:\Zigbee\Software\Z-Stack Home
#        1.2.2a.44539\Projects\zstack\ZNP\CC2538\ZNP SBL\Obj\mac_tx.o"
#        "D:\Zigbee\Software\Z-Stack Home
#        1.2.2a.44539\Projects\zstack\ZNP\CC2538\ZNP SBL\Obj\MT.o"
#        "D:\Zigbee\Software\Z-Stack Home
#        1.2.2a.44539\Projects\zstack\ZNP\CC2538\ZNP SBL\Obj\MT_AF.o"
#        "D:\Zigbee\Software\Z-Stack Home
#        1.2.2a.44539\Projects\zstack\ZNP\CC2538\ZNP SBL\Obj\MT_APP.o"
#        "D:\Zigbee\Software\Z-Stack Home
#        1.2.2a.44539\Projects\zstack\ZNP\CC2538\ZNP SBL\Obj\MT_DEBUG.o"
#        "D:\Zigbee\Software\Z-Stack Home
#        1.2.2a.44539\Projects\zstack\ZNP\CC2538\ZNP SBL\Obj\MT_NWK.o"
#        "D:\Zigbee\Software\Z-Stack Home
#        1.2.2a.44539\Projects\zstack\ZNP\CC2538\ZNP SBL\Obj\MT_SAPI.o"
#        "D:\Zigbee\Software\Z-Stack Home
#        1.2.2a.44539\Projects\zstack\ZNP\CC2538\ZNP SBL\Obj\MT_SYS.o"
#        "D:\Zigbee\Software\Z-Stack Home
#        1.2.2a.44539\Projects\zstack\ZNP\CC2538\ZNP SBL\Obj\MT_TASK.o"
#        "D:\Zigbee\Software\Z-Stack Home
#        1.2.2a.44539\Projects\zstack\ZNP\CC2538\ZNP SBL\Obj\MT_UART.o"
#        "D:\Zigbee\Software\Z-Stack Home
#        1.2.2a.44539\Projects\zstack\ZNP\CC2538\ZNP SBL\Obj\MT_UTIL.o"
#        "D:\Zigbee\Software\Z-Stack Home
#        1.2.2a.44539\Projects\zstack\ZNP\CC2538\ZNP SBL\Obj\MT_VERSION.o"
#        "D:\Zigbee\Software\Z-Stack Home
#        1.2.2a.44539\Projects\zstack\ZNP\CC2538\ZNP SBL\Obj\MT_ZDO.o"
#        "D:\Zigbee\Software\Z-Stack Home
#        1.2.2a.44539\Projects\zstack\ZNP\CC2538\ZNP SBL\Obj\MT_ZNP.o"
#        "D:\Zigbee\Software\Z-Stack Home
#        1.2.2a.44539\Projects\zstack\ZNP\CC2538\ZNP SBL\Obj\nwk_globals.o"
#        "D:\Zigbee\Software\Z-Stack Home
#        1.2.2a.44539\Projects\zstack\ZNP\CC2538\ZNP SBL\Obj\OnBoard.o"
#        "D:\Zigbee\Software\Z-Stack Home
#        1.2.2a.44539\Projects\zstack\ZNP\CC2538\ZNP SBL\Obj\OSAL.o"
#        "D:\Zigbee\Software\Z-Stack Home
#        1.2.2a.44539\Projects\zstack\ZNP\CC2538\ZNP SBL\Obj\OSAL_Clock.o"
#        "D:\Zigbee\Software\Z-Stack Home
#        1.2.2a.44539\Projects\zstack\ZNP\CC2538\ZNP SBL\Obj\OSAL_Memory.o"
#        "D:\Zigbee\Software\Z-Stack Home
#        1.2.2a.44539\Projects\zstack\ZNP\CC2538\ZNP SBL\Obj\osal_nv.o"
#        "D:\Zigbee\Software\Z-Stack Home
#        1.2.2a.44539\Projects\zstack\ZNP\CC2538\ZNP SBL\Obj\OSAL_PwrMgr.o"
#        "D:\Zigbee\Software\Z-Stack Home
#        1.2.2a.44539\Projects\zstack\ZNP\CC2538\ZNP SBL\Obj\OSAL_Timers.o"
#        "D:\Zigbee\Software\Z-Stack Home
#        1.2.2a.44539\Projects\zstack\ZNP\CC2538\ZNP SBL\Obj\OSAL_ZNP.o"
#        "D:\Zigbee\Software\Z-Stack Home
#        1.2.2a.44539\Projects\zstack\ZNP\CC2538\ZNP SBL\Obj\saddr.o"
#        "D:\Zigbee\Software\Z-Stack Home
#        1.2.2a.44539\Projects\zstack\ZNP\CC2538\ZNP SBL\Obj\sapi.o"
#        "D:\Zigbee\Software\Z-Stack Home
#        1.2.2a.44539\Projects\zstack\ZNP\CC2538\ZNP SBL\Obj\startup_ewarm.o"
#        "D:\Zigbee\Software\Z-Stack Home
#        1.2.2a.44539\Projects\zstack\ZNP\CC2538\ZNP SBL\Obj\stub_aps.o"
#        "D:\Zigbee\Software\Z-Stack Home
#        1.2.2a.44539\Projects\zstack\ZNP\CC2538\ZNP SBL\Obj\zcl.o"
#        "D:\Zigbee\Software\Z-Stack Home
#        1.2.2a.44539\Projects\zstack\ZNP\CC2538\ZNP
#        SBL\Obj\zcl_key_establish.o" "D:\Zigbee\Software\Z-Stack Home
#        1.2.2a.44539\Projects\zstack\ZNP\CC2538\ZNP SBL\Obj\ZDApp.o"
#        "D:\Zigbee\Software\Z-Stack Home
#        1.2.2a.44539\Projects\zstack\ZNP\CC2538\ZNP SBL\Obj\ZDConfig.o"
#        "D:\Zigbee\Software\Z-Stack Home
#        1.2.2a.44539\Projects\zstack\ZNP\CC2538\ZNP SBL\Obj\ZDiags.o"
#        "D:\Zigbee\Software\Z-Stack Home
#        1.2.2a.44539\Projects\zstack\ZNP\CC2538\ZNP SBL\Obj\ZDNwkMgr.o"
#        "D:\Zigbee\Software\Z-Stack Home
#        1.2.2a.44539\Projects\zstack\ZNP\CC2538\ZNP SBL\Obj\ZDObject.o"
#        "D:\Zigbee\Software\Z-Stack Home
#        1.2.2a.44539\Projects\zstack\ZNP\CC2538\ZNP SBL\Obj\ZDProfile.o"
#        "D:\Zigbee\Software\Z-Stack Home
#        1.2.2a.44539\Projects\zstack\ZNP\CC2538\ZNP SBL\Obj\ZDSecMgr.o"
#        "D:\Zigbee\Software\Z-Stack Home
#        1.2.2a.44539\Projects\zstack\ZNP\CC2538\ZNP SBL\Obj\ZGlobals.o"
#        "D:\Zigbee\Software\Z-Stack Home
#        1.2.2a.44539\Projects\zstack\ZNP\CC2538\ZNP SBL\Obj\zmac.o"
#        "D:\Zigbee\Software\Z-Stack Home
#        1.2.2a.44539\Projects\zstack\ZNP\CC2538\ZNP SBL\Obj\zmac_cb.o"
#        "D:\Zigbee\Software\Z-Stack Home
#        1.2.2a.44539\Projects\zstack\ZNP\CC2538\ZNP SBL\Obj\ZMain.o"
#        "D:\Zigbee\Software\Z-Stack Home
#        1.2.2a.44539\Projects\zstack\ZNP\CC2538\ZNP SBL\Obj\znp_app.o"
#        "D:\Zigbee\Software\Z-Stack Home
#        1.2.2a.44539\Projects\zstack\ZNP\CC2538\ZNP SBL\Obj\znp_soc.o"
#        "D:\Zigbee\Software\Z-Stack Home
#        1.2.2a.44539\Projects\zstack\ZNP\CC2538\ZNP SBL\Obj\znp_spi.o"
#        --redirect _Printf=_PrintfTiny --redirect _Scanf=_ScanfSmallNoMb -o
#        "D:\Zigbee\Software\Z-Stack Home
#        1.2.2a.44539\Projects\zstack\ZNP\CC2538\ZNP SBL\Exe\ZNP.out.tmp"
#        --keep __checksum --map "D:\Zigbee\Software\Z-Stack Home
#        1.2.2a.44539\Projects\zstack\ZNP\CC2538\ZNP SBL\List\ZNP.map" --config
#        "D:\Zigbee\Software\Z-Stack Home
#        1.2.2a.44539\Projects\zstack\ZNP\CC2538\..\..\Tools\CC2538DB\CC2538-sb.icf"
#        --keep __checksum --semihosting "D:\Zigbee\Software\Z-Stack Home
#        1.2.2a.44539\Projects\zstack\ZNP\CC2538\bsp_no_lcd_buf.lib"
#        "D:\Zigbee\Software\Z-Stack Home
#        1.2.2a.44539\Projects\zstack\ZNP\CC2538\..\..\Libraries\CC2538\bin\Ecc.a"
#        "D:\Zigbee\Software\Z-Stack Home
#        1.2.2a.44539\Projects\zstack\ZNP\CC2538\..\..\Libraries\CC2538\bin\AllDevice.a"
#        "D:\Zigbee\Software\Z-Stack Home
#        1.2.2a.44539\Projects\zstack\ZNP\CC2538\..\..\Libraries\TIMAC\bin\TIMAC-CC2538.a"
#        "D:\Zigbee\Software\Z-Stack Home
#        1.2.2a.44539\Projects\zstack\ZNP\CC2538\..\..\..\..\Components\driverlib\cc2538\bin\iar\sdriverlib.lib"
#        "D:\Zigbee\Software\Z-Stack Home
#        1.2.2a.44539\Projects\zstack\ZNP\CC2538\..\..\..\..\Components\usblib\cc2538\bin\iar\usbcdc.lib"
#        --entry __iar_program_start --place_holder __checksum,2,.checksum,1
#        --define_symbol __checksum_begin=0x200000 --define_symbol
#        __checksum_end=0x27afff --vfe --text_out locale)
#
###############################################################################

*******************************************************************************
*** MESSAGES
***

Warning[Lt009]: Inconsistent wchar_t size
            APSMEDE.o(AllDevice.a) and 32 other objects have wchar_t size 16
                      bits
            AF.o and 87 other objects have wchar_t size 32 bits


*******************************************************************************
*** RUNTIME MODEL ATTRIBUTES
***

CppFlavor       = *
__SystemLibrary = DLib
__dlib_version  = 6


*******************************************************************************
*** HEAP SELECTION
***

The basic heap was selected because no calls to memory allocation
functions were found in the application outside of system library
functions, and there are calls to deallocation functions in the
application.


*******************************************************************************
*** PLACEMENT SUMMARY
***

"A0":  place at start of [0x00200000-0x0020011b] { ro section .intvec };
"A1":  place at start of [0x0020011c-0x00200133] { ro section .checksum };
"P1":  place in [from 0x0020011c to 0x00200133] { ro section .image_status };
"P2":  place in [from 0x00200134 to 0x0027afff] { ro };
"A10": place at start of [0x20004000-0x20007fff] { section VTABLE };
define block HEAP with size = 256, alignment = 8 { };
"P3":  place in [from 0x20004000 to 0x20007fff] { rw, block HEAP };
do not initialize { section .noinit };
initialize by copy { rw };

  Section            Kind        Address     Size  Object
  -------            ----        -------     ----  ------
"A0":                                       0x100
  .intvec            const    0x00200000    0x100  startup_ewarm.o [1]
                            - 0x00200100    0x100

"A1":                                         0x4
  .checksum          const    0x0020011c      0x2  Place holder __checksum
                            - 0x0020011e      0x2

"P1":                                        0x14
  .image_status      const    0x00200120     0x14  startup_ewarm.o [1]
                            - 0x00200134     0x14

"P2":                                     0x1b606
  .text              ro code  0x00200134   0x2610  nwk_util.o [3]
  .text              ro code  0x00202744    0x4c8  nwk_bufs.o [3]
  .text              ro code  0x00202c0c    0x226  aps_groups.o [3]
  .rodata            const    0x00202e32      0x1  OSAL_ZNP.o [1]
  .text              ro code  0x00202e34   0x1880  rtg.o [3]
  .text              ro code  0x002046b4    0x18c  OSAL_Memory.o [1]
  .text              ro code  0x00204840      0x6  ABImemclr4.o [8]
  .text              ro code  0x00204848    0x418  NLMEDE_CB.o [3]
  .text              ro code  0x00204c60    0x9a6  AssocList.o [3]
  .text              ro code  0x00205608    0x3b0  ssp.o [3]
  .text              ro code  0x002059b8     0x5c  saddr.o [1]
  .text              ro code  0x00205a14    0x458  OSAL.o [1]
  .text              ro code  0x00205e6c    0x20e  zmac.o [1]
  .text              ro code  0x0020607c    0x1ec  OSAL_Timers.o [1]
  .text              ro code  0x00206268    0xb78  osal_nv.o [1]
  .text              ro code  0x00206de0    0x464  AddrMgr.o [3]
  .text              ro code  0x00207244    0xbb8  ZDSecMgr.o [1]
  .text              ro code  0x00207dfc    0x140  nwk_globals.o [1]
  .text              ro code  0x00207f3c   0x1adc  nwk.o [3]
  .text              ro code  0x00209a18    0x7e8  NLMEDE.o [3]
  .text              ro code  0x0020a200    0xb98  APSMEDE.o [3]
  .text              ro code  0x0020ad98   0x16e4  ZDApp.o [1]
  .text              ro code  0x0020c47c    0x3e2  ZDiags.o [1]
  .text              ro code  0x0020c860    0x250  interrupt.o [9]
  .text              ro code  0x0020cab0      0x2  hal_assert.o [1]
  .text              ro code  0x0020cab4     0x32  ABImemset48.o [8]
  .text              ro code  0x0020cae8    0x18c  APSMEDE_CB.o [3]
  .text              ro code  0x0020cc74    0x228  aps_util.o [3]
  .text              ro code  0x0020ce9c    0x7d8  APS.o [3]
  .text              ro code  0x0020d674     0x44  hal_aes.o [1]
  .text              ro code  0x0020d6b8     0xae  hal_ccm.o [1]
  .text              ro code  0x0020d768     0x66  ABImemset.o [8]
  .text              ro code  0x0020d7d0     0x7c  OnBoard.o [1]
  .text              ro code  0x0020d84c     0x14  OSAL_PwrMgr.o [1]
  .text              ro code  0x0020d860     0x80  OSAL_ZNP.o [1]
  .text              ro code  0x0020d8e0     0x62  hal_drivers.o [1]
  .text              ro code  0x0020d944   0x25fc  mac_beacon.o [5]
  .text              ro code  0x0020ff40    0x298  mac_pib.o [1]
  .text              ro code  0x002101d8    0x300  mac_autopend.o [1]
  .text              ro code  0x002104d8    0x132  armcm3flashutil.o [1]
  .text              ro code  0x0021060c     0x20  hal_adc.o [1]
  .text              ro code  0x0021062c   0x1636  ZDObject.o [1]
  .text              ro code  0x00211c64    0x19c  reflecttrack.o [3]
  .text              ro code  0x00211e00    0x5f8  AF.o [1]
  .text              ro code  0x002123f8      0x6  hal_led.o [1]
  .text              ro code  0x00212400    0x388  ZGlobals.o [1]
  .text              ro code  0x00212788    0x1c0  sys_ctrl.o [9]
  .text              ro code  0x00212948     0xc8  ZDConfig.o [1]
  .text              ro code  0x00212a10    0xf3c  ZDProfile.o [1]
  .text              ro code  0x0021394c     0x10  cpu.o [9]
  .text              ro code  0x0021395c    0x728  BindingTable.o [1]
  .text              ro code  0x00214084    0x1ec  aes.o [9]
  .text              ro code  0x00214270    0x388  ccm.o [9]
  .text              ro code  0x002145f8      0x2  hal_key.o [1]
  .text              ro code  0x002145fc    0x47c  mac_mcu.o [1]
  .text              ro code  0x00214a78    0x2ac  znp_app.o [1]
  .text              ro code  0x00214d24    0x5ec  aps_frag.o [3]
  .text              ro code  0x00215310    0x400  ZDNwkMgr.o [1]
  .text              ro code  0x00215710    0x468  stub_aps.o [1]
  .text              ro code  0x00215b78    0x4ac  sapi.o [1]
  .text              ro code  0x00216024    0x380  hal_uart.o [1]
  .text              ro code  0x002163a4      0x8  hal_spi.o [1]
  .text              ro code  0x002163ac    0x248  zmac_cb.o [1]
  .text              ro code  0x002165f4    0x1fa  mac_radio.o [1]
  .text              ro code  0x002167f0     0x7e  mac_low_level.o [1]
  .text              ro code  0x00216870    0x310  mac_tx.o [1]
  .text              ro code  0x00216b80    0x194  mac_rx_onoff.o [1]
  .text              ro code  0x00216d14    0x13c  mac_backoff_timer.o [1]
  .text              ro code  0x00216e50     0xa6  ABImemcpy.o [8]
  .text              ro code  0x00216ef8     0x6c  mac_mem.o [1]
  .text              ro code  0x00216f64     0x38  flash.o [9]
  .text              ro code  0x00216f9c    0xfe2  MT_ZDO.o [1]
  .text              ro code  0x00217f80    0x360  mac_csp_tx.o [1]
  .text              ro code  0x002182e0    0x6c0  mac_rx.o [1]
  .text              ro code  0x002189a0    0x4c0  znp_spi.o [1]
  .text              ro code  0x00218e60    0x1bc  MT.o [1]
  .text              ro code  0x0021901c    0x6c2  MT_AF.o [1]
  .text              ro code  0x002196e0    0x5f8  MT_SYS.o [1]
  .text              ro code  0x00219cd8    0x144  MT_UART.o [1]
  .text              ro code  0x00219e1c    0x28e  MT_SAPI.o [1]
  .text              ro code  0x0021a0ac    0x300  ioc.o [9]
  .text              ro code  0x0021a3ac    0x174  gpio.o [9]
  .text              ro code  0x0021a520     0xd6  uart.o [9]
  .text              ro code  0x0021a5f8     0x5c  mac_sleep.o [1]
  .text              ro code  0x0021a654     0xd0  ssi.o [9]
  .text              ro code  0x0021a724    0x270  OSAL_Clock.o [1]
  .text              ro code  0x0021a994     0x5c  mac_radio_defs.o [1]
  .text              ro code  0x0021a9f0     0x34  systick.o [9]
  .text              ro code  0x0021aa24    0x5d4  MT_UTIL.o [1]
  .text              ro code  0x0021aff8    0x174  hal_sys_ctrl.o [1]
  .text              ro code  0x0021b16c    0x158  ZMain.o [1]
  .text              ro code  0x0021b2c4     0x24  hal_systick.o [1]
  .rodata            const    0x0021b2e8     0xcc  mac_beacon.o [5]
  .rodata            const    0x0021b3b4     0x90  nwk_globals.o [1]
  .text              ro code  0x0021b444     0x8c  MT_APP.o [1]
  .text              ro code  0x0021b4d0     0x40  zero_init3.o [8]
  .text              ro code  0x0021b510     0x3c  startup_ewarm.o [1]
  .text              ro code  0x0021b54c      0xc  cstartup_M.o [8]
  .text              ro code  0x0021b558     0x1a  cmain.o [8]
  .text              ro code  0x0021b572      0x4  low_level_init.o [7]
  .text              ro code  0x0021b578     0x28  data_init.o [8]
  .text              ro code  0x0021b5a0      0x4  exit.o [7]
  .text              ro code  0x0021b5a4      0xa  cexit.o [8]
  .text              ro code  0x0021b5b0     0x14  exit.o [10]
  .text              ro code  0x0021b5c4     0x38  packbits_init_single.o [8]
  .rodata            const    0x0021b5fc     0x24  mac_radio_defs.o [1]
  .iar.init_table    const    0x0021b620     0x28  - Linker created -
  .rodata            const    0x0021b648      0x8  mac_cfg.o [1]
  .rodata            const    0x0021b650      0x8  MT_VERSION.o [1]
  .text              ro code  0x0021b658      0x6  hal_sleep.o [1]
  .rodata            const    0x0021b65e      0x0  zero_init3.o [8]
  .rodata            const    0x0021b65e      0x0  packbits_init_single.o [8]
  Initializer bytes  const    0x0021b65e     0xdc  <for P3-1>
                            - 0x0021b73a  0x1b606

Absolute sections:                         0x3000
  .noinit            uninit   0x0027c800   0x3000  osal_nv.o [1]
                            - 0x0027f800   0x3000

"A10":                                      0x100
  VTABLE             zero     0x20004000    0x100  interrupt.o [9]
                            - 0x20004100    0x100

"P3", part 1 of 3:                          0x2f6
  P3-1                        0x20004100    0x2f6  <Init block>
    .data            inited   0x20004100      0x8  AF.o [1]
    .data            inited   0x20004108     0x58  MT.o [1]
    .data            inited   0x20004160     0x20  osal_nv.o [1]
    .data            inited   0x20004180     0x64  ZDApp.o [1]
    .data            inited   0x200041e4     0x5c  ZDProfile.o [1]
    .data            inited   0x20004240      0xc  ZGlobals.o [1]
    .data            inited   0x2000424c      0x4  ZGlobals.o [1]
    .data            inited   0x20004250      0x4  ZGlobals.o [1]
    .data            inited   0x20004254      0x4  ZGlobals.o [1]
    .data            inited   0x20004258     0x20  APS.o [3]
    .data            inited   0x20004278     0x14  nwk.o [3]
    .data            inited   0x2000428c     0x80  mac_beacon.o [5]
    .data            inited   0x2000430c     0x80  mac_beacon.o [5]
    .data            inited   0x2000438c     0x14  mac_beacon.o [5]
    .data            inited   0x200043a0      0xc  aps_frag.o [3]
    .data            inited   0x200043ac      0x8  reflecttrack.o [3]
    .data            inited   0x200043b4      0x2  ZDObject.o [1]
    .data            inited   0x200043b6      0x2  ZGlobals.o [1]
    .data            inited   0x200043b8      0x2  ZGlobals.o [1]
    .data            inited   0x200043ba      0x2  ZGlobals.o [1]
    .data            inited   0x200043bc      0x2  ZGlobals.o [1]
    .data            inited   0x200043be      0x2  ZGlobals.o [1]
    .data            inited   0x200043c0      0x2  ZGlobals.o [1]
    .data            inited   0x200043c2      0x2  ZGlobals.o [1]
    .data            inited   0x200043c4      0x2  ZGlobals.o [1]
    .data            inited   0x200043c6      0x2  ZGlobals.o [1]
    .data            inited   0x200043c8      0x2  nwk_util.o [3]
    .data            inited   0x200043ca      0x1  mac_sleep.o [1]
    .data            inited   0x200043cb      0x1  nwk_globals.o [1]
    .data            inited   0x200043cc      0x1  OnBoard.o [1]
    .data            inited   0x200043cd      0x1  OSAL.o [1]
    .data            inited   0x200043ce      0x5  stub_aps.o [1]
    .data            inited   0x200043d3      0x1  ZGlobals.o [1]
    .data            inited   0x200043d4      0x1  ZGlobals.o [1]
    .data            inited   0x200043d5      0x1  ZGlobals.o [1]
    .data            inited   0x200043d6      0x1  ZGlobals.o [1]
    .data            inited   0x200043d7      0x1  ZGlobals.o [1]
    .data            inited   0x200043d8      0x1  ZGlobals.o [1]
    .data            inited   0x200043d9      0x1  ZGlobals.o [1]
    .data            inited   0x200043da      0x1  ZGlobals.o [1]
    .data            inited   0x200043db      0x1  ZGlobals.o [1]
    .data            inited   0x200043dc      0x1  ZGlobals.o [1]
    .data            inited   0x200043dd      0x1  ZGlobals.o [1]
    .data            inited   0x200043de      0x1  ZGlobals.o [1]
    .data            inited   0x200043df      0x1  ZGlobals.o [1]
    .data            inited   0x200043e0      0x1  ZGlobals.o [1]
    .data            inited   0x200043e1      0x1  ZGlobals.o [1]
    .data            inited   0x200043e2      0x1  ZGlobals.o [1]
    .data            inited   0x200043e3      0x1  ZGlobals.o [1]
    .data            inited   0x200043e4      0x1  ZGlobals.o [1]
    .data            inited   0x200043e5      0x1  ZGlobals.o [1]
    .data            inited   0x200043e6      0x1  ZGlobals.o [1]
    .data            inited   0x200043e7      0x1  ZGlobals.o [1]
    .data            inited   0x200043e8      0x1  ZGlobals.o [1]
    .data            inited   0x200043e9      0x1  ZGlobals.o [1]
    .data            inited   0x200043ea      0x2  ZGlobals.o [1]
    .data            inited   0x200043ec      0x1  ZGlobals.o [1]
    .data            inited   0x200043ed      0x1  ZGlobals.o [1]
    .data            inited   0x200043ee      0x1  ZGlobals.o [1]
    .data            inited   0x200043ef      0x1  ZGlobals.o [1]
    .data            inited   0x200043f0      0x1  nwk_util.o [3]
    .data            inited   0x200043f1      0x2  NLMEDE.o [3]
    .data            inited   0x200043f3      0x1  NLMEDE.o [3]
    .data            inited   0x200043f4      0x2  reflecttrack.o [3]
                            - 0x200043f6    0x2f6

"P3", part 2 of 3:                          0xe74
  .bss               zero     0x200043f8    0x2f4  nwk_globals.o [1]
  .bss               zero     0x200046ec    0x1c0  nwk_globals.o [1]
  .bss               zero     0x200048ac    0x140  nwk_globals.o [1]
  .bss               zero     0x200049ec    0x100  znp_spi.o [1]
  .bss               zero     0x20004aec     0x78  nwk.o [3]
  .bss               zero     0x20004b64     0x6c  mac_pib.o [1]
  .bss               zero     0x20004bd0     0x60  nwk_globals.o [1]
  .bss               zero     0x20004c30     0x60  mac_beacon.o [5]
  .bss               zero     0x20004c90     0x58  ZDiags.o [1]
  .bss               zero     0x20004ce8     0x50  nwk_globals.o [1]
  .bss               zero     0x20004d38     0x50  mac_beacon.o [5]
  .bss               zero     0x20004d88     0x4c  mac_beacon.o [5]
  .bss               zero     0x20004dd4     0x48  nwk_globals.o [1]
  .bss               zero     0x20004e1c     0x44  mac_beacon.o [5]
  .bss               zero     0x20004e60     0x44  mac_beacon.o [5]
  .bss               zero     0x20004ea4     0x38  nwk_globals.o [1]
  .bss               zero     0x20004edc     0x38  ZDObject.o [1]
  .bss               zero     0x20004f14     0x38  mac_beacon.o [5]
  .bss               zero     0x20004f4c     0x30  ZDNwkMgr.o [1]
  .bss               zero     0x20004f7c     0x2c  hal_uart.o [1]
  .bss               zero     0x20004fa8     0x28  ZDSecMgr.o [1]
  .bss               zero     0x20004fd0     0x24  nwk_globals.o [1]
  .bss               zero     0x20004ff4     0x20  BindingTable.o [1]
  .bss               zero     0x20005014     0x1c  nwk_util.o [3]
  .bss               zero     0x20005030     0x18  mac_rx.o [1]
  .bss               zero     0x20005048     0x18  nwk_globals.o [1]
  .bss               zero     0x20005060     0x16  sapi.o [1]
  .bss               zero     0x20005076      0x2  mac_rx_onoff.o [1]
  .bss               zero     0x20005078     0x14  nwk_globals.o [1]
  .bss               zero     0x2000508c     0x14  aes.o [9]
  .bss               zero     0x200050a0     0x10  mac_mcu.o [1]
  .bss               zero     0x200050b0     0x10  ZDConfig.o [1]
  .bss               zero     0x200050c0     0x10  znp_app.o [1]
  .bss               zero     0x200050d0     0x10  APSMEDE.o [3]
  .bss               zero     0x200050e0     0x10  nwk_util.o [3]
  .bss               zero     0x200050f0     0x10  APS.o [3]
  .bss               zero     0x20005100      0xc  MT_UART.o [1]
  .bss               zero     0x2000510c      0xc  nwk_globals.o [1]
  .bss               zero     0x20005118      0xc  osal_nv.o [1]
  .bss               zero     0x20005124      0xc  ZDApp.o [1]
  .bss               zero     0x20005130      0xc  ZDSecMgr.o [1]
  .bss               zero     0x2000513c      0xc  znp_spi.o [1]
  .bss               zero     0x20005148      0xc  nwk_util.o [3]
  .bss               zero     0x20005154      0xc  NLMEDE.o [3]
  .bss               zero     0x20005160      0x8  mac_backoff_timer.o [1]
  .bss               zero     0x20005168      0x8  mac_mcu.o [1]
  .bss               zero     0x20005170      0x8  mac_tx.o [1]
  .bss               zero     0x20005178      0x8  MT_AF.o [1]
  .bss               zero     0x20005180      0x8  OnBoard.o [1]
  .bss               zero     0x20005188      0x8  OSAL_Clock.o [1]
  .bss               zero     0x20005190      0x8  OSAL_PwrMgr.o [1]
  .bss               zero     0x20005198      0x8  OSAL_Timers.o [1]
  .bss               zero     0x200051a0      0x8  ZGlobals.o [1]
  .bss               zero     0x200051a8      0x8  ZGlobals.o [1]
  .bss               zero     0x200051b0      0x8  zmac.o [1]
  .bss               zero     0x200051b8      0x8  nwk_util.o [3]
  .bss               zero     0x200051c0      0x8  AddrMgr.o [3]
  .bss               zero     0x200051c8      0x8  nwk.o [3]
  .bss               zero     0x200051d0      0x8  ssp.o [3]
  .bss               zero     0x200051d8      0x8  ssp.o [3]
  .bss               zero     0x200051e0      0x4  hal_aes.o [1]
  .bss               zero     0x200051e4      0x4  mac_radio.o [1]
  .bss               zero     0x200051e8      0x4  MT_ZDO.o [1]
  .bss               zero     0x200051ec      0x4  MT_ZDO.o [1]
  .bss               zero     0x200051f0      0x4  OSAL.o [1]
  .bss               zero     0x200051f4      0x4  OSAL_ZNP.o [1]
  .bss               zero     0x200051f8      0x4  ZDConfig.o [1]
  .bss               zero     0x200051fc      0x4  ZDNwkMgr.o [1]
  .bss               zero     0x20005200      0x4  ZDNwkMgr.o [1]
  .bss               zero     0x20005204      0x4  ZDObject.o [1]
  .bss               zero     0x20005208      0x4  ZDProfile.o [1]
  .bss               zero     0x2000520c      0x4  ZGlobals.o [1]
  .bss               zero     0x20005210      0x4  zmac_cb.o [1]
  .bss               zero     0x20005214      0x4  APSMEDE.o [3]
  .bss               zero     0x20005218      0x4  APSMEDE.o [3]
  .bss               zero     0x2000521c      0x4  nwk_util.o [3]
  .bss               zero     0x20005220      0x4  aps_groups.o [3]
  .bss               zero     0x20005224      0x4  APS.o [3]
  .bss               zero     0x20005228      0x4  APS.o [3]
  .bss               zero     0x2000522c      0x4  APS.o [3]
  .bss               zero     0x20005230      0x4  nwk_bufs.o [3]
  .bss               zero     0x20005234      0x4  nwk_bufs.o [3]
  .bss               zero     0x20005238      0x4  NLMEDE.o [3]
  .bss               zero     0x2000523c      0x4  NLMEDE.o [3]
  .bss               zero     0x20005240      0x2  MT_SAPI.o [1]
  .bss               zero     0x20005242      0x2  ZDObject.o [1]
  .bss               zero     0x20005244      0x2  ZDSecMgr.o [1]
  .bss               zero     0x20005246      0x2  nwk_util.o [3]
  .bss               zero     0x20005248      0x2  NLMEDE.o [3]
  .bss               zero     0x2000524a      0x2  NLMEDE.o [3]
  .bss               zero     0x2000524c      0x1  hal_drivers.o [1]
  .bss               zero     0x2000524d      0x1  hal_uart.o [1]
  .bss               zero     0x2000524e      0x1  mac_autopend.o [1]
  .bss               zero     0x2000524f      0x1  mac_autopend.o [1]
  .bss               zero     0x20005250      0x1  mac_mcu.o [1]
  .bss               zero     0x20005251      0x1  MT_TASK.o [1]
  .bss               zero     0x20005252      0x1  MT_ZDO.o [1]
  .bss               zero     0x20005253      0x1  OnBoard.o [1]
  .bss               zero     0x20005254      0x1  OSAL_Memory.o [1]
  .bss               zero     0x20005255      0x1  ZDApp.o [1]
  .bss               zero     0x20005256      0x1  ZDApp.o [1]
  .bss               zero     0x20005257      0x1  ZDApp.o [1]
  .bss               zero     0x20005258      0x1  ZGlobals.o [1]
  .bss               zero     0x20005259      0x1  ZGlobals.o [1]
  .bss               zero     0x2000525a      0x1  ZGlobals.o [1]
  .bss               zero     0x2000525b      0x1  ZGlobals.o [1]
  .bss               zero     0x2000525c      0x1  ZGlobals.o [1]
  .bss               zero     0x2000525d      0x1  ZGlobals.o [1]
  .bss               zero     0x2000525e      0x1  ZGlobals.o [1]
  .bss               zero     0x2000525f      0x1  ZGlobals.o [1]
  .bss               zero     0x20005260      0x1  ZGlobals.o [1]
  .bss               zero     0x20005261      0x1  ZGlobals.o [1]
  .bss               zero     0x20005262      0x1  ZGlobals.o [1]
  .bss               zero     0x20005263      0x1  zmac_cb.o [1]
  .bss               zero     0x20005264      0x1  znp_app.o [1]
  .bss               zero     0x20005265      0x1  nwk_util.o [3]
  .bss               zero     0x20005266      0x1  nwk_util.o [3]
  .bss               zero     0x20005267      0x1  rtg.o [3]
  .bss               zero     0x20005268      0x1  rtg.o [3]
  .bss               zero     0x20005269      0x1  nwk.o [3]
                            - 0x2000526a    0xe72

"P3", part 3 of 3:                         0x2004
  .noinit            uninit   0x2000526c   0x1800  OSAL_Memory.o [1]
  .noinit            uninit   0x20006a6c    0x800  startup_ewarm.o [1]
  .noinit            uninit   0x2000726c      0x4  OSAL_Memory.o [1]
                            - 0x20007270   0x2004


*******************************************************************************
*** INIT TABLE
***

          Address     Size
          -------     ----
Zero (__iar_zero_init3)
    2 destination ranges, total size 0xf72:
          0x20004000  0x100
          0x200043f8  0xe72

Copy/packbits (__iar_packbits_init_single3)
    1 source range, total size 0xdc (29% of destination):
          0x0021b65e   0xdc
    1 destination range, total size 0x2f6:
          0x20004100  0x2f6



*******************************************************************************
*** MODULE SUMMARY
***

    Module                  ro code  ro data  rw data  rw data
                                                        (abs)
    ------                  -------  -------  -------  -------
D:\Zigbee\Software\Z-Stack Home 1.2.2a.44539\Projects\zstack\ZNP\CC2538\ZNP SBL\Obj: [1]
    AF.o                      1 528        2        8
    BindingTable.o            1 832                32
    MT.o                        444       25       88
    MT_AF.o                   1 730                 8
    MT_APP.o                    140
    MT_SAPI.o                   654                 2
    MT_SYS.o                  1 528
    MT_TASK.o                                       1
    MT_UART.o                   324                12
    MT_UTIL.o                 1 492
    MT_VERSION.o                           8
    MT_ZDO.o                  4 066                 9
    OSAL.o                    1 112                 5
    OSAL_Clock.o                624                 8
    OSAL_Memory.o               396             6 149
    OSAL_PwrMgr.o                20                 8
    OSAL_Timers.o               492                 8
    OSAL_ZNP.o                  128        1        4
    OnBoard.o                   124        1       10
    ZDApp.o                   5 860       29      115
    ZDConfig.o                  200                20
    ZDNwkMgr.o                1 024                56
    ZDObject.o                5 686        1       64
    ZDProfile.o               3 900       26       96
    ZDSecMgr.o                3 000                54
    ZDiags.o                    994                88
    ZGlobals.o                  904       21      102
    ZMain.o                     344
    armcm3flashutil.o           306
    hal_adc.o                    32
    hal_aes.o                    68                 4
    hal_assert.o                  2
    hal_ccm.o                   174
    hal_drivers.o                98                 1
    hal_key.o                     2
    hal_led.o                     6
    hal_sleep.o                   6
    hal_spi.o                     8
    hal_sys_ctrl.o              372
    hal_systick.o                36
    hal_uart.o                  896                45
    mac_autopend.o              768                 2
    mac_backoff_timer.o         316                 8
    mac_cfg.o                              8
    mac_csp_tx.o                864
    mac_low_level.o             126
    mac_mcu.o                 1 148                25
    mac_mem.o                   108
    mac_pib.o                   664               108
    mac_radio.o                 506                 4
    mac_radio_defs.o             92       36
    mac_rx.o                  1 728                24
    mac_rx_onoff.o              404                 2
    mac_sleep.o                  92                 1
    mac_tx.o                    784                 8
    nwk_globals.o               320      144    1 921
    osal_nv.o                 2 936       10       44   12 288
    saddr.o                      92
    sapi.o                    1 196                22
    startup_ewarm.o              60      276    2 048
    stub_aps.o                1 128        1        5
    zmac.o                      526                 8
    zmac_cb.o                   584                 5
    znp_app.o                   684                17
    znp_spi.o                 1 216               268
    ----------------------------------------------------------
    Total:                   56 894      589   11 517   12 288

command line: [2]
    ----------------------------------------------------------
    Total:

AllDevice.a: [3]
    APS.o                     2 008       10       60
    APSMEDE.o                 2 968                24
    APSMEDE_CB.o                396
    AddrMgr.o                 1 124                 8
    AssocList.o               2 470
    NLMEDE.o                  2 024        1       27
    NLMEDE_CB.o               1 048
    aps_frag.o                1 516        3       12
    aps_groups.o                550                 4
    aps_util.o                  552
    nwk.o                     6 876        5      149
    nwk_bufs.o                1 224                 8
    nwk_util.o                9 744        1       75
    reflecttrack.o              412        3       10
    rtg.o                     6 272                 2
    ssp.o                       944                16
    ----------------------------------------------------------
    Total:                   40 128       23      395

Ecc.a: [4]
    ----------------------------------------------------------
    Total:

TIMAC-CC2538.a: [5]
    mac_beacon.o              9 724      285      720
    ----------------------------------------------------------
    Total:                    9 724      285      720

bsp_no_lcd_buf.lib: [6]
    ----------------------------------------------------------
    Total:

dl7M_tln.a: [7]
    exit.o                        4
    low_level_init.o              4
    ----------------------------------------------------------
    Total:                        8

rt7M_tl.a: [8]
    ABImemclr4.o                  6
    ABImemcpy.o                 166
    ABImemset.o                 102
    ABImemset48.o                50
    cexit.o                      10
    cmain.o                      26
    cstartup_M.o                 12
    data_init.o                  40
    packbits_init_single.o       56
    zero_init3.o                 64
    ----------------------------------------------------------
    Total:                      532

sdriverlib.lib: [9]
    aes.o                       492                20
    ccm.o                       904
    cpu.o                        16
    flash.o                      56
    gpio.o                      372
    interrupt.o                 592               256
    ioc.o                       768
    ssi.o                       208
    sys_ctrl.o                  448
    systick.o                    52
    uart.o                      214
    ----------------------------------------------------------
    Total:                    4 122               276

shb_l.a: [10]
    exit.o                       20
    ----------------------------------------------------------
    Total:                       20

    Gaps                         45
    Linker created                        40
--------------------------------------------------------------
    Grand Total:            111 473      939   12 908   12 288


*******************************************************************************
*** ENTRY LIST
***

Entry                      Address    Size  Type      Object
-----                      -------    ----  ----      ------
.iar.init_table$$Base   0x0021b620           --   Gb  - Linker created -
.iar.init_table$$Limit  0x0021b648           --   Gb  - Linker created -
?main                   0x0021b559          Code  Gb  cmain.o [8]
AESECBCheckResult       0x002141dd    0x16  Code  Gb  aes.o [9]
AESECBGetResult         0x002141f3    0x5a  Code  Gb  aes.o [9]
AESECBStart             0x00214155    0x88  Code  Gb  aes.o [9]
AESLoadKey              0x00214085    0xce  Code  Gb  aes.o [9]
AF_DataRequest          0x002120b5   0x1de  Code  Gb  AF.o [1]
AF_DataRequestDiscoverRoute
                        0x20004100     0x1  Data  Gb  AF.o [1]
AF_DataRequestSrcRtg    0x00212293    0x44  Code  Gb  AF.o [1]
AIB_MaxBindingTime      0x2000425c     0x2  Data  Gb  APS.o [3]
AIB_apsTrustCenterAddress
                        0x20004260     0x4  Data  Gb  APS.o [3]
AIB_apsUseExtendedPANID
                        0x20004270     0x8  Data  Gb  APS.o [3]
AIB_apsUseInsecureJoin  0x2000425a     0x1  Data  Gb  APS.o [3]
APSDE_DataCnf           0x0020cb01     0xa  Code  Gb  APSMEDE_CB.o [3]
APSDE_DataConfirm       0x0020cae9    0x18  Code  Gb  APSMEDE_CB.o [3]
APSDE_DataIndication    0x0020cb0b    0x9a  Code  Gb  APSMEDE_CB.o [3]
APSDE_DataReq           0x0020a201   0x1f8  Code  Gb  APSMEDE.o [3]
APSDE_DataReqMTU        0x0020a3f9    0x28  Code  Gb  APSMEDE.o [3]
APSDE_FrameAlloc        0x0020a971    0xc6  Code  Gb  APSMEDE.o [3]
APSDE_FrameBlkFree      0x0020a6f3     0xc  Code  Lc  APSMEDE.o [3]
APSDE_FrameHdrInit      0x0020a675    0x7e  Code  Lc  APSMEDE.o [3]
APSDE_FrameHdrSet       0x0020a577    0xf2  Code  Lc  APSMEDE.o [3]
APSDE_FrameSend         0x0020aa37    0x34  Code  Gb  APSMEDE.o [3]
APSDE_ParseMsg          0x0020cc75    0xfe  Code  Gb  aps_util.o [3]
APSF_AddObj             0x00214d4b    0x2a  Code  Lc  aps_frag.o [3]
APSF_AllocRxObj         0x00215033    0xda  Code  Lc  aps_frag.o [3]
APSF_FindObj            0x00214d75    0x26  Code  Lc  aps_frag.o [3]
APSF_FreeObj            0x00214d9b    0x28  Code  Lc  aps_frag.o [3]
APSF_IncomingData       0x0021510d   0x12c  Code  Lc  aps_frag.o [3]
APSF_Init               0x00214d25    0x26  Code  Gb  aps_frag.o [3]
APSF_ObjList            0x200043a4     0x4  Data  Lc  aps_frag.o [3]
APSF_ProcessAck         0x00214fb1    0x82  Code  Gb  aps_frag.o [3]
APSF_ProcessEvent       0x00215243    0xae  Code  Gb  aps_frag.o [3]
APSF_SendFragmented     0x00214dc5   0x108  Code  Gb  aps_frag.o [3]
APSF_SendOsalMsg        0x00215239     0xa  Code  Gb  aps_frag.o [3]
APSF_TxNextFrame        0x00214ecd    0xe2  Code  Lc  aps_frag.o [3]
APSF_taskID             0x200043a0     0x1  Data  Gb  aps_frag.o [3]
APSME_BindRequest       0x0020a421    0x26  Code  Gb  APSMEDE.o [3]
APSME_CmdPkt            0x0020a92b    0x40  Code  Gb  APSMEDE.o [3]
APSME_CmdPktHook        0x20005214     0x4  Data  Lc  APSMEDE.o [3]
APSME_CmdPktRM_CD       0x0020a8f3     0xe  Code  Lc  APSMEDE.o [3]
APSME_CmdPktRM_ED       0x0020a919    0x12  Code  Lc  APSMEDE.o [3]
APSME_CmdPktRM_RD       0x0020a901    0x18  Code  Lc  APSMEDE.o [3]
APSME_CmdRemoveDevice   0x0020a8c3    0x18  Code  Lc  APSMEDE.o [3]
APSME_CmdSwitchKey      0x0020a8db    0x18  Code  Lc  APSMEDE.o [3]
APSME_CmdTransportKey   0x0020a783   0x116  Code  Lc  APSMEDE.o [3]
APSME_CmdUpdateDevice   0x0020a899    0x2a  Code  Lc  APSMEDE.o [3]
APSME_FrameSecApplyExtHook
                        0x200050d8     0x4  Data  Lc  APSMEDE.o [3]
APSME_FrameSecApplyExtNM
                        0x0020a555     0x4  Code  Lc  APSMEDE.o [3]
APSME_FrameSecApplyHook
                        0x200050d4     0x4  Data  Lc  APSMEDE.o [3]
APSME_FrameSecApplyNM   0x0020a54f     0x6  Code  Lc  APSMEDE.o [3]
APSME_FrameSecNM        0x0020a559    0x1e  Code  Lc  APSMEDE.o [3]
APSME_FrameSecRemoveHook
                        0x200050dc     0x4  Data  Lc  APSMEDE.o [3]
APSME_FrameSecRemoveNM  0x0020a54b     0x4  Code  Lc  APSMEDE.o [3]
APSME_FrameSecSetupHook
                        0x200050d0     0x4  Data  Lc  APSMEDE.o [3]
APSME_FrameSecSetupNM   0x0020a545     0x6  Code  Lc  APSMEDE.o [3]
APSME_FrameSecurityRemove
                        0x0020aa73    0x2a  Code  Gb  APSMEDE.o [3]
APSME_FrameTunnel       0x0020a6ff    0x84  Code  Lc  APSMEDE.o [3]
APSME_GetRequest        0x0020a45b    0x58  Code  Gb  APSMEDE.o [3]
APSME_HoldDataRequests  0x0020d503    0x18  Code  Gb  APS.o [3]
APSME_IsDistributedSecurity
                        0x0020ad4f     0xc  Code  Gb  APSMEDE.o [3]
APSME_KeyFwdToChild     0x002079b3    0x22  Code  Gb  ZDSecMgr.o [1]
APSME_LinkKeySet        0x00207921    0x6c  Code  Gb  ZDSecMgr.o [1]
APSME_LookupNwkAddr     0x0020a4dd    0x2e  Code  Gb  APSMEDE.o [3]
APSME_RemoveDeviceInd   0x0020cc13    0x20  Code  Gb  APSMEDE_CB.o [3]
APSME_RemoveDeviceReq   0x0020abfd    0x3c  Code  Gb  APSMEDE.o [3]
APSME_RequestKeyReq     0x0020ac67    0x6c  Code  Gb  APSMEDE.o [3]
APSME_SecurityRM_CD     0x0020ad41     0xe  Code  Gb  APSMEDE.o [3]
APSME_SecurityRM_ED     0x0020ad25     0xe  Code  Gb  APSMEDE.o [3]
APSME_SecurityRM_RD     0x0020ad33     0xe  Code  Gb  APSMEDE.o [3]
APSME_SetRequest        0x0020a4b3    0x2a  Code  Gb  APSMEDE.o [3]
APSME_SwitchKeyInd      0x0020cc41    0x28  Code  Gb  APSMEDE_CB.o [3]
APSME_SwitchKeyReq      0x0020acd7    0x48  Code  Gb  APSMEDE.o [3]
APSME_TCLinkKeyInit     0x00207b49    0x66  Code  Gb  ZDSecMgr.o [1]
APSME_TransportKeyInd   0x0020cba5    0x3e  Code  Gb  APSMEDE_CB.o [3]
APSME_TransportKeyReq   0x0020aab9    0xe6  Code  Gb  APSMEDE.o [3]
APSME_UnBindRequest     0x0020a447    0x14  Code  Gb  APSMEDE.o [3]
APSME_UpdateDeviceInd   0x0020cbe3    0x28  Code  Gb  APSMEDE_CB.o [3]
APSME_UpdateDeviceReq   0x0020ab9f    0x56  Code  Gb  APSMEDE.o [3]
APS_AllowDataRequests   0x2000425b     0x1  Data  Gb  APS.o [3]
APS_CmdInd              0x0020d001    0x5c  Code  Gb  APS.o [3]
APS_Counter             0x20004259     0x1  Data  Gb  APS.o [3]
APS_DataConfirmReflect  0x0020d139    0x20  Code  Lc  APS.o [3]
APS_DataIndReflect      0x0020d159   0x126  Code  Lc  APS.o [3]
APS_GetBind             0x0020d095    0xa4  Code  Lc  APS.o [3]
APS_Init                0x0020cec1    0x30  Code  Gb  APS.o [3]
APS_IsDuplicate         0x0020d5ad    0x98  Code  Lc  APS.o [3]
APS_MaintainDupRejTable
                        0x0020d527    0x86  Code  Lc  APS.o [3]
APS_ReReflect           0x0020d427    0x84  Code  Lc  APS.o [3]
APS_Reflect             0x0020d27f   0x1a8  Code  Lc  APS.o [3]
APS_ReflectMonitor      0x0020d4ab    0x54  Code  Lc  APS.o [3]
APS_ReflectorInit       0x0020ce9d    0x24  Code  Gb  APS.o [3]
APS_SetEndDeviceBindTimeout
                        0x0020cfeb    0x16  Code  Gb  APS.o [3]
APS_TaskID              0x20004258     0x1  Data  Gb  APS.o [3]
APS_UnBind              0x0020d05d    0x38  Code  Lc  APS.o [3]
APS_event_loop          0x0020cef1    0xfa  Code  Gb  APS.o [3]
APS_lastDupTime         0x2000426c     0x4  Data  Gb  APS.o [3]
AddrMgrEntryAdd         0x00206e4b    0x56  Code  Lc  AddrMgr.o [3]
AddrMgrEntryAddRef      0x00206f71    0x32  Code  Gb  AddrMgr.o [3]
AddrMgrEntryData        0x200051c4     0x4  Data  Lc  AddrMgr.o [3]
AddrMgrEntryGet         0x0020705f    0x3e  Code  Gb  AddrMgr.o [3]
AddrMgrEntryLookupExt   0x00207007    0x58  Code  Gb  AddrMgr.o [3]
AddrMgrEntryLookupNwk   0x00206fb1    0x56  Code  Gb  AddrMgr.o [3]
AddrMgrEntryRelease     0x00206f47    0x2a  Code  Gb  AddrMgr.o [3]
AddrMgrEntrySet         0x00206e05    0x46  Code  Lc  AddrMgr.o [3]
AddrMgrEntryTotal       0x200051c0     0x2  Data  Lc  AddrMgr.o [3]
AddrMgrEntryUpdate      0x002070a3    0xc6  Code  Gb  AddrMgr.o [3]
AddrMgrEntryValidate    0x00206de1    0x24  Code  Lc  AddrMgr.o [3]
AddrMgrExtAddrLookup    0x00206ef3    0x26  Code  Gb  AddrMgr.o [3]
AddrMgrExtAddrSet       0x00206ecb     0xe  Code  Gb  AddrMgr.o [3]
AddrMgrExtAddrValid     0x00206ed9    0x1a  Code  Gb  AddrMgr.o [3]
AddrMgrInit             0x00206ea1    0x2a  Code  Gb  AddrMgr.o [3]
AddrMgrInitNV           0x002071f1    0x20  Code  Gb  AddrMgr.o [3]
AddrMgrIsFull           0x00207169    0x28  Code  Gb  AddrMgr.o [3]
AddrMgrNwkAddrLookup    0x00206f19    0x2e  Code  Gb  AddrMgr.o [3]
AddrMgrRestoreFromNV    0x00207191    0x24  Code  Gb  AddrMgr.o [3]
AddrMgrSetDefaultNV     0x00207211    0x2c  Code  Gb  AddrMgr.o [3]
AddrMgrWriteNV          0x002071b5    0x30  Code  Gb  AddrMgr.o [3]
AddrMgrWriteNVRequest   0x0020c06d     0xc  Code  Gb  ZDApp.o [1]
App_TaskID              0x20005100     0x1  Data  Gb  MT_UART.o [1]
ApsLinkKeyFrmCntr       0x20004fa8    0x24  Data  Gb  ZDSecMgr.o [1]
AssocAddNew             0x00204ca3   0x110  Code  Gb  AssocList.o [3]
AssocChangeNwkAddr      0x00204db9    0x70  Code  Gb  AssocList.o [3]
AssocCheckDupNeighbors  0x0020501d    0x76  Code  Gb  AssocList.o [3]
AssocChildAging         0x00205099    0x60  Code  Gb  AssocList.o [3]
AssocChildTableManagement
                        0x00205133    0x4e  Code  Gb  AssocList.o [3]
AssocChildTableUpdateTimeout
                        0x00205115    0x1e  Code  Gb  AssocList.o [3]
AssocCopyBackupToNewNV  0x002051cd   0x11c  Code  Lc  AssocList.o [3]
AssocCount              0x00204c77    0x2c  Code  Gb  AssocList.o [3]
AssocFindDevice         0x00204feb    0x32  Code  Gb  AssocList.o [3]
AssocGetNextChildNode   0x00204fa5     0x4  Code  Gb  AssocList.o [3]
AssocGetNextNode        0x00204f37    0x6e  Code  Lc  AssocList.o [3]
AssocGetWithAddress     0x00204e7d    0x62  Code  Gb  AssocList.o [3]
AssocGetWithExt         0x00204e7b     0x2  Code  Gb  AssocList.o [3]
AssocGetWithShort       0x00204e75     0x6  Code  Gb  AssocList.o [3]
AssocInit               0x00204c61    0x16  Code  Gb  AssocList.o [3]
AssocInitNV             0x0020518d    0x32  Code  Gb  AssocList.o [3]
AssocIsChild            0x00204e29    0x1c  Code  Gb  AssocList.o [3]
AssocIsParent           0x00204e61    0x14  Code  Gb  AssocList.o [3]
AssocIsRFChild          0x00204e45    0x1c  Code  Gb  AssocList.o [3]
AssocMakeList           0x00204fa9    0x42  Code  Gb  AssocList.o [3]
AssocMakeListOfRfdChild
                        0x00205545    0x78  Code  Gb  AssocList.o [3]
AssocRemove             0x00204edf    0x4a  Code  Gb  AssocList.o [3]
AssocRestoreFromNV      0x00205395   0x11e  Code  Gb  AssocList.o [3]
AssocSetDefaultNV       0x002051bf     0xe  Code  Gb  AssocList.o [3]
AssocUpgradeTableInNV   0x002052e9    0xac  Code  Lc  AssocList.o [3]
AssocWriteNV            0x002054df    0x4e  Code  Gb  AssocList.o [3]
AssociatedDevList       0x200043f8   0x2f4  Data  Gb  nwk_globals.o [1]
BindCopyBackupToNewNV   0x00213e8f    0xc0  Code  Lc  BindingTable.o [1]
BindInitNV              0x00213e51    0x24  Code  Gb  BindingTable.o [1]
BindRestoreFromNV       0x00213f51    0xba  Code  Gb  BindingTable.o [1]
BindSetDefaultNV        0x00213e75     0xe  Code  Gb  BindingTable.o [1]
BindWriteNV             0x00214015    0x56  Code  Gb  BindingTable.o [1]
BindingTable            0x20004ea4    0x38  Data  Gb  nwk_globals.o [1]
CCMAuthEncryptCheckResult
                        0x0021437b    0x16  Code  Gb  ccm.o [9]
CCMAuthEncryptGetResult
                        0x00214391    0x88  Code  Gb  ccm.o [9]
CCMAuthEncryptStart     0x00214271   0x10a  Code  Gb  ccm.o [9]
CCMInvAuthDecryptCheckResult
                        0x0021451f     0x2  Code  Gb  ccm.o [9]
CCMInvAuthDecryptGetResult
                        0x00214521    0xaa  Code  Gb  ccm.o [9]
CCMInvAuthDecryptStart  0x00214419   0x100  Code  Gb  ccm.o [9]
CPUcpsid                0x0021394d     0x8  Code  Gb  cpu.o [9]
CPUcpsie                0x00213955     0x8  Code  Gb  cpu.o [9]
DiagsStatsTable         0x20004c90    0x58  Data  Lc  ZDiags.o [1]
FSC_Token               0x20005103     0x1  Data  Gb  MT_UART.o [1]
FaultISR                0x0021b545     0x4  Code  Lc  startup_ewarm.o [1]
FlashCacheModeSet       0x00216f85    0x12  Code  Gb  flash.o [9]
FlashMainPageErase      0x00216f65    0x10  Code  Gb  flash.o [9]
GPIODirModeSet          0x0021a3db    0x28  Code  Gb  gpio.o [9]
GPIOGetIntNumber        0x0021a3ad    0x2e  Code  Gb  gpio.o [9]
GPIOIntTypeSet          0x0021a403    0x38  Code  Gb  gpio.o [9]
GPIOIntWakeupDisable    0x0021a4ff     0xc  Code  Gb  gpio.o [9]
GPIOIntWakeupEnable     0x0021a4f5     0xa  Code  Gb  gpio.o [9]
GPIOPinIntClear         0x0021a447     0x6  Code  Gb  gpio.o [9]
GPIOPinIntEnable        0x0021a43b     0xc  Code  Gb  gpio.o [9]
GPIOPinRead             0x0021a467     0x6  Code  Gb  gpio.o [9]
GPIOPinTypeGPIOInput    0x0021a473     0xa  Code  Gb  gpio.o [9]
GPIOPinTypeGPIOOutput   0x0021a47d     0xa  Code  Gb  gpio.o [9]
GPIOPinTypeSSI          0x0021a487     0x2  Code  Gb  gpio.o [9]
GPIOPinTypeUARTInput    0x0021a4a1     0x4  Code  Gb  gpio.o [9]
GPIOPinTypeUARTOutput   0x0021a4a5    0x1a  Code  Gb  gpio.o [9]
GPIOPinWrite            0x0021a46d     0x6  Code  Gb  gpio.o [9]
GPIOPortIntRegister     0x0021a44d    0x1a  Code  Gb  gpio.o [9]
GPIOPowIntTypeSet       0x0021a4bf    0x36  Code  Gb  gpio.o [9]
GetBindingTableEntry    0x00213e1b    0x34  Code  Gb  BindingTable.o [1]
HalAdcCheckVdd          0x00210611    0x16  Code  Gb  hal_adc.o [1]
HalAdcRead              0x0021060d     0x4  Code  Gb  hal_adc.o [1]
HalAesInit              0x0020d675    0x14  Code  Gb  hal_aes.o [1]
HalDriverInit           0x0020d8e7    0x12  Code  Gb  hal_drivers.o [1]
HalKeyConfig            0x002145f9     0x2  Code  Gb  hal_key.o [1]
HalLedBlink             0x002123fd     0x2  Code  Gb  hal_led.o [1]
HalLedSet               0x002123f9     0x4  Code  Gb  hal_led.o [1]
HalSpiInit              0x002163a5     0x4  Code  Gb  hal_spi.o [1]
HalSpiPoll              0x002163a9     0x4  Code  Gb  hal_spi.o [1]
HalUARTCloseIsr         0x002161db    0x1e  Code  Gb  hal_uart.o [1]
HalUARTInit             0x00216381     0x2  Code  Gb  hal_uart.o [1]
HalUARTInitIsr          0x00216025    0x32  Code  Gb  hal_uart.o [1]
HalUARTOpen             0x00216383     0x2  Code  Gb  hal_uart.o [1]
HalUARTOpenIsr          0x0021605d    0xee  Code  Gb  hal_uart.o [1]
HalUARTPoll             0x00216385     0x2  Code  Gb  hal_uart.o [1]
HalUARTPollIsr          0x0021614b    0x90  Code  Gb  hal_uart.o [1]
HalUARTRead             0x00216387     0x2  Code  Gb  hal_uart.o [1]
HalUARTReadIsr          0x002161f9    0x40  Code  Gb  hal_uart.o [1]
HalUARTWrite            0x00216389     0x2  Code  Gb  hal_uart.o [1]
HalUARTWriteIsr         0x00216239    0x68  Code  Gb  hal_uart.o [1]
Hal_Init                0x0020d8e1     0x6  Code  Gb  hal_drivers.o [1]
Hal_ProcessEvent        0x0020d8f9    0x38  Code  Gb  hal_drivers.o [1]
Hal_ProcessPoll         0x0020d935     0xe  Code  Gb  hal_drivers.o [1]
Hal_TaskID              0x2000524c     0x1  Data  Gb  hal_drivers.o [1]
Hal_UART_RxBufLen       0x0021638b     0x2  Code  Gb  hal_uart.o [1]
Hal_UART_RxBufLenIsr    0x002162a1    0x18  Code  Gb  hal_uart.o [1]
INTERP_DataConfirm      0x00215a65     0xc  Code  Gb  stub_aps.o [1]
INTERP_DataIndication   0x00215a71    0xfa  Code  Gb  stub_aps.o [1]
INTERP_DataReq          0x00215941   0x120  Code  Gb  stub_aps.o [1]
INTERP_DataReqMTU       0x00215a61     0x4  Code  Gb  stub_aps.o [1]
IOCPadConfigSet         0x0021a22d    0x68  Code  Gb  ioc.o [9]
IOCPinConfigPeriphInput
                        0x0021a115   0x118  Code  Gb  ioc.o [9]
IOCPinConfigPeriphOutput
                        0x0021a0ad    0x68  Code  Gb  ioc.o [9]
InitBindingTable        0x0021395d    0x4e  Code  Gb  BindingTable.o [1]
InitBoard               0x0020d7d1    0x30  Code  Gb  OnBoard.o [1]
IntAltMapEnable         0x0020c9ad     0xc  Code  Gb  interrupt.o [9]
IntDefaultHandler       0x0021b549     0x4  Code  Lc  startup_ewarm.o [1]
IntDisable              0x0020c919    0x58  Code  Gb  interrupt.o [9]
IntEnable               0x0020c8c1    0x58  Code  Gb  interrupt.o [9]
IntMasterDisable        0x0020c869     0x6  Code  Gb  interrupt.o [9]
IntMasterEnable         0x0020c861     0x8  Code  Gb  interrupt.o [9]
IntPendClear            0x0020c971    0x3c  Code  Gb  interrupt.o [9]
IntPrioritySet          0x0020c89d    0x24  Code  Gb  interrupt.o [9]
IntRegister             0x0020c877    0x26  Code  Gb  interrupt.o [9]
LEN_Token               0x20005102     0x1  Data  Gb  MT_UART.o [1]
MAC_CbackCheckPending   0x0021657f    0x12  Code  Gb  zmac_cb.o [1]
MAC_CbackEvent          0x002163ad   0x1d2  Code  Gb  zmac_cb.o [1]
MAC_CbackQueryRetransmit
                        0x00216591     0x4  Code  Gb  zmac_cb.o [1]
MAC_Init                0x0020f95d    0x44  Code  Gb  mac_beacon.o [5]
MAC_InitCoord           0x0020e255    0x36  Code  Gb  mac_beacon.o [5]
MAC_InitDevice          0x0020ee0d    0x28  Code  Gb  mac_beacon.o [5]
MAC_McpsDataAlloc       0x0020e8b5    0x1a  Code  Gb  mac_beacon.o [5]
MAC_McpsDataReq         0x0020e881    0x2e  Code  Gb  mac_beacon.o [5]
MAC_MlmeAssociateReq    0x0020ef01     0x8  Code  Gb  mac_beacon.o [5]
MAC_MlmeAssociateRsp    0x0020e2f5     0xa  Code  Gb  mac_beacon.o [5]
MAC_MlmeGetReq          0x0020ff7f    0x3e  Code  Gb  mac_pib.o [1]
MAC_MlmeOrphanRsp       0x0020e2ff     0xa  Code  Gb  mac_beacon.o [5]
MAC_MlmePollReq         0x0020ef09     0x6  Code  Gb  mac_beacon.o [5]
MAC_MlmeResetReq        0x0020f8c7    0x82  Code  Gb  mac_beacon.o [5]
MAC_MlmeScanReq         0x0020fd09     0x8  Code  Gb  mac_beacon.o [5]
MAC_MlmeSetReq          0x0020ffbd    0xf6  Code  Gb  mac_pib.o [1]
MAC_MlmeStartReq        0x0020e309     0x8  Code  Gb  mac_beacon.o [5]
MAC_SrcMatchAckAllPending
                        0x00210365    0x20  Code  Gb  mac_autopend.o [1]
MAC_SrcMatchAddEntry    0x0021020f   0x122  Code  Gb  mac_autopend.o [1]
MAC_SrcMatchCheckAllPending
                        0x00210385    0x10  Code  Gb  mac_autopend.o [1]
MAC_SrcMatchCheckResult
                        0x00210395    0x18  Code  Gb  mac_autopend.o [1]
MAC_SrcMatchDeleteEntry
                        0x0021033b    0x2a  Code  Gb  mac_autopend.o [1]
MAC_SrcMatchEnable      0x002101d9    0x36  Code  Gb  mac_autopend.o [1]
MTVersionString         0x0021b650     0x8  Data  Gb  MT_VERSION.o [1]
MT_AfCommandProcessing  0x00219099   0x1c2  Code  Gb  MT_AF.o [1]
MT_AfDataConfirm        0x0021948d    0x18  Code  Gb  MT_AF.o [1]
MT_AfDataRequest        0x0021925b   0x156  Code  Lc  MT_AF.o [1]
MT_AfDataRequestSrcRtg  0x002193b1    0xd0  Code  Lc  MT_AF.o [1]
MT_AfDataRetrieve       0x00219643    0x90  Code  Lc  MT_AF.o [1]
MT_AfExec               0x0021901d    0x7a  Code  Gb  MT_AF.o [1]
MT_AfIncomingMsg        0x002194b5   0x18e  Code  Gb  MT_AF.o [1]
MT_AppCommandProcessing
                        0x0021b445    0x8c  Code  Gb  MT_APP.o [1]
MT_BuildAndSendZToolResponse
                        0x00218e61    0x38  Code  Gb  MT.o [1]
MT_BuildEndpointDesc    0x00218f17    0xf6  Code  Gb  MT.o [1]
MT_ProcessIncoming      0x00218e99    0x58  Code  Gb  MT.o [1]
MT_SapiCommandProcessing
                        0x00219e1d   0x1b0  Code  Gb  MT_SAPI.o [1]
MT_SysCommandProcessing
                        0x002196e1   0x314  Code  Gb  MT_SYS.o [1]
MT_SysOsalEventId       0x00219cd0     0x8  Data  Lc  MT_SYS.o [1]
MT_SysOsalNVRead        0x00219a13   0x10c  Code  Lc  MT_SYS.o [1]
MT_SysOsalNVWrite       0x00219b1f    0x94  Code  Lc  MT_SYS.o [1]
MT_SysOsalTimerExpired  0x00219cb5    0x10  Code  Gb  MT_SYS.o [1]
MT_SysResetInd          0x00219c89    0x24  Code  Gb  MT_SYS.o [1]
MT_SysSetUtcTime        0x00219bb3    0xd0  Code  Lc  MT_SYS.o [1]
MT_TaskID               0x20005251     0x1  Data  Gb  MT_TASK.o [1]
MT_TransportAlloc       0x00214c57    0x32  Code  Gb  znp_app.o [1]
MT_TransportSend        0x00214c89    0x5c  Code  Gb  znp_app.o [1]
MT_UartCalcFCS          0x00219cdf    0x1c  Code  Gb  MT_UART.o [1]
MT_UartProcessZToolData
                        0x00219cfd   0x11a  Code  Gb  MT_UART.o [1]
MT_UartRegisterTaskID   0x00219cd9     0x6  Code  Gb  MT_UART.o [1]
MT_UtilBindAddEntry     0x0021aeb5    0xc8  Code  Lc  MT_UTIL.o [1]
MT_UtilCommandProcessing
                        0x0021aa25   0x302  Code  Gb  MT_UTIL.o [1]
MT_UtilGetDeviceInfo    0x0021ad33    0xb8  Code  Lc  MT_UTIL.o [1]
MT_UtilGetNvInfo        0x0021adfd    0xae  Code  Lc  MT_UTIL.o [1]
MT_Word2Buf             0x00218ef9    0x1e  Code  Gb  MT.o [1]
MT_ZdoAddrRspCB         0x00217d65    0x66  Code  Gb  MT_ZDO.o [1]
MT_ZdoBeaconIndCB       0x00217b91    0xb0  Code  Gb  MT_ZDO.o [1]
MT_ZdoCommandProcessing
                        0x00216fd5   0x828  Code  Gb  MT_ZDO.o [1]
MT_ZdoConcentratorIndCB
                        0x00217e5f    0x1c  Code  Lc  MT_ZDO.o [1]
MT_ZdoDirectCB          0x00217cb5    0xaa  Code  Gb  MT_ZDO.o [1]
MT_ZdoEndDevAnnceCB     0x00217dcb    0x38  Code  Gb  MT_ZDO.o [1]
MT_ZdoEndDevBindRequest
                        0x00217a09    0xb0  Code  Lc  MT_ZDO.o [1]
MT_ZdoInit              0x00216f9d    0x38  Code  Gb  MT_ZDO.o [1]
MT_ZdoJoinCnfCB         0x00217c6d    0x3c  Code  Gb  MT_ZDO.o [1]
MT_ZdoLeaveInd          0x00217e7b    0x3a  Code  Lc  MT_ZDO.o [1]
MT_ZdoMatchDescRequest  0x00217963    0xa6  Code  Lc  MT_ZDO.o [1]
MT_ZdoMgmtNwkUpdateRequest
                        0x00217ad3    0x82  Code  Lc  MT_ZDO.o [1]
MT_ZdoNWKAddressRequest
                        0x002178c5    0x8c  Code  Lc  MT_ZDO.o [1]
MT_ZdoNwkDiscoveryCnfCB
                        0x00217b6d    0x24  Code  Gb  MT_ZDO.o [1]
MT_ZdoPermitJoinInd     0x00217efb    0x16  Code  Gb  MT_ZDO.o [1]
MT_ZdoSendMsgCB         0x00217f21    0x50  Code  Gb  MT_ZDO.o [1]
MT_ZdoSrcRtgCB          0x00217e03    0x56  Code  Gb  MT_ZDO.o [1]
MT_ZdoStateChangeCB     0x00217ca9     0xc  Code  Gb  MT_ZDO.o [1]
MT_ZdoTcDeviceInd       0x00217eb5    0x24  Code  Gb  MT_ZDO.o [1]
MrdyIsr                 0x00218de5    0x42  Code  Gb  znp_spi.o [1]
NIB_init                0x00207e25    0xbe  Code  Gb  nwk_globals.o [1]
NLDE_BuildMsg           0x0020047f   0x150  Code  Lc  nwk_util.o [3]
NLDE_BuildSrcRtgFrame   0x002005cf    0x44  Code  Gb  nwk_util.o [3]
NLDE_CheckForAddrConflict
                        0x0020134b    0x36  Code  Gb  nwk_util.o [3]
NLDE_CheckFrameSecurity
                        0x00200767    0x2c  Code  Gb  nwk_util.o [3]
NLDE_DataCnf            0x00204849    0xfc  Code  Gb  NLMEDE_CB.o [3]
NLDE_DataIndSend        0x00200339    0x64  Code  Gb  nwk_util.o [3]
NLDE_DataIndication     0x00204945   0x210  Code  Gb  NLMEDE_CB.o [3]
NLDE_DataReq            0x00209a3d    0x58  Code  Gb  NLMEDE.o [3]
NLDE_DataReqAlloc       0x00209a95    0x40  Code  Gb  NLMEDE.o [3]
NLDE_DataReqSend        0x00200135   0x204  Code  Gb  nwk_util.o [3]
NLDE_FrameDataLoad      0x0020a50b    0x3a  Code  Gb  APSMEDE.o [3]
NLDE_GetHandle          0x00200861    0x1e  Code  Gb  nwk_util.o [3]
NLDE_ParseFrameControl  0x0020071d    0x4a  Code  Gb  nwk_util.o [3]
NLDE_ParseMsg           0x00200613   0x10a  Code  Gb  nwk_util.o [3]
NLDE_ParseMsg2          0x00200793    0x90  Code  Gb  nwk_util.o [3]
NLDE_SendMsg            0x0020039d    0xe2  Code  Gb  nwk_util.o [3]
NLME_AddressConflictAssignNewStochastic
                        0x00201245    0x2c  Code  Gb  nwk_util.o [3]
NLME_AssocPermission    0x200043f3     0x1  Data  Gb  NLMEDE.o [3]
NLME_CheckNewAddrSet    0x00201275    0x9e  Code  Gb  nwk_util.o [3]
NLME_CmdBcast           0x00201015    0x12  Code  Gb  nwk_util.o [3]
NLME_CmdCnf             0x00200f99    0x72  Code  Gb  nwk_util.o [3]
NLME_CmdDataReqAlloc    0x00201027    0x22  Code  Gb  nwk_util.o [3]
NLME_ConcentratorIndication
                        0x00204c0d     0x4  Code  Gb  NLMEDE_CB.o [3]
NLME_CoordStartPANIDConflictCB
                        0x00204c59     0x4  Code  Gb  NLMEDE_CB.o [3]
NLME_CoordinatorInit    0x00209a19    0x18  Code  Gb  NLMEDE.o [3]
NLME_DeviceJoiningInit  0x00209a31     0xc  Code  Gb  NLMEDE.o [3]
NLME_DirectJoinRequest  0x00209cd7     0x6  Code  Gb  NLMEDE.o [3]
NLME_DirectJoinRequestWithAddr
                        0x00209cdd    0x6a  Code  Gb  NLMEDE.o [3]
NLME_EDScanConfirm      0x00204c11    0x1a  Code  Gb  NLMEDE_CB.o [3]
NLME_EDScanRequest      0x0020a1e5    0x1c  Code  Gb  NLMEDE.o [3]
NLME_GetCoordExtAddr    0x00200859     0x8  Code  Gb  nwk_util.o [3]
NLME_GetCoordShortAddr  0x00200851     0x8  Code  Gb  nwk_util.o [3]
NLME_GetEnergyThreshold
                        0x00201051     0x8  Code  Gb  nwk_util.o [3]
NLME_GetExtAddr         0x00200837    0x12  Code  Gb  nwk_util.o [3]
NLME_GetProtocolVersion
                        0x00201049     0x8  Code  Gb  nwk_util.o [3]
NLME_GetRequest         0x0020a0bd    0xd2  Code  Gb  NLMEDE.o [3]
NLME_GetShortAddr       0x00200849     0x8  Code  Gb  nwk_util.o [3]
NLME_InitNV             0x00200a65    0x42  Code  Gb  nwk_util.o [3]
NLME_IsAddressBroadcast
                        0x00201079    0x3e  Code  Gb  nwk_util.o [3]
NLME_JoinConfirm        0x00204b71     0x4  Code  Gb  NLMEDE_CB.o [3]
NLME_JoinIndication     0x00204b75     0x4  Code  Gb  NLMEDE_CB.o [3]
NLME_JoinRequest        0x00209efb    0xc2  Code  Gb  NLMEDE.o [3]
NLME_LeaveCmdProcess    0x00200ef3    0xa2  Code  Gb  nwk_util.o [3]
NLME_LeaveCmdSend       0x00200e65    0x8e  Code  Gb  nwk_util.o [3]
NLME_LeaveCnf           0x00204b79     0x4  Code  Gb  NLMEDE_CB.o [3]
NLME_LeaveInd           0x00204b7d    0x46  Code  Gb  NLMEDE_CB.o [3]
NLME_LeaveReq           0x00209fcd    0xaa  Code  Gb  NLMEDE.o [3]
NLME_LeaveRsp           0x0020a077    0x46  Code  Gb  NLMEDE.o [3]
NLME_NetworkDiscoveryConfirm
                        0x00204b61     0x4  Code  Gb  NLMEDE_CB.o [3]
NLME_NetworkDiscoveryRequest
                        0x00209ad5    0x5a  Code  Gb  NLMEDE.o [3]
NLME_NetworkFormationConfirm
                        0x00204b65     0x4  Code  Gb  NLMEDE_CB.o [3]
NLME_NetworkFormationRequest
                        0x00209ba9    0xa0  Code  Gb  NLMEDE.o [3]
NLME_NetworkReportCB    0x002015db    0x50  Code  Lc  nwk_util.o [3]
NLME_NetworkStatusCB    0x00204c5d     0x4  Code  Gb  NLMEDE_CB.o [3]
NLME_NwkDiscReq2        0x00209b39    0x52  Code  Gb  NLMEDE.o [3]
NLME_NwkDiscTerm        0x00209b8b    0x1e  Code  Gb  NLMEDE.o [3]
NLME_NwkStatusAddrConflictProcess
                        0x002010fd    0x10  Code  Gb  nwk_util.o [3]
NLME_OrphanJoinRequest  0x00209d47    0x80  Code  Gb  NLMEDE.o [3]
NLME_PermitJoining      0x200043f1     0x1  Data  Gb  NLMEDE.o [3]
NLME_PermitJoiningDuration
                        0x200043f2     0x1  Data  Lc  NLMEDE.o [3]
NLME_PermitJoiningEvent
                        0x00209c71    0x18  Code  Gb  NLMEDE.o [3]
NLME_PermitJoiningRequest
                        0x00209c55    0x1c  Code  Gb  NLMEDE.o [3]
NLME_PermitJoiningSet   0x00209c89    0x4e  Code  Lc  NLMEDE.o [3]
NLME_PermitJoiningTimeout
                        0x00211291    0x10  Code  Gb  ZDObject.o [1]
NLME_PollConfirm        0x00204bc7    0x26  Code  Gb  NLMEDE_CB.o [3]
NLME_ProcessAddressConflictLocal
                        0x002011a7    0x9e  Code  Gb  nwk_util.o [3]
NLME_ProcessEndDevTimeoutReq
                        0x002016cd    0x60  Code  Gb  nwk_util.o [3]
NLME_ProcessEndDevTimeoutRsp
                        0x00201797    0x68  Code  Gb  nwk_util.o [3]
NLME_ProcessLinkStatus  0x00201ced   0x134  Code  Gb  nwk_util.o [3]
NLME_ProcessNetworkReport
                        0x00201563    0x6c  Code  Gb  nwk_util.o [3]
NLME_ProcessNetworkStatus
                        0x002013cf    0xec  Code  Gb  nwk_util.o [3]
NLME_ProcessNetworkUpdate
                        0x00201631    0x4c  Code  Gb  nwk_util.o [3]
NLME_ReJoinReq          0x00209dcd   0x122  Code  Lc  NLMEDE.o [3]
NLME_ReJoinRequest      0x00209dc7     0x4  Code  Gb  NLMEDE.o [3]
NLME_ReJoinRequestUnsecure
                        0x00209dcb     0x2  Code  Gb  NLMEDE.o [3]
NLME_ReadNwkKeyInfo     0x002023f3    0x20  Code  Gb  nwk_util.o [3]
NLME_RejoinReqCmdProcess
                        0x00200d01    0x5a  Code  Gb  nwk_util.o [3]
NLME_RejoinRspCmdProcess
                        0x00200de5    0x76  Code  Gb  nwk_util.o [3]
NLME_RejoinRspSend      0x00200d61    0x7c  Code  Gb  nwk_util.o [3]
NLME_RemoveChild        0x002010b7    0x34  Code  Gb  nwk_util.o [3]
NLME_ReportAddressConflict
                        0x00201321    0x2a  Code  Gb  nwk_util.o [3]
NLME_RestoreFromNV      0x00200add    0xe0  Code  Gb  nwk_util.o [3]
NLME_RouteDiscoveryIndication
                        0x00204bed    0x20  Code  Gb  NLMEDE_CB.o [3]
NLME_RouteDiscoveryRequest
                        0x00202ebb   0x118  Code  Gb  rtg.o [3]
NLME_ScanFields         0x20005238     0x4  Data  Gb  NLMEDE.o [3]
NLME_SendEndDevTimeoutReq
                        0x00201689    0x40  Code  Gb  nwk_util.o [3]
NLME_SendEndDevTimeoutRsp
                        0x00201739    0x46  Code  Gb  nwk_util.o [3]
NLME_SendLinkStatus     0x00201c81    0x6c  Code  Gb  nwk_util.o [3]
NLME_SendNetworkReport  0x002014d5    0x8e  Code  Gb  nwk_util.o [3]
NLME_SendNetworkStatus  0x00201381    0x4e  Code  Gb  nwk_util.o [3]
NLME_SetAssocFlags      0x00200c0b    0xbe  Code  Gb  nwk_util.o [3]
NLME_SetBroadcastFilter
                        0x00201061    0x18  Code  Gb  nwk_util.o [3]
NLME_SetDefaultNV       0x00200aa7    0x36  Code  Gb  nwk_util.o [3]
NLME_SetEnergyThreshold
                        0x00201059     0x8  Code  Gb  nwk_util.o [3]
NLME_SetLinkStatusTimer
                        0x00201a65    0x36  Code  Gb  nwk_util.o [3]
NLME_SetPollRate        0x00200a29    0x2c  Code  Gb  nwk_util.o [3]
NLME_SetQueuedPollRate  0x00200a55     0x8  Code  Gb  nwk_util.o [3]
NLME_SetResponseRate    0x00200a5d     0x8  Code  Gb  nwk_util.o [3]
NLME_SetUpdateID        0x00200cc9    0x38  Code  Gb  nwk_util.o [3]
NLME_StartRouterConfirm
                        0x00204b69     0x4  Code  Gb  NLMEDE_CB.o [3]
NLME_StartRouterRequest
                        0x00209fc3     0xa  Code  Gb  NLMEDE.o [3]
NLME_SyncIndication     0x00204bc3     0x4  Code  Gb  NLMEDE_CB.o [3]
NLME_UpdateLinkStatus   0x00201a3d    0x24  Code  Gb  nwk_util.o [3]
NLME_UpdateNV           0x00200bbd    0x40  Code  Gb  nwk_util.o [3]
NLME_beaconNotifyInd    0x00204b6d     0x4  Code  Gb  NLMEDE_CB.o [3]
NWK_TaskID              0x200051c8     0x1  Data  Gb  nwk.o [3]
NmiSR                   0x0021b541     0x4  Code  Lc  startup_ewarm.o [1]
NwkCommandPktProcessing
                        0x00208495    0xec  Code  Lc  nwk.o [3]
NwkDescList             0x20004b60     0x4  Data  Gb  nwk.o [3]
NwkFreqAgilityIncErrorCnt
                        0x00202379    0x5c  Code  Lc  nwk_util.o [3]
NwkFreqAgilityIncTotalTx
                        0x00202355    0x1a  Code  Lc  nwk_util.o [3]
NwkFreqAgilityInit      0x00202319    0x18  Code  Gb  nwk_util.o [3]
NwkFreqAgilityScanCfg   0x00202335    0x20  Code  Lc  nwk_util.o [3]
NwkInitChildAging       0x00202413    0x3a  Code  Gb  nwk_util.o [3]
NwkNotMyChildListAdd    0x002025d1    0x6e  Code  Gb  nwk_util.o [3]
NwkNotMyChildListAging  0x0020256d    0x5a  Code  Gb  nwk_util.o [3]
NwkNotMyChildListDelete
                        0x00202641    0x4c  Code  Gb  nwk_util.o [3]
NwkNotMyChildListInit   0x00202545    0x22  Code  Gb  nwk_util.o [3]
NwkNotMyChildSendLeave  0x00202461    0xde  Code  Gb  nwk_util.o [3]
NwkPollReq              0x00208307    0x30  Code  Gb  nwk.o [3]
OSAL_timeSeconds        0x2000518c     0x4  Data  Gb  OSAL_Clock.o [1]
OnBoard_KeyCallback     0x0020d831     0x8  Code  Gb  OnBoard.o [1]
OnBoard_SendKeys        0x0020d801    0x2e  Code  Gb  OnBoard.o [1]
OnboardKeyIntEnable     0x20005253     0x1  Data  Gb  OnBoard.o [1]
Onboard_rand            0x0020d849     0x4  Code  Gb  OnBoard.o [1]
RTG_AddRtgEntry         0x0020377f   0x12c  Code  Lc  rtg.o [3]
RTG_AddSrcRtgEntry      0x002038ab    0x80  Code  Lc  rtg.o [3]
RTG_AddSrcRtgEntry_Guaranteed
                        0x0020392b    0x92  Code  Gb  rtg.o [3]
RTG_AllocNewAddress     0x00203709    0x2a  Code  Gb  rtg.o [3]
RTG_BcastAdd            0x00203f49   0x168  Code  Gb  rtg.o [3]
RTG_BcastChk            0x00203eb1    0x92  Code  Gb  rtg.o [3]
RTG_BcastDel            0x002040b1    0x22  Code  Gb  rtg.o [3]
RTG_BcastHold           0x00203d91    0x3e  Code  Lc  rtg.o [3]
RTG_BcastTimeout        0x00203dd5    0x80  Code  Lc  rtg.o [3]
RTG_BcastTimerHandler   0x00203e5f    0x52  Code  Gb  rtg.o [3]
RTG_CheckRtStatus       0x00204319    0x64  Code  Gb  rtg.o [3]
RTG_ChildGetNextHop     0x002030c7    0x1c  Code  Gb  rtg.o [3]
RTG_DataReq             0x002040d9    0xc6  Code  Gb  rtg.o [3]
RTG_DeAllocStochasticAddress
                        0x0020377b     0x4  Code  Gb  rtg.o [3]
RTG_GetLinkCost         0x00203ce9    0x38  Code  Lc  rtg.o [3]
RTG_GetNextHop          0x0020301d    0xaa  Code  Gb  rtg.o [3]
RTG_GetRoutingAddress   0x0020437d    0x40  Code  Lc  rtg.o [3]
RTG_GetRtDiscEntry      0x00204279    0x2e  Code  Lc  rtg.o [3]
RTG_GetRtgEntry         0x002042a7    0x72  Code  Gb  rtg.o [3]
RTG_GetRtgSrcEntry      0x002039bd    0x2a  Code  Gb  rtg.o [3]
RTG_GetRtgSrcIndex      0x002039e7    0x56  Code  Lc  rtg.o [3]
RTG_GetStochastic       0x00203733    0x48  Code  Gb  rtg.o [3]
RTG_Init                0x00202e35    0x86  Code  Gb  rtg.o [3]
RTG_MTORouteReq         0x00202fd3    0x4a  Code  Gb  rtg.o [3]
RTG_ProcessRrec         0x00203a69    0xca  Code  Gb  rtg.o [3]
RTG_ProcessRrep         0x00203357   0x104  Code  Gb  rtg.o [3]
RTG_ProcessRreq         0x002031a7   0x194  Code  Gb  rtg.o [3]
RTG_ProcessRtDiscBits   0x002043c9    0x72  Code  Gb  rtg.o [3]
RTG_RemoveRtgEntry      0x00203cbf    0x2a  Code  Gb  rtg.o [3]
RTG_RouteMaintanence    0x002030e3    0xc4  Code  Gb  rtg.o [3]
RTG_RtgRecordInitiation
                        0x00203c25    0x7e  Code  Gb  rtg.o [3]
RTG_SendBrokenRoute     0x0020444d    0x4a  Code  Gb  rtg.o [3]
RTG_SendNextEDMsg       0x002041a5    0xca  Code  Gb  rtg.o [3]
RTG_SendRErr            0x00203545    0x58  Code  Gb  rtg.o [3]
RTG_SendRrec            0x00203b39    0xa0  Code  Lc  rtg.o [3]
RTG_SendRrep            0x00203465    0xd4  Code  Lc  rtg.o [3]
RTG_SrcGetNextHop       0x00203bd9     0xa  Code  Gb  rtg.o [3]
RTG_TimerEvent          0x0020359d   0x126  Code  Gb  rtg.o [3]
RTG_UpdateNeighborEntry
                        0x0020087f   0x1aa  Code  Gb  nwk_util.o [3]
RTG_UpdateRtDiscEntry   0x00203d21    0x70  Code  Lc  rtg.o [3]
RTG_ValidateSrcRtg      0x00203be3    0x36  Code  Gb  rtg.o [3]
RTG_initRtgTable        0x002044c9    0x2e  Code  Gb  rtg.o [3]
RTG_nextHopIsBad        0x00204497    0x32  Code  Gb  rtg.o [3]
Region$$Table$$Base     0x0021b620           --   Gb  - Linker created -
Region$$Table$$Limit    0x0021b648           --   Gb  - Linker created -
ResetIsr                0x0021b511    0x1e  Code  Lc  startup_ewarm.o [1]
SAPI_BindConfirm        0x00215e21     0x4  Code  Lc  sapi.o [1]
SAPI_Init               0x00215fad    0x34  Code  Gb  sapi.o [1]
SAPI_ProcessEvent       0x00215e25   0x10e  Code  Gb  sapi.o [1]
SAPI_ProcessZDOMsgs     0x00215f33    0x7a  Code  Gb  sapi.o [1]
SAPI_SendCback          0x00215fe1    0x26  Code  Lc  sapi.o [1]
SAPI_SendDataConfirm    0x00215e1d     0x4  Code  Lc  sapi.o [1]
SAPI_StartConfirm       0x00215e19     0x4  Code  Lc  sapi.o [1]
SSIClockSourceSet       0x0021a71f     0x6  Code  Gb  ssi.o [9]
SSIConfigSetExpClk      0x0021a655    0x46  Code  Gb  ssi.o [9]
SSIDataGetNonBlocking   0x0021a6ff    0x12  Code  Gb  ssi.o [9]
SSIDataPutNonBlocking   0x0021a6ef    0x10  Code  Gb  ssi.o [9]
SSIDisable              0x0021a6a7     0xc  Code  Gb  ssi.o [9]
SSIEnable               0x0021a69b     0xc  Code  Gb  ssi.o [9]
SSIIntClear             0x0021a6eb     0x4  Code  Gb  ssi.o [9]
SSIIntDisable           0x0021a6db     0x6  Code  Gb  ssi.o [9]
SSIIntEnable            0x0021a6d5     0x6  Code  Gb  ssi.o [9]
SSIIntRegister          0x0021a6b3    0x1c  Code  Gb  ssi.o [9]
SSIIntStatus            0x0021a6e1     0xa  Code  Gb  ssi.o [9]
SSP_BuildAuxHdr         0x00205705    0x48  Code  Gb  ssp.o [3]
SSP_CCM_Auth_Encrypt    0x0020d6b9    0x54  Code  Gb  hal_ccm.o [1]
SSP_CCM_InvAuth_Decrypt
                        0x0020d70d    0x5a  Code  Gb  hal_ccm.o [1]
SSP_GetMicLen           0x0020598f     0xe  Code  Gb  ssp.o [3]
SSP_GetMicLenHook       0x200051dc     0x4  Data  Lc  ssp.o [3]
SSP_GetMicLenProc       0x00205759    0x10  Code  Gb  ssp.o [3]
SSP_GetNwkKey           0x00205769    0x48  Code  Gb  ssp.o [3]
SSP_Init                0x00205609    0x12  Code  Gb  ssp.o [3]
SSP_NwkSecurity         0x0020597d    0x12  Code  Gb  ssp.o [3]
SSP_NwkSecurityHook     0x200051d8     0x4  Data  Lc  ssp.o [3]
SSP_NwkSecurityProc     0x002057b1    0xfc  Code  Gb  ssp.o [3]
SSP_ReadNwkActiveKey    0x0020561b    0x16  Code  Gb  ssp.o [3]
SSP_SwitchNwkKey        0x0020565f    0x9c  Code  Gb  ssp.o [3]
SSP_UpdateNwkKey        0x00205631    0x2e  Code  Gb  ssp.o [3]
StubAPS_Init            0x00215711    0x12  Code  Gb  stub_aps.o [1]
StubAPS_InterPan        0x002158eb     0xc  Code  Gb  stub_aps.o [1]
StubAPS_ParseMsg        0x002157a7    0x72  Code  Lc  stub_aps.o [1]
StubAPS_ProcessEvent    0x00215723    0x84  Code  Gb  stub_aps.o [1]
StubAPS_RegisterApp     0x002158f7     0xe  Code  Gb  stub_aps.o [1]
StubAPS_SetInterPanChannel
                        0x00215851    0x44  Code  Gb  stub_aps.o [1]
StubAPS_SetIntraPanChannel
                        0x00215895    0x4c  Code  Gb  stub_aps.o [1]
StubAPS_SetNewChannel   0x00215819    0x2a  Code  Lc  stub_aps.o [1]
StubAPS_TaskID          0x200043ce     0x1  Data  Gb  stub_aps.o [1]
StubAPS_ZMacCallback    0x00215905    0x3c  Code  Gb  stub_aps.o [1]
SysCtrlClockGet         0x002127d5    0x2c  Code  Gb  sys_ctrl.o [9]
SysCtrlClockSet         0x00212789    0x4c  Code  Gb  sys_ctrl.o [9]
SysCtrlClockStartSetting
                        0x0021b14b    0x1a  Code  Gb  hal_sys_ctrl.o [1]
SysCtrlDeepSleepSetting
                        0x0021b0c5    0x5e  Code  Gb  hal_sys_ctrl.o [1]
SysCtrlDelay            0x00212821     0x8  Code  Gb  sys_ctrl.o [9]
SysCtrlPeripheralDeepSleepDisable
                        0x002128b7     0x6  Code  Gb  sys_ctrl.o [9]
SysCtrlPeripheralDeepSleepEnable
                        0x002128b1     0x6  Code  Gb  sys_ctrl.o [9]
SysCtrlPeripheralEnable
                        0x0021286d     0x6  Code  Gb  sys_ctrl.o [9]
SysCtrlPeripheralReset  0x00212831    0x3c  Code  Gb  sys_ctrl.o [9]
SysCtrlPeripheralSleepDisable
                        0x00212891     0x4  Code  Gb  sys_ctrl.o [9]
SysCtrlPeripheralSleepEnable
                        0x00212873     0x4  Code  Gb  sys_ctrl.o [9]
SysCtrlReset            0x00212829     0x8  Code  Gb  sys_ctrl.o [9]
SysCtrlRunSetting       0x0021aff9    0x6e  Code  Gb  hal_sys_ctrl.o [1]
SysCtrlSleepSetting     0x0021b067    0x5e  Code  Gb  hal_sys_ctrl.o [1]
SysCtrlWakeupSetting    0x0021b123    0x28  Code  Gb  hal_sys_ctrl.o [1]
SysTickEnable           0x0021a9f1     0xc  Code  Gb  systick.o [9]
SysTickIntDisable       0x0021aa09     0xc  Code  Gb  systick.o [9]
SysTickIntEnable        0x0021a9fd     0xc  Code  Gb  systick.o [9]
SysTickIntHandler       0x0021b2c5     0x6  Code  Gb  hal_systick.o [1]
SysTickPeriodSet        0x0021aa15     0x8  Code  Gb  systick.o [9]
SysTickSetup            0x0021b2cb    0x1e  Code  Gb  hal_systick.o [1]
TCLinkKeyFrmCntr        0x20005130     0xc  Data  Gb  ZDSecMgr.o [1]
UARTCharGetNonBlocking  0x0021a5c7    0x10  Code  Gb  uart.o [9]
UARTCharPutNonBlocking  0x0021a5d7    0x10  Code  Gb  uart.o [9]
UARTCharsAvail          0x0021a5b7     0x6  Code  Gb  uart.o [9]
UARTConfigSetExpClk     0x0021a527    0x46  Code  Gb  uart.o [9]
[...]
osal_msg_find           0x00205ba7    0x32  Code  Gb  OSAL.o [1]
osal_msg_push           0x00205c3f    0x1a  Code  Gb  OSAL.o [1]
osal_msg_receive        0x00205b45    0x62  Code  Gb  OSAL.o [1]
osal_msg_send           0x00205aeb     0x4  Code  Gb  OSAL.o [1]
osal_nv_delete          0x00206d9d    0x3a  Code  Gb  osal_nv.o [1]
osal_nv_init            0x00206a99     0x4  Code  Gb  osal_nv.o [1]
osal_nv_item_init       0x00206a9d    0x40  Code  Gb  osal_nv.o [1]
osal_nv_item_len        0x00206add    0x38  Code  Gb  osal_nv.o [1]
osal_nv_read            0x00206d2b    0x4e  Code  Gb  osal_nv.o [1]
osal_nv_write           0x00206b1b   0x210  Code  Gb  osal_nv.o [1]
osal_pwrmgr_device      0x0020d857     0x6  Code  Gb  OSAL_PwrMgr.o [1]
osal_pwrmgr_init        0x0020d84d     0xa  Code  Gb  OSAL_PwrMgr.o [1]
osal_qHead              0x200051f0     0x4  Data  Gb  OSAL.o [1]
osal_rand               0x00205aa5     0x4  Code  Gb  OSAL.o [1]
osal_run_system         0x00205d95    0x82  Code  Gb  OSAL.o [1]
osal_setClock           0x0021a77f    0x1a  Code  Gb  OSAL_Clock.o [1]
osal_set_event          0x00205cdf    0x2e  Code  Gb  OSAL.o [1]
osal_start_reload_timer
                        0x00206105    0x32  Code  Gb  OSAL_Timers.o [1]
osal_start_system       0x00205d8d     0x8  Code  Gb  OSAL.o [1]
osal_start_timerEx      0x002060d7    0x2e  Code  Gb  OSAL_Timers.o [1]
osal_stop_timerEx       0x00206137    0x30  Code  Gb  OSAL_Timers.o [1]
osal_systemClock        0x2000519c     0x4  Data  Lc  OSAL_Timers.o [1]
pAPSDupRej              0x20004268     0x4  Data  Lc  APS.o [3]
pAPSF_IgnoreBlock       0x200043a8     0x4  Data  Gb  aps_frag.o [3]
pAPS_BindingTimeoutCB   0x20004264     0x4  Data  Gb  APS.o [3]
pAPS_DataConfirmReflect
                        0x200050f8     0x4  Data  Gb  APS.o [3]
pAPS_DataIndReflect     0x200050fc     0x4  Data  Gb  APS.o [3]
pAPS_GetBind            0x200050f4     0x4  Data  Gb  APS.o [3]
pAPS_UnBind             0x200050f0     0x4  Data  Gb  APS.o [3]
pAssocChildAging        0x20005014     0x4  Data  Gb  nwk_util.o [3]
pAssocChildTableUpdateTimeout
                        0x20005018     0x4  Data  Gb  nwk_util.o [3]
pBeaconIndBuf           0x200051ec     0x4  Data  Gb  MT_ZDO.o [1]
pBindInitNV             0x20005004     0x4  Data  Gb  BindingTable.o [1]
pBindRestoreFromNV      0x2000500c     0x4  Data  Gb  BindingTable.o [1]
pBindSetDefaultNV       0x20005008     0x4  Data  Gb  BindingTable.o [1]
pBindWriteNV            0x20005010     0x4  Data  Gb  BindingTable.o [1]
pFuncRxState            0x20005040     0x4  Data  Lc  mac_rx.o [1]
pMacDataTx              0x20004308     0x4  Data  Gb  mac_beacon.o [5]
pMsg                    0x20005108     0x4  Data  Gb  MT_UART.o [1]
pMtAfDataReq            0x2000517c     0x4  Data  Gb  MT_AF.o [1]
pMtAfInMsgList          0x20005178     0x4  Data  Gb  MT_AF.o [1]
pNLME_NetworkFormationConfirm
                        0x2000515c     0x4  Data  Gb  NLMEDE.o [3]
pNwkFreqAgilityIncErrorCnt
                        0x200050ec     0x4  Data  Gb  nwk_util.o [3]
pNwkFreqAgilityIncTotalTx
                        0x200050e8     0x4  Data  Gb  nwk_util.o [3]
pNwkFreqAgilityScanCfg  0x200050e4     0x4  Data  Gb  nwk_util.o [3]
pNwkNotMyChildListAdd   0x20005024     0x4  Data  Gb  nwk_util.o [3]
pNwkNotMyChildListAging
                        0x20005020     0x4  Data  Gb  nwk_util.o [3]
pNwkNotMyChildListDelete
                        0x20005028     0x4  Data  Gb  nwk_util.o [3]
pNwkNotMyChildListInit  0x2000501c     0x4  Data  Gb  nwk_util.o [3]
pNwkNotMyChildSendLeave
                        0x2000502c     0x4  Data  Gb  nwk_util.o [3]
pRandomSeedCB           0x2000516c     0x4  Data  Lc  mac_mcu.o [1]
pRxBuf                  0x20005044     0x4  Data  Lc  mac_rx.o [1]
pSspAesEncrypt          0x200051e0     0x4  Data  Gb  hal_aes.o [1]
pZDNwkMgr_EDScanConfirmCB
                        0x20004f78     0x4  Data  Gb  ZDNwkMgr.o [1]
pZDNwkMgr_NetworkReportCB
                        0x200051fc     0x4  Data  Gb  ZDNwkMgr.o [1]
pZDNwkMgr_NetworkUpdateCB
                        0x20005200     0x4  Data  Gb  ZDNwkMgr.o [1]
pZDNwkMgr_ProcessDataConfirm
                        0x20004f74     0x4  Data  Gb  ZDNwkMgr.o [1]
pZDNwkMgr_ReportChannelInterference
                        0x20004f70     0x4  Data  Gb  ZDNwkMgr.o [1]
pZMac_AppCallback       0x20005210     0x4  Data  Gb  zmac_cb.o [1]
packDev_t               0x0021af7d    0x7c  Code  Lc  MT_UTIL.o [1]
pbindAddEntry           0x20004ff8     0x4  Data  Gb  BindingTable.o [1]
pbindNumOfEntries       0x20004ffc     0x4  Data  Gb  BindingTable.o [1]
pbindRemoveDev          0x20005000     0x4  Data  Gb  BindingTable.o [1]
pfnPreProcessDataReq    0x20005218     0x4  Data  Lc  APSMEDE.o [3]
pgLost                  0x20004170     0xc  Data  Lc  osal_nv.o [1]
pgOff                   0x20004164     0xc  Data  Lc  osal_nv.o [1]
pgRes                   0x20004160     0x1  Data  Lc  osal_nv.o [1]
pnwk_ScanJoiningOrphan  0x2000523c     0x4  Data  Gb  NLMEDE.o [3]
pnwk_ScanPANChanSelect  0x20005154     0x4  Data  Gb  NLMEDE.o [3]
pnwk_ScanPANChanVerify  0x20005158     0x4  Data  Gb  NLMEDE.o [3]
prevAccumulatedOverflowCount
                        0x200050a4     0x4  Data  Lc  mac_mcu.o [1]
prevDevState            0x20004193     0x1  Data  Gb  ZDApp.o [1]
prevoverflowCount       0x200050a8     0x4  Data  Lc  mac_mcu.o [1]
procRx                  0x002162d3    0x3e  Code  Lc  hal_uart.o [1]
procTx                  0x00216311    0x2e  Code  Lc  hal_uart.o [1]
pulStack                0x20006a6c   0x800  Data  Lc  startup_ewarm.o [1]
pwrmgr_attribute        0x20005190     0x8  Data  Gb  OSAL_PwrMgr.o [1]
radioComputeED          0x002167cb    0x22  Code  Lc  mac_radio.o [1]
readHdr                 0x00206755    0x1a  Code  Lc  osal_nv.o [1]
recRst                  0x002162b9    0x1a  Code  Lc  hal_uart.o [1]
reflectID               0x200043ad     0x1  Data  Lc  reflecttrack.o [3]
reflectMAXEntries       0x200043ac     0x1  Data  Lc  reflecttrack.o [3]
reflectMAXIndirects     0x200043f5     0x1  Data  Lc  reflecttrack.o [3]
reflectMAXSimultaneous  0x200043f4     0x1  Data  Lc  reflecttrack.o [3]
reflectTrack_AddNewEntry
                        0x00211ce7    0x28  Code  Gb  reflecttrack.o [3]
reflectTrack_AddToEnd   0x00211d5f    0x1e  Code  Gb  reflecttrack.o [3]
reflectTrack_FindHandle
                        0x00211d7d    0x2a  Code  Gb  reflecttrack.o [3]
reflectTrack_GetNewEntry
                        0x00211cbd    0x2a  Code  Gb  reflecttrack.o [3]
reflectTrack_NumEntries
                        0x00211d0f    0x14  Code  Gb  reflecttrack.o [3]
reflectTrack_RemoveEntry
                        0x00211d23    0x3c  Code  Gb  reflecttrack.o [3]
reflectTrack_RemoveEntryNotify
                        0x0020d4ff     0x4  Code  Gb  APS.o [3]
reflectTrack_UpdateHandle
                        0x00211dd1    0x28  Code  Gb  reflecttrack.o [3]
reflectTrack_UpdateOption
                        0x00211da7    0x2a  Code  Gb  reflecttrack.o [3]
reflectTrackingHdr      0x200043b0     0x4  Data  Lc  reflecttrack.o [3]
reflectTracking_GetMaxIndirectAdjusted
                        0x00211c91    0x2c  Code  Gb  reflecttrack.o [3]
reflectTracking_GetMaxSimultaneousAdjusted
                        0x00211c65    0x2c  Code  Gb  reflecttrack.o [3]
registeredKeysTaskID    0x200043cc     0x1  Data  Lc  OnBoard.o [1]
reqChannel              0x200051e6     0x1  Data  Lc  mac_radio.o [1]
reqTxPower              0x200051e7     0x1  Data  Lc  mac_radio.o [1]
retryCnt                0x20004195     0x1  Data  Gb  ZDApp.o [1]
rreqCounter             0x20005267     0x1  Data  Gb  rtg.o [3]
rtDiscTable             0x20004ce8    0x50  Data  Gb  nwk_globals.o [1]
rtgFindRandomNeighbor   0x0020451b    0xe6  Code  Lc  rtg.o [3]
rtgIsInAddrList         0x002044fd    0x1e  Code  Lc  rtg.o [3]
rtgIsValidNeighbor      0x0020460d    0x38  Code  Lc  rtg.o [3]
rtgRReqFindMatchCB      0x002036c5    0x44  Code  Lc  rtg.o [3]
rtgSrcRelayList         0x20005048    0x18  Data  Gb  nwk_globals.o [1]
rtgSrcTable             0x20004bd0    0x60  Data  Gb  nwk_globals.o [1]
rtgTable                0x200048ac   0x140  Data  Gb  nwk_globals.o [1]
runtimeChannel          0x200041c0     0x4  Data  Gb  ZDApp.o [1]
rxAddrIsr               0x002186c9    0x96  Code  Lc  mac_rx.o [1]
rxBuf                   0x20005030     0x4  Data  Lc  mac_rx.o [1]
rxDiscardFrame          0x002188c9    0x32  Code  Lc  mac_rx.o [1]
rxDiscardIsr            0x002188fd    0x32  Code  Lc  mac_rx.o [1]
rxDone                  0x0021887d    0x28  Code  Lc  mac_rx.o [1]
rxFcsIsr                0x002187b1    0xcc  Code  Lc  mac_rx.o [1]
rxFifoOverflowCount     0x2000503e     0x1  Data  Lc  mac_rx.o [1]
rxFilter                0x2000503a     0x1  Data  Lc  mac_rx.o [1]
rxHaltCleanupFinalStep  0x00218357    0x5e  Code  Lc  mac_rx.o [1]
rxId                    0x20005144     0x4  Data  Gb  znp_spi.o [1]
rxIsrActiveFlag         0x2000503c     0x1  Data  Lc  mac_rx.o [1]
rxNextLen               0x20005038     0x1  Data  Lc  mac_rx.o [1]
rxPayloadIsr            0x0021878d    0x24  Code  Lc  mac_rx.o [1]
rxPayloadLen            0x20005039     0x1  Data  Lc  mac_rx.o [1]
rxPostRxUpdates         0x002188b7    0x12  Code  Lc  mac_rx.o [1]
rxPrepPayload           0x00218767    0x24  Code  Lc  mac_rx.o [1]
rxPromiscuousMode       0x2000503b     0x1  Data  Lc  mac_rx.o [1]
rxResetFlag             0x2000503d     0x1  Data  Lc  mac_rx.o [1]
rxStartIsr              0x002183e5   0x2e4  Code  Lc  mac_rx.o [1]
rxUnreadLen             0x20005037     0x1  Data  Lc  mac_rx.o [1]
sAddrCmp                0x002059b9    0x26  Code  Gb  saddr.o [1]
sAddrCpy                0x002059df    0x14  Code  Gb  saddr.o [1]
sAddrExtCmp             0x002059f3    0x1c  Code  Gb  saddr.o [1]
sAddrExtCpy             0x00205a0f     0x6  Code  Gb  saddr.o [1]
s_bcMask                0x20005265     0x1  Data  Lc  nwk_util.o [3]
sapi_TaskID             0x20005060     0x1  Data  Gb  sapi.o [1]
sapi_bindInProgress     0x20005074     0x2  Data  Lc  sapi.o [1]
sapi_epDesc             0x20005064    0x10  Data  Gb  sapi.o [1]
saveExtAddr             0x200051b8     0x8  Data  Gb  nwk_util.o [3]
savedQueuedPollRate     0x2000524a     0x2  Data  Gb  NLMEDE.o [3]
savedResponseRate       0x20005248     0x2  Data  Gb  NLMEDE.o [3]
sbl_header_after_crc    0x00200120    0x14  Data  Gb  startup_ewarm.o [1]
setItem                 0x002066c1    0x66  Code  Lc  osal_nv.o [1]
sspAesEncryptHW         0x0020d695    0x1c  Code  Gb  hal_aes.o [1]
ssp_HW_KeyInit          0x0020d68d     0x6  Code  Gb  hal_aes.o [1]
state                   0x20005101     0x1  Data  Gb  MT_UART.o [1]
tasksArr                0x0020d8b8    0x28  Data  Gb  OSAL_ZNP.o [1]
tasksCnt                0x00202e32     0x1  Data  Gb  OSAL_ZNP.o [1]
tasksEvents             0x200051f4     0x4  Data  Gb  OSAL_ZNP.o [1]
tempDataLen             0x20005104     0x1  Data  Gb  MT_UART.o [1]
theHeap                 0x2000526c  0x1800  Data  Lc  OSAL_Memory.o [1]
timeMSec                0x20005188     0x4  Data  Lc  OSAL_Clock.o [1]
timeoutValue            0x0021b3dc    0x3c  Data  Gb  nwk_globals.o [1]
timerAlignedQ           0x20004390     0x4  Data  Gb  mac_beacon.o [5]
timerHead               0x20005198     0x4  Data  Gb  OSAL_Timers.o [1]
timerUnalignedQ         0x2000438c     0x4  Data  Gb  mac_beacon.o [5]
txAckReq                0x20005176     0x1  Data  Lc  mac_tx.o [1]
txComplete              0x00216b0b    0x30  Code  Lc  mac_tx.o [1]
txCsmaGo                0x0021698d    0x22  Code  Lc  mac_tx.o [1]
txCsmaPrep              0x00216947    0x2a  Code  Lc  mac_tx.o [1]
txGo                    0x00216971    0x1c  Code  Lc  mac_tx.o [1]
txMT                    0x2000524d     0x1  Data  Lc  hal_uart.o [1]
txRetransmitFlag        0x20005177     0x1  Data  Lc  mac_tx.o [1]
txSeqn                  0x20005175     0x1  Data  Lc  mac_tx.o [1]
uartRecord              0x20004f7c    0x2c  Data  Lc  hal_uart.o [1]
updateRolloverflag      0x200050a0     0x1  Data  Lc  mac_mcu.o [1]
writeBuf                0x0020676f    0xba  Code  Lc  osal_nv.o [1]
writeItem               0x0020691f   0x12e  Code  Lc  osal_nv.o [1]
xferBuf                 0x00206829    0xce  Code  Lc  osal_nv.o [1]
zb_AllowBind            0x00215ccf    0x4c  Code  Gb  sapi.o [1]
zb_BindDevice           0x00215bb5    0xf6  Code  Gb  sapi.o [1]
zb_FindDeviceRequest    0x00215dff    0x1a  Code  Gb  sapi.o [1]
zb_GetDeviceInfo        0x00215db5    0x4a  Code  Gb  sapi.o [1]
zb_MTCallbackAllowBindConfirm
                        0x0021a00b    0x14  Code  Gb  MT_SAPI.o [1]
zb_MTCallbackBindConfirm
                        0x00219ff3    0x18  Code  Gb  MT_SAPI.o [1]
zb_MTCallbackFindDeviceConfirm
                        0x0021a01f    0x30  Code  Gb  MT_SAPI.o [1]
zb_MTCallbackReceiveDataIndication
                        0x0021a04f    0x5c  Code  Gb  MT_SAPI.o [1]
zb_MTCallbackSendDataConfirm
                        0x00219fdb    0x10  Code  Gb  MT_SAPI.o [1]
zb_MTCallbackStartConfirm
                        0x00219fd1     0xa  Code  Gb  MT_SAPI.o [1]
zb_PermitJoiningRequest
                        0x00215cb7    0x18  Code  Gb  sapi.o [1]
zb_ReadConfiguration    0x00215d85    0x24  Code  Gb  sapi.o [1]
zb_SendDataRequest      0x00215d1b    0x6a  Code  Gb  sapi.o [1]
zb_StartRequest         0x00215b7d    0x38  Code  Gb  sapi.o [1]
zb_SystemReset          0x00215b79     0x4  Code  Gb  sapi.o [1]
zb_WriteConfiguration   0x00215da9     0xa  Code  Gb  sapi.o [1]
zdappHoldKeys           0x20004196     0x1  Data  Lc  ZDApp.o [1]
zdappMgmtNwkDiscReqInProgress
                        0x2000418d     0x1  Data  Gb  ZDApp.o [1]
zdappMgmtNwkDiscRspAddr
                        0x20005124     0xc  Data  Gb  ZDApp.o [1]
zdappMgmtNwkDiscRspTransSeq
                        0x20005255     0x1  Data  Gb  ZDApp.o [1]
zdappMgmtNwkDiscStartIndex
                        0x20005256     0x1  Data  Gb  ZDApp.o [1]
zdoCBFunc               0x20004198    0x24  Data  Gb  ZDApp.o [1]
zdoDiscCounter          0x2000418c     0x1  Data  Gb  ZDApp.o [1]
zdoMsgCBs               0x20005208     0x4  Data  Gb  ZDProfile.o [1]
zdoSendStateChangeMsg   0x00210763    0x3e  Code  Lc  ZDObject.o [1]
zdpExternalStateTaskID  0x200043b4     0x2  Data  Gb  ZDObject.o [1]
zdpMsgProcs             0x002138a4    0xa8  Data  Gb  ZDProfile.o [1]
zdpProcessAddrReq       0x00212d29   0x1b8  Code  Gb  ZDProfile.o [1]
zgApsAckWaitMultiplier  0x200043e6     0x1  Data  Gb  ZGlobals.o [1]
zgApsAllowR19Sec        0x20005260     0x1  Data  Gb  ZGlobals.o [1]
zgApsDefaultMaxBindingTime
                        0x200043be     0x2  Data  Gb  ZGlobals.o [1]
zgApsLinkKeyType        0x200043ea     0x1  Data  Gb  ZGlobals.o [1]
zgApsMinDupRejTableSize
                        0x200043c4     0x2  Data  Gb  ZGlobals.o [1]
zgApsNonMemberRadius    0x200043e8     0x1  Data  Gb  ZGlobals.o [1]
zgApsTrustCenterAddr    0x200051a0     0x8  Data  Gb  ZGlobals.o [1]
zgApsUseExtendedPANID   0x200051a8     0x8  Data  Gb  ZGlobals.o [1]
zgApsUseInsecureJoin    0x200043e7     0x1  Data  Gb  ZGlobals.o [1]
zgApscAckWaitDurationPolled
                        0x200043bc     0x2  Data  Gb  ZGlobals.o [1]
zgApscDupRejTimeoutCount
                        0x200043e9     0x1  Data  Gb  ZGlobals.o [1]
zgApscDupRejTimeoutInc  0x200043c2     0x2  Data  Gb  ZGlobals.o [1]
zgApscMaxFrameRetries   0x200043e5     0x1  Data  Gb  ZGlobals.o [1]
zgBcastDeliveryTime     0x200043de     0x1  Data  Gb  ZGlobals.o [1]
zgChildAgingEnable      0x2000525e     0x1  Data  Gb  ZGlobals.o [1]
zgConcentratorDiscoveryTime
                        0x20005259     0x1  Data  Gb  ZGlobals.o [1]
zgConcentratorEnable    0x20005258     0x1  Data  Gb  ZGlobals.o [1]
zgConcentratorRC        0x2000525a     0x1  Data  Gb  ZGlobals.o [1]
zgConcentratorRadius    0x200043e0     0x1  Data  Gb  ZGlobals.o [1]
zgConfigPANID           0x200043c6     0x2  Data  Gb  ZGlobals.o [1]
zgDefaultChannelList    0x20004254     0x4  Data  Gb  ZGlobals.o [1]
zgDefaultRejoinBackoff  0x2000424c     0x4  Data  Gb  ZGlobals.o [1]
zgDefaultRejoinScan     0x20004250     0x4  Data  Gb  ZGlobals.o [1]
zgDefaultStartingScanDuration
                        0x200043d5     0x1  Data  Gb  ZGlobals.o [1]
zgDeviceLogicalType     0x20005261     0x1  Data  Gb  ZGlobals.o [1]
zgEndDeviceConfiguration
                        0x2000525d     0x1  Data  Gb  ZGlobals.o [1]
zgEndDeviceKAInterval   0x2000520c     0x4  Data  Gb  ZGlobals.o [1]
zgEndDeviceTimeoutValue
                        0x200043e4     0x1  Data  Gb  ZGlobals.o [1]
zgExtendedPANID         0x20004244     0x8  Data  Gb  ZGlobals.o [1]
zgIndirectMsgTimeout    0x200043d7     0x1  Data  Gb  ZGlobals.o [1]
zgInit                  0x00212401    0xde  Code  Gb  ZGlobals.o [1]
zgInitItems             0x002124df    0x52  Code  Gb  ZGlobals.o [1]
zgItemTable             0x002125d0   0x1b8  Data  Lc  ZGlobals.o [1]
zgMaxBcastRetires       0x200043dc     0x1  Data  Gb  ZGlobals.o [1]
zgMaxDataRetries        0x200043d3     0x1  Data  Gb  ZGlobals.o [1]
zgMaxPollFailureRetries
                        0x200043d4     0x1  Data  Gb  ZGlobals.o [1]
zgNwkCommissionedNwkAddr
                        0x200043c0     0x2  Data  Gb  ZGlobals.o [1]
zgNwkEndDeviceTimeoutDefault
                        0x200043e3     0x1  Data  Gb  ZGlobals.o [1]
zgNwkLeaveRequestAllowed
                        0x200043e2     0x1  Data  Gb  ZGlobals.o [1]
zgNwkMgrMinTransmissions
                        0x200043ed     0x1  Data  Gb  ZGlobals.o [1]
zgNwkMgrMode            0x200043ee     0x1  Data  Gb  ZGlobals.o [1]
zgNwkMode               0x200043df     0x1  Data  Gb  ZGlobals.o [1]
zgNwkParentInformation  0x2000525c     0x1  Data  Gb  ZGlobals.o [1]
zgNwkSrcRtgExpiryTime   0x200043e1     0x1  Data  Gb  ZGlobals.o [1]
zgPassiveAckTimeout     0x200043dd     0x1  Data  Gb  ZGlobals.o [1]
zgPollRate              0x20004240     0x4  Data  Gb  ZGlobals.o [1]
zgPreConfigKeys         0x2000525f     0x1  Data  Gb  ZGlobals.o [1]
zgQueuedPollRate        0x200043b6     0x2  Data  Gb  ZGlobals.o [1]
zgReadStartupOptions    0x0021253d    0x1e  Code  Gb  ZGlobals.o [1]
zgRejoinPollRate        0x200043ba     0x2  Data  Gb  ZGlobals.o [1]
zgResponsePollRate      0x200043b8     0x2  Data  Gb  ZGlobals.o [1]
zgRouteDiscoveryTime    0x200043da     0x1  Data  Gb  ZGlobals.o [1]
zgRouteExpiryTime       0x200043db     0x1  Data  Gb  ZGlobals.o [1]
zgRouterOffAssocCleanup
                        0x2000525b     0x1  Data  Gb  ZGlobals.o [1]
zgSapiEndpoint          0x200043ef     0x1  Data  Gb  ZGlobals.o [1]
zgSecurePermitJoin      0x200043d9     0x1  Data  Gb  ZGlobals.o [1]
zgSecurityMode          0x200043d8     0x1  Data  Gb  ZGlobals.o [1]
zgSetItem               0x0021259d    0x32  Code  Gb  ZGlobals.o [1]
zgStackProfile          0x200043d6     0x1  Data  Gb  ZGlobals.o [1]
zgStartDelay            0x200043ec     0x1  Data  Gb  ZGlobals.o [1]
zgUseDefaultTCLK        0x200043eb     0x1  Data  Gb  ZGlobals.o [1]
zgWriteStartupOptions   0x0021255b    0x36  Code  Gb  ZGlobals.o [1]
zgZdoDirectCB           0x20005262     0x1  Data  Gb  ZGlobals.o [1]
zmacCBSizeTable         0x002165e0    0x14  Data  Gb  zmac_cb.o [1]
zmain_ext_addr          0x0021b1ef    0xb6  Code  Lc  ZMain.o [1]
znpCfg0                 0x20005264     0x1  Data  Gb  znp_app.o [1]
znpCfg1                 0x200050c0     0x1  Data  Gb  znp_app.o [1]
znpEventLoop            0x00214a83   0x1d4  Code  Gb  znp_app.o [1]
znpInit                 0x00214a79     0xa  Code  Gb  znp_app.o [1]


[1] = D:\Zigbee\Software\Z-Stack Home 1.2.2a.44539\Projects\zstack\ZNP\CC2538\ZNP SBL\Obj
[2] = command line
[3] = AllDevice.a
[4] = Ecc.a
[5] = TIMAC-CC2538.a
[6] = bsp_no_lcd_buf.lib
[7] = dl7M_tln.a
[8] = rt7M_tl.a
[9] = sdriverlib.lib
[10] = shb_l.a

  111 473 bytes of readonly  code memory
      939 bytes of readonly  data memory
   12 908 bytes of readwrite data memory (+ 12 288 absolute)

Errors: none
Warnings: 1
